Archive member included to satisfy reference by file (symbol)

D:/msys64/mingw64/bin/../lib/gcc/arm-none-eabi/13.3.0/../../../../arm-none-eabi/lib/thumb/v7e-m+fp/hard\libc_nano.a(libc_a-atexit.o)
                              D:/msys64/mingw64/bin/../lib/gcc/arm-none-eabi/13.3.0/../../../../arm-none-eabi/lib/thumb/v7e-m+fp/hard/crt0.o (atexit)
D:/msys64/mingw64/bin/../lib/gcc/arm-none-eabi/13.3.0/../../../../arm-none-eabi/lib/thumb/v7e-m+fp/hard\libc_nano.a(libc_a-exit.o)
                              D:/msys64/mingw64/bin/../lib/gcc/arm-none-eabi/13.3.0/../../../../arm-none-eabi/lib/thumb/v7e-m+fp/hard/crt0.o (exit)
D:/msys64/mingw64/bin/../lib/gcc/arm-none-eabi/13.3.0/../../../../arm-none-eabi/lib/thumb/v7e-m+fp/hard\libc_nano.a(libc_a-findfp.o)
                              D:/msys64/mingw64/bin/../lib/gcc/arm-none-eabi/13.3.0/../../../../arm-none-eabi/lib/thumb/v7e-m+fp/hard\libc_nano.a(libc_a-exit.o) (__stdio_exit_handler)
D:/msys64/mingw64/bin/../lib/gcc/arm-none-eabi/13.3.0/../../../../arm-none-eabi/lib/thumb/v7e-m+fp/hard\libc_nano.a(libc_a-fwalk.o)
                              D:/msys64/mingw64/bin/../lib/gcc/arm-none-eabi/13.3.0/../../../../arm-none-eabi/lib/thumb/v7e-m+fp/hard\libc_nano.a(libc_a-findfp.o) (_fwalk_sglue)
D:/msys64/mingw64/bin/../lib/gcc/arm-none-eabi/13.3.0/../../../../arm-none-eabi/lib/thumb/v7e-m+fp/hard\libc_nano.a(libc_a-stdio.o)
                              D:/msys64/mingw64/bin/../lib/gcc/arm-none-eabi/13.3.0/../../../../arm-none-eabi/lib/thumb/v7e-m+fp/hard\libc_nano.a(libc_a-findfp.o) (__sread)
D:/msys64/mingw64/bin/../lib/gcc/arm-none-eabi/13.3.0/../../../../arm-none-eabi/lib/thumb/v7e-m+fp/hard\libc_nano.a(libc_a-memset.o)
                              D:/msys64/mingw64/bin/../lib/gcc/arm-none-eabi/13.3.0/../../../../arm-none-eabi/lib/thumb/v7e-m+fp/hard/crt0.o (memset)
D:/msys64/mingw64/bin/../lib/gcc/arm-none-eabi/13.3.0/../../../../arm-none-eabi/lib/thumb/v7e-m+fp/hard\libc_nano.a(libc_a-closer.o)
                              D:/msys64/mingw64/bin/../lib/gcc/arm-none-eabi/13.3.0/../../../../arm-none-eabi/lib/thumb/v7e-m+fp/hard\libc_nano.a(libc_a-stdio.o) (_close_r)
D:/msys64/mingw64/bin/../lib/gcc/arm-none-eabi/13.3.0/../../../../arm-none-eabi/lib/thumb/v7e-m+fp/hard\libc_nano.a(libc_a-reent.o)
                              D:/msys64/mingw64/bin/../lib/gcc/arm-none-eabi/13.3.0/../../../../arm-none-eabi/lib/thumb/v7e-m+fp/hard\libc_nano.a(libc_a-closer.o) (errno)
D:/msys64/mingw64/bin/../lib/gcc/arm-none-eabi/13.3.0/../../../../arm-none-eabi/lib/thumb/v7e-m+fp/hard\libc_nano.a(libc_a-impure.o)
                              D:/msys64/mingw64/bin/../lib/gcc/arm-none-eabi/13.3.0/../../../../arm-none-eabi/lib/thumb/v7e-m+fp/hard\libc_nano.a(libc_a-reent.o) (_impure_ptr)
D:/msys64/mingw64/bin/../lib/gcc/arm-none-eabi/13.3.0/../../../../arm-none-eabi/lib/thumb/v7e-m+fp/hard\libc_nano.a(libc_a-lseekr.o)
                              D:/msys64/mingw64/bin/../lib/gcc/arm-none-eabi/13.3.0/../../../../arm-none-eabi/lib/thumb/v7e-m+fp/hard\libc_nano.a(libc_a-stdio.o) (_lseek_r)
D:/msys64/mingw64/bin/../lib/gcc/arm-none-eabi/13.3.0/../../../../arm-none-eabi/lib/thumb/v7e-m+fp/hard\libc_nano.a(libc_a-readr.o)
                              D:/msys64/mingw64/bin/../lib/gcc/arm-none-eabi/13.3.0/../../../../arm-none-eabi/lib/thumb/v7e-m+fp/hard\libc_nano.a(libc_a-stdio.o) (_read_r)
D:/msys64/mingw64/bin/../lib/gcc/arm-none-eabi/13.3.0/../../../../arm-none-eabi/lib/thumb/v7e-m+fp/hard\libc_nano.a(libc_a-writer.o)
                              D:/msys64/mingw64/bin/../lib/gcc/arm-none-eabi/13.3.0/../../../../arm-none-eabi/lib/thumb/v7e-m+fp/hard\libc_nano.a(libc_a-stdio.o) (_write_r)
D:/msys64/mingw64/bin/../lib/gcc/arm-none-eabi/13.3.0/../../../../arm-none-eabi/lib/thumb/v7e-m+fp/hard\libc_nano.a(libc_a-errno.o)
                              build/sysmem.o (__errno)
D:/msys64/mingw64/bin/../lib/gcc/arm-none-eabi/13.3.0/../../../../arm-none-eabi/lib/thumb/v7e-m+fp/hard\libc_nano.a(libc_a-init.o)
                              D:/msys64/mingw64/bin/../lib/gcc/arm-none-eabi/13.3.0/../../../../arm-none-eabi/lib/thumb/v7e-m+fp/hard/crt0.o (__libc_init_array)
D:/msys64/mingw64/bin/../lib/gcc/arm-none-eabi/13.3.0/../../../../arm-none-eabi/lib/thumb/v7e-m+fp/hard\libc_nano.a(libc_a-fini.o)
                              D:/msys64/mingw64/bin/../lib/gcc/arm-none-eabi/13.3.0/../../../../arm-none-eabi/lib/thumb/v7e-m+fp/hard/crt0.o (__libc_fini_array)
D:/msys64/mingw64/bin/../lib/gcc/arm-none-eabi/13.3.0/../../../../arm-none-eabi/lib/thumb/v7e-m+fp/hard\libc_nano.a(libc_a-lock.o)
                              D:/msys64/mingw64/bin/../lib/gcc/arm-none-eabi/13.3.0/../../../../arm-none-eabi/lib/thumb/v7e-m+fp/hard\libc_nano.a(libc_a-findfp.o) (__retarget_lock_init_recursive)
D:/msys64/mingw64/bin/../lib/gcc/arm-none-eabi/13.3.0/../../../../arm-none-eabi/lib/thumb/v7e-m+fp/hard\libc_nano.a(libc_a-__atexit.o)
[...]
Memory Configuration

Name             Origin             Length             Attributes
RAM              0x20000000         0x00020000         xrw
FLASH            0x08000000         0x00080000         xr
*default*        0x00000000         0xffffffff

Linker script and memory map

LOAD D:/msys64/mingw64/bin/../lib/gcc/arm-none-eabi/13.3.0/thumb/v7e-m+fp/hard/crti.o
LOAD D:/msys64/mingw64/bin/../lib/gcc/arm-none-eabi/13.3.0/thumb/v7e-m+fp/hard/crtbegin.o
LOAD D:/msys64/mingw64/bin/../lib/gcc/arm-none-eabi/13.3.0/../../../../arm-none-eabi/lib/thumb/v7e-m+fp/hard/crt0.o
LOAD build/main.o
LOAD build/gpio.o
LOAD build/fdcan.o
LOAD build/tim.o
LOAD build/stm32g4xx_it.o
LOAD build/stm32g4xx_hal_msp.o
LOAD build/stm32g4xx_hal_fdcan.o
LOAD build/stm32g4xx_hal.o
LOAD build/stm32g4xx_hal_rcc.o
LOAD build/stm32g4xx_hal_rcc_ex.o
LOAD build/stm32g4xx_hal_flash.o
LOAD build/stm32g4xx_hal_flash_ex.o
LOAD build/stm32g4xx_hal_flash_ramfunc.o
LOAD build/stm32g4xx_hal_gpio.o
LOAD build/stm32g4xx_hal_exti.o
LOAD build/stm32g4xx_hal_dma.o
LOAD build/stm32g4xx_hal_dma_ex.o
LOAD build/stm32g4xx_hal_pwr.o
LOAD build/stm32g4xx_hal_pwr_ex.o
LOAD build/stm32g4xx_hal_cortex.o
LOAD build/stm32g4xx_hal_tim.o
LOAD build/stm32g4xx_hal_tim_ex.o
LOAD build/system_stm32g4xx.o
LOAD build/sysmem.o
LOAD build/syscalls.o
LOAD build/bsp_fdcan.o
LOAD build/GIM6010.o
LOAD build/GIM6010_8.o
LOAD build/startup_stm32g474xx.o
LOAD D:/msys64/mingw64/bin/../lib/gcc/arm-none-eabi/13.3.0/../../../../arm-none-eabi/lib/thumb/v7e-m+fp/hard\libc_nano.a
LOAD D:/msys64/mingw64/bin/../lib/gcc/arm-none-eabi/13.3.0/../../../../arm-none-eabi/lib/thumb/v7e-m+fp/hard\libm.a
LOAD D:/msys64/mingw64/bin/../lib/gcc/arm-none-eabi/13.3.0/../../../../arm-none-eabi/lib/thumb/v7e-m+fp/hard\libnosys.a
START GROUP
LOAD D:/msys64/mingw64/bin/../lib/gcc/arm-none-eabi/13.3.0/thumb/v7e-m+fp/hard\libgcc.a
LOAD D:/msys64/mingw64/bin/../lib/gcc/arm-none-eabi/13.3.0/../../../../arm-none-eabi/lib/thumb/v7e-m+fp/hard\libc_nano.a
END GROUP
START GROUP
LOAD D:/msys64/mingw64/bin/../lib/gcc/arm-none-eabi/13.3.0/thumb/v7e-m+fp/hard\libgcc.a
LOAD D:/msys64/mingw64/bin/../lib/gcc/arm-none-eabi/13.3.0/../../../../arm-none-eabi/lib/thumb/v7e-m+fp/hard\libc_nano.a
END GROUP
LOAD D:/msys64/mingw64/bin/../lib/gcc/arm-none-eabi/13.3.0/thumb/v7e-m+fp/hard/crtend.o
LOAD D:/msys64/mingw64/bin/../lib/gcc/arm-none-eabi/13.3.0/thumb/v7e-m+fp/hard/crtn.o
                0x20020000                        _estack = (ORIGIN (RAM) + LENGTH (RAM))
                0x00000200                        _Min_Heap_Size = 0x200
                0x00000400                        _Min_Stack_Size = 0x400

.isr_vector     0x08000000      0x1d8
                0x08000000                        . = ALIGN (0x4)
 *(.isr_vector)
 .isr_vector    0x08000000      0x1d8 build/startup_stm32g474xx.o
                0x08000000                g_pfnVectors
                0x080001d8                        . = ALIGN (0x4)

.text           0x080001d8     0x3230
                0x080001d8                        . = ALIGN (0x4)
 *(.text)
 .text          0x080001d8       0xa4 D:/msys64/mingw64/bin/../lib/gcc/arm-none-eabi/13.3.0/../../../../arm-none-eabi/lib/thumb/v7e-m+fp/hard\libc_nano.a(libc_a-memset.o)
                0x080001d8                memset
 .text          0x0800027c       0x50 D:/msys64/mingw64/bin/../lib/gcc/arm-none-eabi/13.3.0/../../../../arm-none-eabi/lib/thumb/v7e-m+fp/hard\libc_nano.a(libc_a-init.o)
                0x0800027c                __libc_init_array
 *(.text*)
 .text.__do_global_dtors_aux
                0x080002cc       0x24 D:/msys64/mingw64/bin/../lib/gcc/arm-none-eabi/13.3.0/thumb/v7e-m+fp/hard/crtbegin.o
 .text.frame_dummy
                0x080002f0       0x1c D:/msys64/mingw64/bin/../lib/gcc/arm-none-eabi/13.3.0/thumb/v7e-m+fp/hard/crtbegin.o
 .text.main     0x0800030c       0x40 build/main.o
                0x0800030c                main
 .text.SystemClock_Config
                0x0800034c       0x92 build/main.o
                0x0800034c                SystemClock_Config
 *fill*         0x080003de        0x2 
 .text.Error_Handler
                0x080003e0       0x1c build/main.o
                0x080003e0                Error_Handler
 .text.MX_GPIO_Init
                0x080003fc       0x60 build/gpio.o
                0x080003fc                MX_GPIO_Init
 .text.MX_FDCAN1_Init
                0x0800045c       0x8c build/fdcan.o
                0x0800045c                MX_FDCAN1_Init
 .text.HAL_FDCAN_MspInit
                0x080004e8       0xc8 build/fdcan.o
                0x080004e8                HAL_FDCAN_MspInit
 .text.MX_TIM6_Init
                0x080005b0       0x6c build/tim.o
                0x080005b0                MX_TIM6_Init
 .text.HAL_TIM_Base_MspInit
                0x0800061c       0x4c build/tim.o
                0x0800061c                HAL_TIM_Base_MspInit
 .text.NMI_Handler
                0x08000668        0x8 build/stm32g4xx_it.o
                0x08000668                NMI_Handler
 .text.HardFault_Handler
                0x08000670        0x8 build/stm32g4xx_it.o
                0x08000670                HardFault_Handler
 .text.MemManage_Handler
                0x08000678        0x8 build/stm32g4xx_it.o
                0x08000678                MemManage_Handler
 .text.BusFault_Handler
                0x08000680        0x8 build/stm32g4xx_it.o
                0x08000680                BusFault_Handler
 .text.UsageFault_Handler
                0x08000688        0x8 build/stm32g4xx_it.o
                0x08000688                UsageFault_Handler
 .text.SVC_Handler
                0x08000690        0xe build/stm32g4xx_it.o
                0x08000690                SVC_Handler
 .text.DebugMon_Handler
                0x0800069e        0xe build/stm32g4xx_it.o
                0x0800069e                DebugMon_Handler
 .text.PendSV_Handler
                0x080006ac        0xe build/stm32g4xx_it.o
                0x080006ac                PendSV_Handler
 .text.SysTick_Handler
                0x080006ba        0xc build/stm32g4xx_it.o
                0x080006ba                SysTick_Handler
 *fill*         0x080006c6        0x2 
 .text.FDCAN1_IT0_IRQHandler
                0x080006c8       0x14 build/stm32g4xx_it.o
                0x080006c8                FDCAN1_IT0_IRQHandler
 .text.TIM6_DAC_IRQHandler
                0x080006dc       0x14 build/stm32g4xx_it.o
                0x080006dc                TIM6_DAC_IRQHandler
 .text.HAL_MspInit
                0x080006f0       0x48 build/stm32g4xx_hal_msp.o
                0x080006f0                HAL_MspInit
 .text.HAL_FDCAN_Init
                0x08000738      0x2b4 build/stm32g4xx_hal_fdcan.o
                0x08000738                HAL_FDCAN_Init
 .text.HAL_FDCAN_ConfigFilter
                0x080009ec       0xb4 build/stm32g4xx_hal_fdcan.o
                0x080009ec                HAL_FDCAN_ConfigFilter
 .text.HAL_FDCAN_Start
                0x08000aa0       0x50 build/stm32g4xx_hal_fdcan.o
                0x08000aa0                HAL_FDCAN_Start
 .text.HAL_FDCAN_AddMessageToTxFifoQ
                0x08000af0       0x88 build/stm32g4xx_hal_fdcan.o
                0x08000af0                HAL_FDCAN_AddMessageToTxFifoQ
 .text.HAL_FDCAN_AbortTxRequest
                0x08000b78       0x3e build/stm32g4xx_hal_fdcan.o
                0x08000b78                HAL_FDCAN_AbortTxRequest
 *fill*         0x08000bb6        0x2 
 .text.HAL_FDCAN_GetRxMessage
                0x08000bb8      0x210 build/stm32g4xx_hal_fdcan.o
                0x08000bb8                HAL_FDCAN_GetRxMessage
 .text.HAL_FDCAN_GetTxFifoFreeLevel
                0x08000dc8       0x24 build/stm32g4xx_hal_fdcan.o
                0x08000dc8                HAL_FDCAN_GetTxFifoFreeLevel
 .text.HAL_FDCAN_ActivateNotification
                0x08000dec      0x1cc build/stm32g4xx_hal_fdcan.o
                0x08000dec                HAL_FDCAN_ActivateNotification
 .text.HAL_FDCAN_IRQHandler
                0x08000fb8      0x266 build/stm32g4xx_hal_fdcan.o
                0x08000fb8                HAL_FDCAN_IRQHandler
 .text.HAL_FDCAN_TxEventFifoCallback
                0x0800121e       0x16 build/stm32g4xx_hal_fdcan.o
                0x0800121e                HAL_FDCAN_TxEventFifoCallback
 .text.HAL_FDCAN_RxFifo1Callback
                0x08001234       0x16 build/stm32g4xx_hal_fdcan.o
                0x08001234                HAL_FDCAN_RxFifo1Callback
 .text.HAL_FDCAN_TxFifoEmptyCallback
                0x0800124a       0x14 build/stm32g4xx_hal_fdcan.o
                0x0800124a                HAL_FDCAN_TxFifoEmptyCallback
 .text.HAL_FDCAN_TxBufferCompleteCallback
                0x0800125e       0x16 build/stm32g4xx_hal_fdcan.o
                0x0800125e                HAL_FDCAN_TxBufferCompleteCallback
 .text.HAL_FDCAN_TxBufferAbortCallback
                0x08001274       0x16 build/stm32g4xx_hal_fdcan.o
                0x08001274                HAL_FDCAN_TxBufferAbortCallback
 .text.HAL_FDCAN_TimestampWraparoundCallback
                0x0800128a       0x14 build/stm32g4xx_hal_fdcan.o
                0x0800128a                HAL_FDCAN_TimestampWraparoundCallback
 .text.HAL_FDCAN_TimeoutOccurredCallback
                0x0800129e       0x14 build/stm32g4xx_hal_fdcan.o
                0x0800129e                HAL_FDCAN_TimeoutOccurredCallback
 .text.HAL_FDCAN_HighPriorityMessageCallback
                0x080012b2       0x14 build/stm32g4xx_hal_fdcan.o
                0x080012b2                HAL_FDCAN_HighPriorityMessageCallback
 .text.HAL_FDCAN_ErrorCallback
                0x080012c6       0x14 build/stm32g4xx_hal_fdcan.o
                0x080012c6                HAL_FDCAN_ErrorCallback
 .text.HAL_FDCAN_ErrorStatusCallback
                0x080012da       0x16 build/stm32g4xx_hal_fdcan.o
                0x080012da                HAL_FDCAN_ErrorStatusCallback
 .text.FDCAN_CalcultateRamBlockAddresses
                0x080012f0       0xd8 build/stm32g4xx_hal_fdcan.o
 .text.FDCAN_CopyMessageToRAM
                0x080013c8       0xf8 build/stm32g4xx_hal_fdcan.o
 .text.HAL_Init
                0x080014c0       0x30 build/stm32g4xx_hal.o
                0x080014c0                HAL_Init
 .text.HAL_InitTick
                0x080014f0       0x74 build/stm32g4xx_hal.o
                0x080014f0                HAL_InitTick
 .text.HAL_IncTick
                0x08001564       0x24 build/stm32g4xx_hal.o
                0x08001564                HAL_IncTick
 .text.HAL_GetTick
                0x08001588       0x18 build/stm32g4xx_hal.o
                0x08001588                HAL_GetTick
 .text.HAL_Delay
                0x080015a0       0x44 build/stm32g4xx_hal.o
                0x080015a0                HAL_Delay
 .text.HAL_RCC_OscConfig
                0x080015e4      0x624 build/stm32g4xx_hal_rcc.o
                0x080015e4                HAL_RCC_OscConfig
 .text.HAL_RCC_ClockConfig
                0x08001c08      0x278 build/stm32g4xx_hal_rcc.o
                0x08001c08                HAL_RCC_ClockConfig
 .text.HAL_RCC_GetSysClockFreq
                0x08001e80       0xc4 build/stm32g4xx_hal_rcc.o
                0x08001e80                HAL_RCC_GetSysClockFreq
 .text.RCC_GetSysClockFreqFromPLLSource
                0x08001f44       0x8c build/stm32g4xx_hal_rcc.o
 .text.HAL_RCCEx_PeriphCLKConfig
                0x08001fd0      0x49c build/stm32g4xx_hal_rcc_ex.o
                0x08001fd0                HAL_RCCEx_PeriphCLKConfig
 .text.HAL_GPIO_Init
                0x0800246c      0x304 build/stm32g4xx_hal_gpio.o
                0x0800246c                HAL_GPIO_Init
 .text.HAL_PWREx_ControlVoltageScaling
                0x08002770      0x148 build/stm32g4xx_hal_pwr_ex.o
                0x08002770                HAL_PWREx_ControlVoltageScaling
 .text.HAL_PWREx_DisableUCPDDeadBattery
                0x080028b8       0x20 build/stm32g4xx_hal_pwr_ex.o
                0x080028b8                HAL_PWREx_DisableUCPDDeadBattery
 .text.__NVIC_SetPriorityGrouping
                0x080028d8       0x48 build/stm32g4xx_hal_cortex.o
 .text.__NVIC_GetPriorityGrouping
                0x08002920       0x1c build/stm32g4xx_hal_cortex.o
 .text.__NVIC_EnableIRQ
                0x0800293c       0x3c build/stm32g4xx_hal_cortex.o
 .text.__NVIC_SetPriority
                0x08002978       0x54 build/stm32g4xx_hal_cortex.o
 .text.NVIC_EncodePriority
                0x080029cc       0x66 build/stm32g4xx_hal_cortex.o
 *fill*         0x08002a32        0x2 
 .text.SysTick_Config
                0x08002a34       0x44 build/stm32g4xx_hal_cortex.o
 .text.HAL_NVIC_SetPriorityGrouping
                0x08002a78       0x16 build/stm32g4xx_hal_cortex.o
                0x08002a78                HAL_NVIC_SetPriorityGrouping
 .text.HAL_NVIC_SetPriority
                0x08002a8e       0x34 build/stm32g4xx_hal_cortex.o
                0x08002a8e                HAL_NVIC_SetPriority
 .text.HAL_NVIC_EnableIRQ
                0x08002ac2       0x1c build/stm32g4xx_hal_cortex.o
                0x08002ac2                HAL_NVIC_EnableIRQ
 .text.HAL_SYSTICK_Config
                0x08002ade       0x18 build/stm32g4xx_hal_cortex.o
                0x08002ade                HAL_SYSTICK_Config
 .text.HAL_TIM_Base_Init
                0x08002af6       0xae build/stm32g4xx_hal_tim.o
                0x08002af6                HAL_TIM_Base_Init
 .text.HAL_TIM_IRQHandler
                0x08002ba4      0x29e build/stm32g4xx_hal_tim.o
                0x08002ba4                HAL_TIM_IRQHandler
 .text.HAL_TIM_PeriodElapsedCallback
                0x08002e42       0x14 build/stm32g4xx_hal_tim.o
                0x08002e42                HAL_TIM_PeriodElapsedCallback
 .text.HAL_TIM_OC_DelayElapsedCallback
                0x08002e56       0x14 build/stm32g4xx_hal_tim.o
                0x08002e56                HAL_TIM_OC_DelayElapsedCallback
 .text.HAL_TIM_IC_CaptureCallback
                0x08002e6a       0x14 build/stm32g4xx_hal_tim.o
                0x08002e6a                HAL_TIM_IC_CaptureCallback
 .text.HAL_TIM_PWM_PulseFinishedCallback
                0x08002e7e       0x14 build/stm32g4xx_hal_tim.o
                0x08002e7e                HAL_TIM_PWM_PulseFinishedCallback
 .text.HAL_TIM_TriggerCallback
                0x08002e92       0x14 build/stm32g4xx_hal_tim.o
                0x08002e92                HAL_TIM_TriggerCallback
 *fill*         0x08002ea6        0x2 
 .text.TIM_Base_SetConfig
                0x08002ea8      0x168 build/stm32g4xx_hal_tim.o
                0x08002ea8                TIM_Base_SetConfig
 .text.HAL_TIMEx_MasterConfigSynchronization
                0x08003010      0x12c build/stm32g4xx_hal_tim_ex.o
                0x08003010                HAL_TIMEx_MasterConfigSynchronization
 .text.HAL_TIMEx_CommutCallback
                0x0800313c       0x14 build/stm32g4xx_hal_tim_ex.o
                0x0800313c                HAL_TIMEx_CommutCallback
 .text.HAL_TIMEx_BreakCallback
                0x08003150       0x14 build/stm32g4xx_hal_tim_ex.o
                0x08003150                HAL_TIMEx_BreakCallback
 .text.HAL_TIMEx_Break2Callback
                0x08003164       0x14 build/stm32g4xx_hal_tim_ex.o
                0x08003164                HAL_TIMEx_Break2Callback
 .text.HAL_TIMEx_EncoderIndexCallback
                0x08003178       0x14 build/stm32g4xx_hal_tim_ex.o
                0x08003178                HAL_TIMEx_EncoderIndexCallback
 .text.HAL_TIMEx_DirectionChangeCallback
                0x0800318c       0x14 build/stm32g4xx_hal_tim_ex.o
                0x0800318c                HAL_TIMEx_DirectionChangeCallback
 .text.HAL_TIMEx_IndexErrorCallback
                0x080031a0       0x14 build/stm32g4xx_hal_tim_ex.o
                0x080031a0                HAL_TIMEx_IndexErrorCallback
 .text.HAL_TIMEx_TransitionErrorCallback
                0x080031b4       0x14 build/stm32g4xx_hal_tim_ex.o
                0x080031b4                HAL_TIMEx_TransitionErrorCallback
 .text.SystemInit
                0x080031c8       0x24 build/system_stm32g4xx.o
                0x080031c8                SystemInit
 .text.fdcan_user_init
                0x080031ec       0x50 build/bsp_fdcan.o
                0x080031ec                fdcan_user_init
 .text.fdcan_send_message
                0x0800323c       0x5c build/bsp_fdcan.o
                0x0800323c                fdcan_send_message
 .text.HAL_FDCAN_RxFifo0Callback
                0x08003298       0x24 build/bsp_fdcan.o
                0x08003298                HAL_FDCAN_RxFifo0Callback
 .text.FDCAN_Recieve_Message
                0x080032bc       0x22 build/bsp_fdcan.o
                0x080032bc                FDCAN_Recieve_Message
 *fill*         0x080032de        0x2 
 .text.GIMCANMotorSetMode
                0x080032e0       0x30 build/GIM6010_8.o
                0x080032e0                GIMCANMotorSetMode
 .text.fdcan1_rx_callback
                0x08003310       0x8c build/GIM6010_8.o
                0x08003310                fdcan1_rx_callback
 .text.Reset_Handler
                0x0800339c       0x50 build/startup_stm32g474xx.o
                0x0800339c                Reset_Handler
 .text.Default_Handler
                0x080033ec        0x2 build/startup_stm32g474xx.o
                0x080033ec                RTC_Alarm_IRQHandler
                0x080033ec                EXTI2_IRQHandler
                0x080033ec                TIM8_TRG_COM_IRQHandler
                0x080033ec                TIM8_CC_IRQHandler
                0x080033ec                HRTIM1_Master_IRQHandler
                0x080033ec                SPI4_IRQHandler
                0x080033ec                FDCAN3_IT0_IRQHandler
                0x080033ec                TIM1_CC_IRQHandler
                0x080033ec                HRTIM1_FLT_IRQHandler
                0x080033ec                HRTIM1_TIMF_IRQHandler
                0x080033ec                USB_HP_IRQHandler
                0x080033ec                CORDIC_IRQHandler
                0x080033ec                HRTIM1_TIMD_IRQHandler
                0x080033ec                DMA2_Channel8_IRQHandler
                0x080033ec                EXTI3_IRQHandler
                0x080033ec                I2C3_ER_IRQHandler
                0x080033ec                EXTI0_IRQHandler
                0x080033ec                I2C2_EV_IRQHandler
                0x080033ec                FPU_IRQHandler
                0x080033ec                FDCAN1_IT1_IRQHandler
                0x080033ec                TIM1_UP_TIM16_IRQHandler
                0x080033ec                ADC1_2_IRQHandler
                0x080033ec                HRTIM1_TIME_IRQHandler
                0x080033ec                SPI1_IRQHandler
                0x080033ec                HRTIM1_TIMC_IRQHandler
                0x080033ec                TIM8_UP_IRQHandler
                0x080033ec                DMA2_Channel2_IRQHandler
                0x080033ec                DMA1_Channel4_IRQHandler
                0x080033ec                TIM20_TRG_COM_IRQHandler
                0x080033ec                USART3_IRQHandler
                0x080033ec                DMA1_Channel7_IRQHandler
                0x080033ec                UART5_IRQHandler
                0x080033ec                ADC3_IRQHandler
                0x080033ec                TIM4_IRQHandler
                0x080033ec                DMA2_Channel1_IRQHandler
                0x080033ec                QUADSPI_IRQHandler
                0x080033ec                I2C1_EV_IRQHandler
                0x080033ec                DMA1_Channel6_IRQHandler
                0x080033ec                UART4_IRQHandler
                0x080033ec                DMA2_Channel4_IRQHandler
                0x080033ec                TIM3_IRQHandler
                0x080033ec                RCC_IRQHandler
                0x080033ec                TIM20_UP_IRQHandler
                0x080033ec                DMA1_Channel1_IRQHandler
                0x080033ec                Default_Handler
                0x080033ec                DMA2_Channel7_IRQHandler
                0x080033ec                RTC_TAMP_LSECSS_IRQHandler
                0x080033ec                FMAC_IRQHandler
                0x080033ec                EXTI15_10_IRQHandler
                0x080033ec                DMA1_Channel8_IRQHandler
                0x080033ec                HRTIM1_TIMA_IRQHandler
                0x080033ec                TIM7_DAC_IRQHandler
                0x080033ec                FDCAN3_IT1_IRQHandler
                0x080033ec                TIM5_IRQHandler
                0x080033ec                UCPD1_IRQHandler
                0x080033ec                I2C3_EV_IRQHandler
                0x080033ec                EXTI9_5_IRQHandler
                0x080033ec                RTC_WKUP_IRQHandler
                0x080033ec                PVD_PVM_IRQHandler
                0x080033ec                SPI2_IRQHandler
                0x080033ec                ADC5_IRQHandler
                0x080033ec                DMA2_Channel5_IRQHandler
                0x080033ec                CRS_IRQHandler
                0x080033ec                DMA1_Channel5_IRQHandler
                0x080033ec                USB_LP_IRQHandler
                0x080033ec                EXTI4_IRQHandler
                0x080033ec                RNG_IRQHandler
                0x080033ec                HRTIM1_TIMB_IRQHandler
                0x080033ec                TIM1_TRG_COM_TIM17_IRQHandler
                0x080033ec                FDCAN2_IT1_IRQHandler
                0x080033ec                DMA1_Channel3_IRQHandler
                0x080033ec                ADC4_IRQHandler
                0x080033ec                WWDG_IRQHandler
                0x080033ec                I2C4_EV_IRQHandler
                0x080033ec                FDCAN2_IT0_IRQHandler
                0x080033ec                LPUART1_IRQHandler
                0x080033ec                DMA2_Channel6_IRQHandler
                0x080033ec                TIM2_IRQHandler
                0x080033ec                COMP7_IRQHandler
                0x080033ec                COMP1_2_3_IRQHandler
                0x080033ec                EXTI1_IRQHandler
                0x080033ec                USART2_IRQHandler
                0x080033ec                COMP4_5_6_IRQHandler
                0x080033ec                TIM20_BRK_IRQHandler
                0x080033ec                I2C2_ER_IRQHandler
                0x080033ec                DMA1_Channel2_IRQHandler
                0x080033ec                TIM8_BRK_IRQHandler
                0x080033ec                FLASH_IRQHandler
                0x080033ec                TIM20_CC_IRQHandler
                0x080033ec                USART1_IRQHandler
                0x080033ec                SPI3_IRQHandler
                0x080033ec                I2C1_ER_IRQHandler
                0x080033ec                FMC_IRQHandler
                0x080033ec                LPTIM1_IRQHandler
                0x080033ec                DMAMUX_OVR_IRQHandler
                0x080033ec                I2C4_ER_IRQHandler
                0x080033ec                USBWakeUp_IRQHandler
                0x080033ec                SAI1_IRQHandler
                0x080033ec                DMA2_Channel3_IRQHandler
                0x080033ec                TIM1_BRK_TIM15_IRQHandler
 *(.glue_7)
 .glue_7        0x080033ee        0x0 linker stubs
 *(.glue_7t)
 .glue_7t       0x080033ee        0x0 linker stubs
 *(.eh_frame)
 *fill*         0x080033ee        0x2 
 .eh_frame      0x080033f0        0x0 D:/msys64/mingw64/bin/../lib/gcc/arm-none-eabi/13.3.0/thumb/v7e-m+fp/hard/crtbegin.o
 *(.init)
 .init          0x080033f0        0x4 D:/msys64/mingw64/bin/../lib/gcc/arm-none-eabi/13.3.0/thumb/v7e-m+fp/hard/crti.o
                0x080033f0                _init
 .init          0x080033f4        0x8 D:/msys64/mingw64/bin/../lib/gcc/arm-none-eabi/13.3.0/thumb/v7e-m+fp/hard/crtn.o
 *(.fini)
 .fini          0x080033fc        0x4 D:/msys64/mingw64/bin/../lib/gcc/arm-none-eabi/13.3.0/thumb/v7e-m+fp/hard/crti.o
                0x080033fc                _fini
 .fini          0x08003400        0x8 D:/msys64/mingw64/bin/../lib/gcc/arm-none-eabi/13.3.0/thumb/v7e-m+fp/hard/crtn.o
                0x08003408                        . = ALIGN (0x4)
                0x08003408                        _etext = .

.vfp11_veneer   0x08003408        0x0
 .vfp11_veneer  0x08003408        0x0 linker stubs

.v4_bx          0x08003408        0x0
 .v4_bx         0x08003408        0x0 linker stubs

.iplt           0x08003408        0x0
 .iplt          0x08003408        0x0 D:/msys64/mingw64/bin/../lib/gcc/arm-none-eabi/13.3.0/thumb/v7e-m+fp/hard/crtbegin.o

.rodata         0x08003408       0x20
                0x08003408                        . = ALIGN (0x4)
 *(.rodata)
 *(.rodata*)
 .rodata.DLCtoBytes
                0x08003408       0x10 build/stm32g4xx_hal_fdcan.o
 .rodata.AHBPrescTable
                0x08003418       0x10 build/system_stm32g4xx.o
                0x08003418                AHBPrescTable
                0x08003428                        . = ALIGN (0x4)

.rel.dyn        0x08003428        0x0
 .rel.iplt      0x08003428        0x0 D:/msys64/mingw64/bin/../lib/gcc/arm-none-eabi/13.3.0/thumb/v7e-m+fp/hard/crtbegin.o

.ARM.extab
 *(.ARM.extab* .gnu.linkonce.armextab.*)

.ARM            0x08003428        0x0
                0x08003428                        __exidx_start = .
 *(.ARM.exidx*)
                0x08003428                        __exidx_end = .

.preinit_array  0x08003428        0x0
                0x08003428                        PROVIDE (__preinit_array_start = .)
 *(.preinit_array*)
                0x08003428                        PROVIDE (__preinit_array_end = .)

.init_array     0x08003428        0x4
                0x08003428                        PROVIDE (__init_array_start = .)
 *(SORT_BY_NAME(.init_array.*))
 *(.init_array*)
 .init_array    0x08003428        0x4 D:/msys64/mingw64/bin/../lib/gcc/arm-none-eabi/13.3.0/thumb/v7e-m+fp/hard/crtbegin.o
                0x0800342c                        PROVIDE (__init_array_end = .)

.fini_array     0x0800342c        0x4
                0x0800342c                        PROVIDE (__fini_array_start = .)
 *(SORT_BY_NAME(.fini_array.*))
 *(.fini_array*)
 .fini_array    0x0800342c        0x4 D:/msys64/mingw64/bin/../lib/gcc/arm-none-eabi/13.3.0/thumb/v7e-m+fp/hard/crtbegin.o
                0x08003430                        PROVIDE (__fini_array_end = .)
                0x08003430                        _sidata = LOADADDR (.data)

.data           0x20000000        0xc load address 0x08003430
                0x20000000                        . = ALIGN (0x4)
                0x20000000                        _sdata = .
 *(.data)
 *(.data*)
 .data.uwTickPrio
                0x20000000        0x4 build/stm32g4xx_hal.o
                0x20000000                uwTickPrio
 .data.uwTickFreq
                0x20000004        0x4 build/stm32g4xx_hal.o
                0x20000004                uwTickFreq
 .data.SystemCoreClock
                0x20000008        0x4 build/system_stm32g4xx.o
                0x20000008                SystemCoreClock
                0x2000000c                        . = ALIGN (0x4)
                0x2000000c                        _edata = .

.igot.plt       0x2000000c        0x0 load address 0x0800343c
 .igot.plt      0x2000000c        0x0 D:/msys64/mingw64/bin/../lib/gcc/arm-none-eabi/13.3.0/thumb/v7e-m+fp/hard/crtbegin.o
                0x2000000c                        . = ALIGN (0x4)

.bss            0x2000000c       0xd8 load address 0x0800343c
                0x2000000c                        _sbss = .
                0x2000000c                        __bss_start__ = _sbss
 *(.bss)
 *(.bss*)
 .bss.completed.1
                0x2000000c        0x1 D:/msys64/mingw64/bin/../lib/gcc/arm-none-eabi/13.3.0/thumb/v7e-m+fp/hard/crtbegin.o
 *fill*         0x2000000d        0x3 
 .bss.object.0  0x20000010       0x18 D:/msys64/mingw64/bin/../lib/gcc/arm-none-eabi/13.3.0/thumb/v7e-m+fp/hard/crtbegin.o
 .bss.hfdcan1   0x20000028       0x64 build/fdcan.o
                0x20000028                hfdcan1
 .bss.htim6     0x2000008c       0x4c build/tim.o
                0x2000008c                htim6
 .bss.uwTick    0x200000d8        0x4 build/stm32g4xx_hal.o
                0x200000d8                uwTick
 .bss.GIM6010_Measure
                0x200000dc        0x8 build/GIM6010_8.o
                0x200000dc                GIM6010_Measure
 *(COMMON)
                0x200000e4                        . = ALIGN (0x4)
                0x200000e4                        _ebss = .
                0x200000e4                        __bss_end__ = _ebss

._user_heap_stack
                0x200000e4      0x604 load address 0x0800343c
                0x200000e8                        . = ALIGN (0x8)
 *fill*         0x200000e4        0x4 
                [!provide]                        PROVIDE (end = .)
                0x200000e8                        PROVIDE (_end = .)
                0x200002e8                        . = (. + _Min_Heap_Size)
 *fill*         0x200000e8      0x200 
                0x200006e8                        . = (. + _Min_Stack_Size)
 *fill*         0x200002e8      0x400 
                0x200006e8                        . = ALIGN (0x8)

/DISCARD/
 libc.a(*)
 libm.a(*)
 libgcc.a(*)

.ARM.attributes
                0x00000000       0x30
 *(.ARM.attributes)
 .ARM.attributes
                0x00000000       0x22 D:/msys64/mingw64/bin/../lib/gcc/arm-none-eabi/13.3.0/thumb/v7e-m+fp/hard/crti.o
 .ARM.attributes
                0x00000022       0x34 D:/msys64/mingw64/bin/../lib/gcc/arm-none-eabi/13.3.0/thumb/v7e-m+fp/hard/crtbegin.o
 .ARM.attributes
                0x00000056       0x34 build/main.o
 .ARM.attributes
                0x0000008a       0x34 build/gpio.o
 .ARM.attributes
                0x000000be       0x34 build/fdcan.o
 .ARM.attributes
                0x000000f2       0x34 build/tim.o
 .ARM.attributes
                0x00000126       0x34 build/stm32g4xx_it.o
 .ARM.attributes
                0x0000015a       0x34 build/stm32g4xx_hal_msp.o
 .ARM.attributes
                0x0000018e       0x34 build/stm32g4xx_hal_fdcan.o
 .ARM.attributes
                0x000001c2       0x34 build/stm32g4xx_hal.o
 .ARM.attributes
                0x000001f6       0x34 build/stm32g4xx_hal_rcc.o
 .ARM.attributes
                0x0000022a       0x34 build/stm32g4xx_hal_rcc_ex.o
 .ARM.attributes
                0x0000025e       0x34 build/stm32g4xx_hal_gpio.o
 .ARM.attributes
                0x00000292       0x34 build/stm32g4xx_hal_pwr_ex.o
 .ARM.attributes
                0x000002c6       0x34 build/stm32g4xx_hal_cortex.o
 .ARM.attributes
                0x000002fa       0x34 build/stm32g4xx_hal_tim.o
 .ARM.attributes
                0x0000032e       0x34 build/stm32g4xx_hal_tim_ex.o
 .ARM.attributes
                0x00000362       0x34 build/system_stm32g4xx.o
 .ARM.attributes
                0x00000396       0x34 build/bsp_fdcan.o
 .ARM.attributes
                0x000003ca       0x34 build/GIM6010_8.o
 .ARM.attributes
                0x000003fe       0x21 build/startup_stm32g474xx.o
 .ARM.attributes
                0x0000041f       0x34 D:/msys64/mingw64/bin/../lib/gcc/arm-none-eabi/13.3.0/../../../../arm-none-eabi/lib/thumb/v7e-m+fp/hard\libc_nano.a(libc_a-memset.o)
 .ARM.attributes
                0x00000453       0x34 D:/msys64/mingw64/bin/../lib/gcc/arm-none-eabi/13.3.0/../../../../arm-none-eabi/lib/thumb/v7e-m+fp/hard\libc_nano.a(libc_a-init.o)
 .ARM.attributes
                0x00000487       0x22 D:/msys64/mingw64/bin/../lib/gcc/arm-none-eabi/13.3.0/thumb/v7e-m+fp/hard/crtn.o
OUTPUT(build/GIM6010.elf elf32-littlearm)
LOAD linker stubs
LOAD D:/msys64/mingw64/bin/../lib/gcc/arm-none-eabi/13.3.0/../../../../arm-none-eabi/lib/thumb/v7e-m+fp/hard\libc.a
LOAD D:/msys64/mingw64/bin/../lib/gcc/arm-none-eabi/13.3.0/../../../../arm-none-eabi/lib/thumb/v7e-m+fp/hard\libm.a
LOAD D:/msys64/mingw64/bin/../lib/gcc/arm-none-eabi/13.3.0/thumb/v7e-m+fp/hard\libgcc.a

.debug_info     0x00000000    0x1188e
 .debug_info    0x00000000      0xa0f build/main.o
 .debug_info    0x00000a0f      0x39e build/gpio.o
 .debug_info    0x00000dad     0x1006 build/fdcan.o
 .debug_info    0x00001db3      0xfa5 build/tim.o
 .debug_info    0x00002d58      0xf4b build/stm32g4xx_it.o
 .debug_info    0x00003ca3      0x38d build/stm32g4xx_hal_msp.o
 .debug_info    0x00004030     0x1c23 build/stm32g4xx_hal_fdcan.o
 .debug_info    0x00005c53      0xd2d build/stm32g4xx_hal.o
 .debug_info    0x00006980      0xe10 build/stm32g4xx_hal_rcc.o
 .debug_info    0x00007790      0xeaf build/stm32g4xx_hal_rcc_ex.o
 .debug_info    0x0000863f      0x8f7 build/stm32g4xx_hal_gpio.o
 .debug_info    0x00008f36      0xabd build/stm32g4xx_hal_pwr_ex.o
 .debug_info    0x000099f3      0xf8f build/stm32g4xx_hal_cortex.o
 .debug_info    0x0000a982     0x3246 build/stm32g4xx_hal_tim.o
 .debug_info    0x0000dbc8     0x218d build/stm32g4xx_hal_tim_ex.o
 .debug_info    0x0000fd55      0x632 build/system_stm32g4xx.o
 .debug_info    0x00010387      0xa8f build/bsp_fdcan.o
 .debug_info    0x00010e16      0x808 build/GIM6010_8.o
 .debug_info    0x0001161e       0x30 build/startup_stm32g474xx.o
 .debug_info    0x0001164e      0x135 D:/msys64/mingw64/bin/../lib/gcc/arm-none-eabi/13.3.0/../../../../arm-none-eabi/lib/thumb/v7e-m+fp/hard\libc_nano.a(libc_a-memset.o)
 .debug_info    0x00011783      0x10b D:/msys64/mingw64/bin/../lib/gcc/arm-none-eabi/13.3.0/../../../../arm-none-eabi/lib/thumb/v7e-m+fp/hard\libc_nano.a(libc_a-init.o)

.debug_abbrev   0x00000000     0x23dc
 .debug_abbrev  0x00000000      0x203 build/main.o
 .debug_abbrev  0x00000203       0xc1 build/gpio.o
 .debug_abbrev  0x000002c4      0x1c7 build/fdcan.o
 .debug_abbrev  0x0000048b      0x1f5 build/tim.o
 .debug_abbrev  0x00000680      0x192 build/stm32g4xx_it.o
 .debug_abbrev  0x00000812       0xd4 build/stm32g4xx_hal_msp.o
 .debug_abbrev  0x000008e6      0x1db build/stm32g4xx_hal_fdcan.o
 .debug_abbrev  0x00000ac1      0x268 build/stm32g4xx_hal.o
 .debug_abbrev  0x00000d29      0x2bc build/stm32g4xx_hal_rcc.o
 .debug_abbrev  0x00000fe5      0x246 build/stm32g4xx_hal_rcc_ex.o
 .debug_abbrev  0x0000122b      0x1ba build/stm32g4xx_hal_gpio.o
 .debug_abbrev  0x000013e5      0x228 build/stm32g4xx_hal_pwr_ex.o
 .debug_abbrev  0x0000160d      0x2ea build/stm32g4xx_hal_cortex.o
 .debug_abbrev  0x000018f7      0x272 build/stm32g4xx_hal_tim.o
 .debug_abbrev  0x00001b69      0x28f build/stm32g4xx_hal_tim_ex.o
 .debug_abbrev  0x00001df8      0x115 build/system_stm32g4xx.o
 .debug_abbrev  0x00001f0d      0x1a5 build/bsp_fdcan.o
 .debug_abbrev  0x000020b2      0x18d build/GIM6010_8.o
 .debug_abbrev  0x0000223f       0x1d build/startup_stm32g474xx.o
 .debug_abbrev  0x0000225c       0xb7 D:/msys64/mingw64/bin/../lib/gcc/arm-none-eabi/13.3.0/../../../../arm-none-eabi/lib/thumb/v7e-m+fp/hard\libc_nano.a(libc_a-memset.o)
 .debug_abbrev  0x00002313       0xc9 D:/msys64/mingw64/bin/../lib/gcc/arm-none-eabi/13.3.0/../../../../arm-none-eabi/lib/thumb/v7e-m+fp/hard\libc_nano.a(libc_a-init.o)

.debug_loc      0x00000000     0x89f8
 .debug_loc     0x00000000       0xaa build/main.o
 .debug_loc     0x000000aa       0x5c build/gpio.o
 .debug_loc     0x00000106       0xce build/fdcan.o
 .debug_loc     0x000001d4       0xf0 build/tim.o
 .debug_loc     0x000002c4      0x22c build/stm32g4xx_it.o
 .debug_loc     0x000004f0       0x50 build/stm32g4xx_hal_msp.o
 .debug_loc     0x00000540     0x1600 build/stm32g4xx_hal_fdcan.o
 .debug_loc     0x00001b40      0xa9c build/stm32g4xx_hal.o
 .debug_loc     0x000025dc      0x488 build/stm32g4xx_hal_rcc.o
 .debug_loc     0x00002a64      0x59c build/stm32g4xx_hal_rcc_ex.o
 .debug_loc     0x00003000      0x2d4 build/stm32g4xx_hal_gpio.o
 .debug_loc     0x000032d4      0xaac build/stm32g4xx_hal_pwr_ex.o
 .debug_loc     0x00003d80      0x9f4 build/stm32g4xx_hal_cortex.o
 .debug_loc     0x00004774     0x2858 build/stm32g4xx_hal_tim.o
 .debug_loc     0x00006fcc     0x1764 build/stm32g4xx_hal_tim_ex.o
 .debug_loc     0x00008730       0xa0 build/system_stm32g4xx.o
 .debug_loc     0x000087d0      0x188 build/bsp_fdcan.o
 .debug_loc     0x00008958       0xa0 build/GIM6010_8.o

.debug_aranges  0x00000000      0xfa0
 .debug_aranges
                0x00000000       0x30 build/main.o
 .debug_aranges
                0x00000030       0x20 build/gpio.o
 .debug_aranges
                0x00000050       0x30 build/fdcan.o
 .debug_aranges
                0x00000080       0x30 build/tim.o
 .debug_aranges
                0x000000b0       0x70 build/stm32g4xx_it.o
 .debug_aranges
                0x00000120       0x20 build/stm32g4xx_hal_msp.o
 .debug_aranges
                0x00000140      0x208 build/stm32g4xx_hal_fdcan.o
 .debug_aranges
                0x00000348      0x148 build/stm32g4xx_hal.o
 .debug_aranges
                0x00000490       0x98 build/stm32g4xx_hal_rcc.o
 .debug_aranges
                0x00000528       0xb0 build/stm32g4xx_hal_rcc_ex.o
 .debug_aranges
                0x000005d8       0x58 build/stm32g4xx_hal_gpio.o
 .debug_aranges
                0x00000630      0x140 build/stm32g4xx_hal_pwr_ex.o
 .debug_aranges
                0x00000770      0x118 build/stm32g4xx_hal_cortex.o
 .debug_aranges
                0x00000888      0x3e0 build/stm32g4xx_hal_tim.o
 .debug_aranges
                0x00000c68      0x240 build/stm32g4xx_hal_tim_ex.o
 .debug_aranges
                0x00000ea8       0x28 build/system_stm32g4xx.o
 .debug_aranges
                0x00000ed0       0x40 build/bsp_fdcan.o
 .debug_aranges
                0x00000f10       0x28 build/GIM6010_8.o
 .debug_aranges
                0x00000f38       0x28 build/startup_stm32g474xx.o
 .debug_aranges
                0x00000f60       0x20 D:/msys64/mingw64/bin/../lib/gcc/arm-none-eabi/13.3.0/../../../../arm-none-eabi/lib/thumb/v7e-m+fp/hard\libc_nano.a(libc_a-memset.o)
 .debug_aranges
                0x00000f80       0x20 D:/msys64/mingw64/bin/../lib/gcc/arm-none-eabi/13.3.0/../../../../arm-none-eabi/lib/thumb/v7e-m+fp/hard\libc_nano.a(libc_a-init.o)

.debug_ranges   0x00000000      0xe38
 .debug_ranges  0x00000000       0x20 build/main.o
 .debug_ranges  0x00000020       0x10 build/gpio.o
 .debug_ranges  0x00000030       0x20 build/fdcan.o
 .debug_ranges  0x00000050       0x20 build/tim.o
 .debug_ranges  0x00000070       0x60 build/stm32g4xx_it.o
 .debug_ranges  0x000000d0       0x10 build/stm32g4xx_hal_msp.o
 .debug_ranges  0x000000e0      0x1f8 build/stm32g4xx_hal_fdcan.o
 .debug_ranges  0x000002d8      0x138 build/stm32g4xx_hal.o
 .debug_ranges  0x00000410       0x88 build/stm32g4xx_hal_rcc.o
 .debug_ranges  0x00000498       0xa0 build/stm32g4xx_hal_rcc_ex.o
 .debug_ranges  0x00000538       0x48 build/stm32g4xx_hal_gpio.o
 .debug_ranges  0x00000580      0x130 build/stm32g4xx_hal_pwr_ex.o
 .debug_ranges  0x000006b0      0x108 build/stm32g4xx_hal_cortex.o
 .debug_ranges  0x000007b8      0x3d0 build/stm32g4xx_hal_tim.o
 .debug_ranges  0x00000b88      0x230 build/stm32g4xx_hal_tim_ex.o
 .debug_ranges  0x00000db8       0x18 build/system_stm32g4xx.o
 .debug_ranges  0x00000dd0       0x30 build/bsp_fdcan.o
 .debug_ranges  0x00000e00       0x18 build/GIM6010_8.o
 .debug_ranges  0x00000e18       0x20 build/startup_stm32g474xx.o

.debug_line     0x00000000     0xaf27
 .debug_line    0x00000000      0x2ba build/main.o
 .debug_line    0x000002ba      0x101 build/gpio.o
 .debug_line    0x000003bb      0x26e build/fdcan.o
 .debug_line    0x00000629      0x21d build/tim.o
 .debug_line    0x00000846      0x27b build/stm32g4xx_it.o
 .debug_line    0x00000ac1      0x149 build/stm32g4xx_hal_msp.o
 .debug_line    0x00000c0a     0x1314 build/stm32g4xx_hal_fdcan.o
 .debug_line    0x00001f1e      0x5ef build/stm32g4xx_hal.o
 .debug_line    0x0000250d      0xa72 build/stm32g4xx_hal_rcc.o
 .debug_line    0x00002f7f      0xd01 build/stm32g4xx_hal_rcc_ex.o
 .debug_line    0x00003c80      0x579 build/stm32g4xx_hal_gpio.o
 .debug_line    0x000041f9      0x752 build/stm32g4xx_hal_pwr_ex.o
 .debug_line    0x0000494b      0x6f9 build/stm32g4xx_hal_cortex.o
 .debug_line    0x00005044     0x3a78 build/stm32g4xx_hal_tim.o
 .debug_line    0x00008abc     0x1af9 build/stm32g4xx_hal_tim_ex.o
 .debug_line    0x0000a5b5      0x1be build/system_stm32g4xx.o
 .debug_line    0x0000a773      0x227 build/bsp_fdcan.o
 .debug_line    0x0000a99a      0x208 build/GIM6010_8.o
 .debug_line    0x0000aba2       0x74 build/startup_stm32g474xx.o
 .debug_line    0x0000ac16      0x1cd D:/msys64/mingw64/bin/../lib/gcc/arm-none-eabi/13.3.0/../../../../arm-none-eabi/lib/thumb/v7e-m+fp/hard\libc_nano.a(libc_a-memset.o)
 .debug_line    0x0000ade3      0x144 D:/msys64/mingw64/bin/../lib/gcc/arm-none-eabi/13.3.0/../../../../arm-none-eabi/lib/thumb/v7e-m+fp/hard\libc_nano.a(libc_a-init.o)

.debug_str      0x00000000     0x561e
 .debug_str     0x00000000     0x561e build/main.o
                                0x798 (size before relaxing)
 .debug_str     0x0000561e      0x2be build/gpio.o
 .debug_str     0x0000561e      0xf80 build/fdcan.o
 .debug_str     0x0000561e     0x104d build/tim.o
 .debug_str     0x0000561e      0xb8d build/stm32g4xx_it.o
 .debug_str     0x0000561e      0x2eb build/stm32g4xx_hal_msp.o
 .debug_str     0x0000561e     0x11ea build/stm32g4xx_hal_fdcan.o
 .debug_str     0x0000561e      0xdfc build/stm32g4xx_hal.o
 .debug_str     0x0000561e      0x812 build/stm32g4xx_hal_rcc.o
 .debug_str     0x0000561e      0xa22 build/stm32g4xx_hal_rcc_ex.o
 .debug_str     0x0000561e      0x4fd build/stm32g4xx_hal_gpio.o
 .debug_str     0x0000561e      0x79f build/stm32g4xx_hal_pwr_ex.o
 .debug_str     0x0000561e      0xd1a build/stm32g4xx_hal_cortex.o
 .debug_str     0x0000561e     0x1862 build/stm32g4xx_hal_tim.o
 .debug_str     0x0000561e     0x14d5 build/stm32g4xx_hal_tim_ex.o
 .debug_str     0x0000561e      0x384 build/system_stm32g4xx.o
 .debug_str     0x0000561e      0x7b5 build/bsp_fdcan.o
 .debug_str     0x0000561e      0x656 build/GIM6010_8.o
 .debug_str     0x0000561e       0x44 build/startup_stm32g474xx.o
 .debug_str     0x0000561e      0x19b D:/msys64/mingw64/bin/../lib/gcc/arm-none-eabi/13.3.0/../../../../arm-none-eabi/lib/thumb/v7e-m+fp/hard\libc_nano.a(libc_a-memset.o)
 .debug_str     0x0000561e      0x1e8 D:/msys64/mingw64/bin/../lib/gcc/arm-none-eabi/13.3.0/../../../../arm-none-eabi/lib/thumb/v7e-m+fp/hard\libc_nano.a(libc_a-init.o)

.comment        0x00000000       0x24
 .comment       0x00000000       0x24 build/main.o
                                 0x13 (size before relaxing)
 .comment       0x00000024       0x13 build/gpio.o
 .comment       0x00000024       0x13 build/fdcan.o
 .comment       0x00000024       0x13 build/tim.o
 .comment       0x00000024       0x13 build/stm32g4xx_it.o
 .comment       0x00000024       0x13 build/stm32g4xx_hal_msp.o
 .comment       0x00000024       0x13 build/stm32g4xx_hal_fdcan.o
 .comment       0x00000024       0x13 build/stm32g4xx_hal.o
 .comment       0x00000024       0x13 build/stm32g4xx_hal_rcc.o
 .comment       0x00000024       0x13 build/stm32g4xx_hal_rcc_ex.o
 .comment       0x00000024       0x13 build/stm32g4xx_hal_gpio.o
 .comment       0x00000024       0x13 build/stm32g4xx_hal_pwr_ex.o
 .comment       0x00000024       0x13 build/stm32g4xx_hal_cortex.o
 .comment       0x00000024       0x13 build/stm32g4xx_hal_tim.o
 .comment       0x00000024       0x13 build/stm32g4xx_hal_tim_ex.o
 .comment       0x00000024       0x13 build/system_stm32g4xx.o
 .comment       0x00000024       0x13 build/bsp_fdcan.o
 .comment       0x00000024       0x13 build/GIM6010_8.o
 .comment       0x00000024       0x13 D:/msys64/mingw64/bin/../lib/gcc/arm-none-eabi/13.3.0/../../../../arm-none-eabi/lib/thumb/v7e-m+fp/hard\libc_nano.a(libc_a-memset.o)
 .comment       0x00000024       0x13 D:/msys64/mingw64/bin/../lib/gcc/arm-none-eabi/13.3.0/../../../../arm-none-eabi/lib/thumb/v7e-m+fp/hard\libc_nano.a(libc_a-init.o)

.debug_frame    0x00000000     0x3fd8
 .debug_frame   0x00000000       0x6c build/main.o
 .debug_frame   0x0000006c       0x38 build/gpio.o
 .debug_frame   0x000000a4       0x78 build/fdcan.o
 .debug_frame   0x0000011c       0x7c build/tim.o
 .debug_frame   0x00000198      0x13c build/stm32g4xx_it.o
 .debug_frame   0x000002d4       0x34 build/stm32g4xx_hal_msp.o
 .debug_frame   0x00000308      0x9b0 build/stm32g4xx_hal_fdcan.o
 .debug_frame   0x00000cb8      0x500 build/stm32g4xx_hal.o
 .debug_frame   0x000011b8      0x23c build/stm32g4xx_hal_rcc.o
 .debug_frame   0x000013f4      0x2ac build/stm32g4xx_hal_rcc_ex.o
 .debug_frame   0x000016a0      0x14c build/stm32g4xx_hal_gpio.o
 .debug_frame   0x000017ec      0x4fc build/stm32g4xx_hal_pwr_ex.o
 .debug_frame   0x00001ce8      0x498 build/stm32g4xx_hal_cortex.o
 .debug_frame   0x00002180     0x1220 build/stm32g4xx_hal_tim.o
 .debug_frame   0x000033a0      0xa70 build/stm32g4xx_hal_tim_ex.o
 .debug_frame   0x00003e10       0x58 build/system_stm32g4xx.o
 .debug_frame   0x00003e68       0xc0 build/bsp_fdcan.o
 .debug_frame   0x00003f28       0x58 build/GIM6010_8.o
 .debug_frame   0x00003f80       0x2c D:/msys64/mingw64/bin/../lib/gcc/arm-none-eabi/13.3.0/../../../../arm-none-eabi/lib/thumb/v7e-m+fp/hard\libc_nano.a(libc_a-memset.o)
 .debug_frame   0x00003fac       0x2c D:/msys64/mingw64/bin/../lib/gcc/arm-none-eabi/13.3.0/../../../../arm-none-eabi/lib/thumb/v7e-m+fp/hard\libc_nano.a(libc_a-init.o)

.debug_loclists
                0x00000000      0x21b
 .debug_loclists
                0x00000000      0x1b6 D:/msys64/mingw64/bin/../lib/gcc/arm-none-eabi/13.3.0/../../../../arm-none-eabi/lib/thumb/v7e-m+fp/hard\libc_nano.a(libc_a-memset.o)
 .debug_loclists
                0x000001b6       0x65 D:/msys64/mingw64/bin/../lib/gcc/arm-none-eabi/13.3.0/../../../../arm-none-eabi/lib/thumb/v7e-m+fp/hard\libc_nano.a(libc_a-init.o)

Cross Reference Table

Symbol                                            File
ADC1_2_IRQHandler                                 build/startup_stm32g474xx.o
ADC3_IRQHandler                                   build/startup_stm32g474xx.o
ADC4_IRQHandler                                   build/startup_stm32g474xx.o
ADC5_IRQHandler                                   build/startup_stm32g474xx.o
AHBPrescTable                                     build/system_stm32g4xx.o
                                                  build/stm32g4xx_hal_rcc.o
APBPrescTable                                     build/system_stm32g4xx.o
                                                  build/stm32g4xx_hal_rcc.o
BusFault_Handler                                  build/stm32g4xx_it.o
COMP1_2_3_IRQHandler                              build/startup_stm32g474xx.o
COMP4_5_6_IRQHandler                              build/startup_stm32g474xx.o
COMP7_IRQHandler                                  build/startup_stm32g474xx.o
CORDIC_IRQHandler                                 build/startup_stm32g474xx.o
CRS_IRQHandler                                    build/startup_stm32g474xx.o
DMA1_Channel1_IRQHandler                          build/startup_stm32g474xx.o
DMA1_Channel2_IRQHandler                          build/startup_stm32g474xx.o
DMA1_Channel3_IRQHandler                          build/startup_stm32g474xx.o
DMA1_Channel4_IRQHandler                          build/startup_stm32g474xx.o
DMA1_Channel5_IRQHandler                          build/startup_stm32g474xx.o
DMA1_Channel6_IRQHandler                          build/startup_stm32g474xx.o
DMA1_Channel7_IRQHandler                          build/startup_stm32g474xx.o
DMA1_Channel8_IRQHandler                          build/startup_stm32g474xx.o
DMA2_Channel1_IRQHandler                          build/startup_stm32g474xx.o
DMA2_Channel2_IRQHandler                          build/startup_stm32g474xx.o
DMA2_Channel3_IRQHandler                          build/startup_stm32g474xx.o
DMA2_Channel4_IRQHandler                          build/startup_stm32g474xx.o
DMA2_Channel5_IRQHandler                          build/startup_stm32g474xx.o
DMA2_Channel6_IRQHandler                          build/startup_stm32g474xx.o
DMA2_Channel7_IRQHandler                          build/startup_stm32g474xx.o
DMA2_Channel8_IRQHandler                          build/startup_stm32g474xx.o
DMAMUX_OVR_IRQHandler                             build/startup_stm32g474xx.o
DebugMon_Handler                                  build/stm32g4xx_it.o
Default_Handler                                   build/startup_stm32g474xx.o
EXTI0_IRQHandler                                  build/startup_stm32g474xx.o
EXTI15_10_IRQHandler                              build/startup_stm32g474xx.o
EXTI1_IRQHandler                                  build/startup_stm32g474xx.o
EXTI2_IRQHandler                                  build/startup_stm32g474xx.o
EXTI3_IRQHandler                                  build/startup_stm32g474xx.o
EXTI4_IRQHandler                                  build/startup_stm32g474xx.o
EXTI9_5_IRQHandler                                build/startup_stm32g474xx.o
Error_Handler                                     build/main.o
                                                  build/bsp_fdcan.o
                                                  build/tim.o
                                                  build/fdcan.o
FDCAN1_IT0_IRQHandler                             build/stm32g4xx_it.o
FDCAN1_IT1_IRQHandler                             build/startup_stm32g474xx.o
FDCAN2_IT0_IRQHandler                             build/startup_stm32g474xx.o
FDCAN2_IT1_IRQHandler                             build/startup_stm32g474xx.o
FDCAN3_IT0_IRQHandler                             build/startup_stm32g474xx.o
FDCAN3_IT1_IRQHandler                             build/startup_stm32g474xx.o
FDCAN_Recieve_Message                             build/bsp_fdcan.o
                                                  build/GIM6010_8.o
FLASH_FlushCaches                                 build/stm32g4xx_hal_flash_ex.o
                                                  build/stm32g4xx_hal_flash.o
FLASH_IRQHandler                                  build/startup_stm32g474xx.o
FLASH_PageErase                                   build/stm32g4xx_hal_flash_ex.o
                                                  build/stm32g4xx_hal_flash.o
FLASH_WaitForLastOperation                        build/stm32g4xx_hal_flash.o
                                                  build/stm32g4xx_hal_flash_ex.o
FMAC_IRQHandler                                   build/startup_stm32g474xx.o
FMC_IRQHandler                                    build/startup_stm32g474xx.o
FPU_IRQHandler                                    build/startup_stm32g474xx.o
GIM6010_Measure                                   build/GIM6010_8.o
GIMCANMotorSetMode                                build/GIM6010_8.o
                                                  build/main.o
GIMMotorSetMode                                   build/GIM6010.o
HAL_DBGMCU_DisableDBGSleepMode                    build/stm32g4xx_hal.o
HAL_DBGMCU_DisableDBGStandbyMode                  build/stm32g4xx_hal.o
HAL_DBGMCU_DisableDBGStopMode                     build/stm32g4xx_hal.o
HAL_DBGMCU_EnableDBGSleepMode                     build/stm32g4xx_hal.o
HAL_DBGMCU_EnableDBGStandbyMode                   build/stm32g4xx_hal.o
HAL_DBGMCU_EnableDBGStopMode                      build/stm32g4xx_hal.o
HAL_DMAEx_ConfigMuxRequestGenerator               build/stm32g4xx_hal_dma_ex.o
HAL_DMAEx_ConfigMuxSync                           build/stm32g4xx_hal_dma_ex.o
HAL_DMAEx_DisableMuxRequestGenerator              build/stm32g4xx_hal_dma_ex.o
HAL_DMAEx_EnableMuxRequestGenerator               build/stm32g4xx_hal_dma_ex.o
HAL_DMAEx_MUX_IRQHandler                          build/stm32g4xx_hal_dma_ex.o
HAL_DMA_Abort                                     build/stm32g4xx_hal_dma.o
HAL_DMA_Abort_IT                                  build/stm32g4xx_hal_dma.o
                                                  build/stm32g4xx_hal_tim_ex.o
                                                  build/stm32g4xx_hal_tim.o
HAL_DMA_DeInit                                    build/stm32g4xx_hal_dma.o
HAL_DMA_GetError                                  build/stm32g4xx_hal_dma.o
HAL_DMA_GetState                                  build/stm32g4xx_hal_dma.o
HAL_DMA_IRQHandler                                build/stm32g4xx_hal_dma.o
HAL_DMA_Init                                      build/stm32g4xx_hal_dma.o
HAL_DMA_PollForTransfer                           build/stm32g4xx_hal_dma.o
HAL_DMA_RegisterCallback                          build/stm32g4xx_hal_dma.o
HAL_DMA_Start                                     build/stm32g4xx_hal_dma.o
HAL_DMA_Start_IT                                  build/stm32g4xx_hal_dma.o
                                                  build/stm32g4xx_hal_tim_ex.o
                                                  build/stm32g4xx_hal_tim.o
HAL_DMA_UnRegisterCallback                        build/stm32g4xx_hal_dma.o
HAL_DeInit                                        build/stm32g4xx_hal.o
HAL_Delay                                         build/stm32g4xx_hal.o
                                                  build/main.o
HAL_EXTI_ClearConfigLine                          build/stm32g4xx_hal_exti.o
HAL_EXTI_ClearPending                             build/stm32g4xx_hal_exti.o
HAL_EXTI_GenerateSWI                              build/stm32g4xx_hal_exti.o
HAL_EXTI_GetConfigLine                            build/stm32g4xx_hal_exti.o
HAL_EXTI_GetHandle                                build/stm32g4xx_hal_exti.o
HAL_EXTI_GetPending                               build/stm32g4xx_hal_exti.o
HAL_EXTI_IRQHandler                               build/stm32g4xx_hal_exti.o
HAL_EXTI_RegisterCallback                         build/stm32g4xx_hal_exti.o
HAL_EXTI_SetConfigLine                            build/stm32g4xx_hal_exti.o
HAL_FDCAN_AbortTxRequest                          build/stm32g4xx_hal_fdcan.o
                                                  build/main.o
HAL_FDCAN_ActivateNotification                    build/stm32g4xx_hal_fdcan.o
                                                  build/bsp_fdcan.o
HAL_FDCAN_AddMessageToTxFifoQ                     build/stm32g4xx_hal_fdcan.o
                                                  build/bsp_fdcan.o
HAL_FDCAN_ConfigExtendedIdMask                    build/stm32g4xx_hal_fdcan.o
HAL_FDCAN_ConfigFilter                            build/stm32g4xx_hal_fdcan.o
                                                  build/bsp_fdcan.o
HAL_FDCAN_ConfigGlobalFilter                      build/stm32g4xx_hal_fdcan.o
HAL_FDCAN_ConfigInterruptLines                    build/stm32g4xx_hal_fdcan.o
HAL_FDCAN_ConfigRamWatchdog                       build/stm32g4xx_hal_fdcan.o
HAL_FDCAN_ConfigRxFifoOverwrite                   build/stm32g4xx_hal_fdcan.o
HAL_FDCAN_ConfigTimeoutCounter                    build/stm32g4xx_hal_fdcan.o
HAL_FDCAN_ConfigTimestampCounter                  build/stm32g4xx_hal_fdcan.o
HAL_FDCAN_ConfigTxDelayCompensation               build/stm32g4xx_hal_fdcan.o
HAL_FDCAN_DeInit                                  build/stm32g4xx_hal_fdcan.o
HAL_FDCAN_DeactivateNotification                  build/stm32g4xx_hal_fdcan.o
HAL_FDCAN_DisableEdgeFiltering                    build/stm32g4xx_hal_fdcan.o
HAL_FDCAN_DisableISOMode                          build/stm32g4xx_hal_fdcan.o
HAL_FDCAN_DisableTimeoutCounter                   build/stm32g4xx_hal_fdcan.o
HAL_FDCAN_DisableTimestampCounter                 build/stm32g4xx_hal_fdcan.o
HAL_FDCAN_DisableTxDelayCompensation              build/stm32g4xx_hal_fdcan.o
HAL_FDCAN_EnableEdgeFiltering                     build/stm32g4xx_hal_fdcan.o
HAL_FDCAN_EnableISOMode                           build/stm32g4xx_hal_fdcan.o
HAL_FDCAN_EnableTimeoutCounter                    build/stm32g4xx_hal_fdcan.o
HAL_FDCAN_EnableTimestampCounter                  build/stm32g4xx_hal_fdcan.o
HAL_FDCAN_EnableTxDelayCompensation               build/stm32g4xx_hal_fdcan.o
HAL_FDCAN_EnterPowerDownMode                      build/stm32g4xx_hal_fdcan.o
HAL_FDCAN_ErrorCallback                           build/stm32g4xx_hal_fdcan.o
HAL_FDCAN_ErrorStatusCallback                     build/stm32g4xx_hal_fdcan.o
HAL_FDCAN_ExitPowerDownMode                       build/stm32g4xx_hal_fdcan.o
HAL_FDCAN_ExitRestrictedOperationMode             build/stm32g4xx_hal_fdcan.o
HAL_FDCAN_GetError                                build/stm32g4xx_hal_fdcan.o
HAL_FDCAN_GetErrorCounters                        build/stm32g4xx_hal_fdcan.o
HAL_FDCAN_GetHighPriorityMessageStatus            build/stm32g4xx_hal_fdcan.o
HAL_FDCAN_GetLatestTxFifoQRequestBuffer           build/stm32g4xx_hal_fdcan.o
HAL_FDCAN_GetProtocolStatus                       build/stm32g4xx_hal_fdcan.o
HAL_FDCAN_GetRxFifoFillLevel                      build/stm32g4xx_hal_fdcan.o
HAL_FDCAN_GetRxMessage                            build/stm32g4xx_hal_fdcan.o
                                                  build/bsp_fdcan.o
HAL_FDCAN_GetState                                build/stm32g4xx_hal_fdcan.o
HAL_FDCAN_GetTimeoutCounter                       build/stm32g4xx_hal_fdcan.o
HAL_FDCAN_GetTimestampCounter                     build/stm32g4xx_hal_fdcan.o
HAL_FDCAN_GetTxEvent                              build/stm32g4xx_hal_fdcan.o
HAL_FDCAN_GetTxFifoFreeLevel                      build/stm32g4xx_hal_fdcan.o
                                                  build/bsp_fdcan.o
HAL_FDCAN_HighPriorityMessageCallback             build/stm32g4xx_hal_fdcan.o
HAL_FDCAN_IRQHandler                              build/stm32g4xx_hal_fdcan.o
                                                  build/stm32g4xx_it.o
HAL_FDCAN_Init                                    build/stm32g4xx_hal_fdcan.o
                                                  build/fdcan.o
HAL_FDCAN_IsRestrictedOperationMode               build/stm32g4xx_hal_fdcan.o
HAL_FDCAN_IsTxBufferMessagePending                build/stm32g4xx_hal_fdcan.o
HAL_FDCAN_MspDeInit                               build/fdcan.o
HAL_FDCAN_MspInit                                 build/fdcan.o
HAL_FDCAN_ResetTimeoutCounter                     build/stm32g4xx_hal_fdcan.o
HAL_FDCAN_ResetTimestampCounter                   build/stm32g4xx_hal_fdcan.o
HAL_FDCAN_RxFifo0Callback                         build/bsp_fdcan.o
                                                  build/stm32g4xx_hal_fdcan.o
HAL_FDCAN_RxFifo1Callback                         build/stm32g4xx_hal_fdcan.o
HAL_FDCAN_Start                                   build/stm32g4xx_hal_fdcan.o
                                                  build/bsp_fdcan.o
HAL_FDCAN_Stop                                    build/stm32g4xx_hal_fdcan.o
HAL_FDCAN_TimeoutOccurredCallback                 build/stm32g4xx_hal_fdcan.o
HAL_FDCAN_TimestampWraparoundCallback             build/stm32g4xx_hal_fdcan.o
HAL_FDCAN_TxBufferAbortCallback                   build/stm32g4xx_hal_fdcan.o
HAL_FDCAN_TxBufferCompleteCallback                build/stm32g4xx_hal_fdcan.o
HAL_FDCAN_TxEventFifoCallback                     build/stm32g4xx_hal_fdcan.o
HAL_FDCAN_TxFifoEmptyCallback                     build/stm32g4xx_hal_fdcan.o
HAL_FLASHEx_DisableDebugger                       build/stm32g4xx_hal_flash_ex.o
HAL_FLASHEx_DisableRunPowerDown                   build/stm32g4xx_hal_flash_ramfunc.o
HAL_FLASHEx_EnableDebugger                        build/stm32g4xx_hal_flash_ex.o
HAL_FLASHEx_EnableRunPowerDown                    build/stm32g4xx_hal_flash_ramfunc.o
HAL_FLASHEx_EnableSecMemProtection                build/stm32g4xx_hal_flash_ex.o
HAL_FLASHEx_Erase                                 build/stm32g4xx_hal_flash_ex.o
HAL_FLASHEx_Erase_IT                              build/stm32g4xx_hal_flash_ex.o
HAL_FLASHEx_OBGetConfig                           build/stm32g4xx_hal_flash_ex.o
HAL_FLASHEx_OBProgram                             build/stm32g4xx_hal_flash_ex.o
HAL_FLASHEx_OB_DBankConfig                        build/stm32g4xx_hal_flash_ramfunc.o
HAL_FLASH_EndOfOperationCallback                  build/stm32g4xx_hal_flash.o
HAL_FLASH_GetError                                build/stm32g4xx_hal_flash.o
HAL_FLASH_IRQHandler                              build/stm32g4xx_hal_flash.o
HAL_FLASH_Lock                                    build/stm32g4xx_hal_flash.o
HAL_FLASH_OB_Launch                               build/stm32g4xx_hal_flash.o
HAL_FLASH_OB_Lock                                 build/stm32g4xx_hal_flash.o
HAL_FLASH_OB_Unlock                               build/stm32g4xx_hal_flash.o
HAL_FLASH_OperationErrorCallback                  build/stm32g4xx_hal_flash.o
HAL_FLASH_Program                                 build/stm32g4xx_hal_flash.o
HAL_FLASH_Program_IT                              build/stm32g4xx_hal_flash.o
HAL_FLASH_Unlock                                  build/stm32g4xx_hal_flash.o
HAL_GPIO_DeInit                                   build/stm32g4xx_hal_gpio.o
                                                  build/fdcan.o
HAL_GPIO_EXTI_Callback                            build/stm32g4xx_hal_gpio.o
HAL_GPIO_EXTI_IRQHandler                          build/stm32g4xx_hal_gpio.o
HAL_GPIO_Init                                     build/stm32g4xx_hal_gpio.o
                                                  build/stm32g4xx_hal_rcc_ex.o
                                                  build/stm32g4xx_hal_rcc.o
                                                  build/fdcan.o
HAL_GPIO_LockPin                                  build/stm32g4xx_hal_gpio.o
HAL_GPIO_ReadPin                                  build/stm32g4xx_hal_gpio.o
HAL_GPIO_TogglePin                                build/stm32g4xx_hal_gpio.o
HAL_GPIO_WritePin                                 build/stm32g4xx_hal_gpio.o
HAL_GetDEVID                                      build/stm32g4xx_hal.o
HAL_GetHalVersion                                 build/stm32g4xx_hal.o
HAL_GetREVID                                      build/stm32g4xx_hal.o
HAL_GetTick                                       build/stm32g4xx_hal.o
                                                  build/stm32g4xx_hal_tim_ex.o
                                                  build/stm32g4xx_hal_dma.o
                                                  build/stm32g4xx_hal_flash.o
                                                  build/stm32g4xx_hal_rcc_ex.o
                                                  build/stm32g4xx_hal_rcc.o
                                                  build/stm32g4xx_hal_fdcan.o
HAL_GetTickFreq                                   build/stm32g4xx_hal.o
HAL_GetTickPrio                                   build/stm32g4xx_hal.o
HAL_GetUIDw0                                      build/stm32g4xx_hal.o
HAL_GetUIDw1                                      build/stm32g4xx_hal.o
HAL_GetUIDw2                                      build/stm32g4xx_hal.o
HAL_IncTick                                       build/stm32g4xx_hal.o
                                                  build/stm32g4xx_it.o
HAL_Init                                          build/stm32g4xx_hal.o
                                                  build/main.o
HAL_InitTick                                      build/stm32g4xx_hal.o
                                                  build/stm32g4xx_hal_rcc.o
HAL_MPU_ConfigRegion                              build/stm32g4xx_hal_cortex.o
HAL_MPU_Disable                                   build/stm32g4xx_hal_cortex.o
HAL_MPU_Enable                                    build/stm32g4xx_hal_cortex.o
HAL_MspDeInit                                     build/stm32g4xx_hal.o
HAL_MspInit                                       build/stm32g4xx_hal_msp.o
HAL_NVIC_ClearPendingIRQ                          build/stm32g4xx_hal_cortex.o
HAL_NVIC_DisableIRQ                               build/stm32g4xx_hal_cortex.o
                                                  build/tim.o
                                                  build/fdcan.o
HAL_NVIC_EnableIRQ                                build/stm32g4xx_hal_cortex.o
                                                  build/tim.o
                                                  build/fdcan.o
HAL_NVIC_GetActive                                build/stm32g4xx_hal_cortex.o
HAL_NVIC_GetPendingIRQ                            build/stm32g4xx_hal_cortex.o
HAL_NVIC_GetPriority                              build/stm32g4xx_hal_cortex.o
HAL_NVIC_GetPriorityGrouping                      build/stm32g4xx_hal_cortex.o
HAL_NVIC_SetPendingIRQ                            build/stm32g4xx_hal_cortex.o
HAL_NVIC_SetPriority                              build/stm32g4xx_hal_cortex.o
                                                  build/stm32g4xx_hal.o
                                                  build/tim.o
                                                  build/fdcan.o
HAL_NVIC_SetPriorityGrouping                      build/stm32g4xx_hal_cortex.o
                                                  build/stm32g4xx_hal.o
HAL_NVIC_SystemReset                              build/stm32g4xx_hal_cortex.o
HAL_PWREx_ConfigPVM                               build/stm32g4xx_hal_pwr_ex.o
HAL_PWREx_ControlVoltageScaling                   build/stm32g4xx_hal_pwr_ex.o
                                                  build/main.o
HAL_PWREx_DisableBatteryCharging                  build/stm32g4xx_hal_pwr_ex.o
HAL_PWREx_DisableGPIOPullDown                     build/stm32g4xx_hal_pwr_ex.o
HAL_PWREx_DisableGPIOPullUp                       build/stm32g4xx_hal_pwr_ex.o
HAL_PWREx_DisableInternalWakeUpLine               build/stm32g4xx_hal_pwr_ex.o
HAL_PWREx_DisableLowPowerRunMode                  build/stm32g4xx_hal_pwr_ex.o
                                                  build/stm32g4xx_hal_pwr.o
HAL_PWREx_DisablePVM1                             build/stm32g4xx_hal_pwr_ex.o
HAL_PWREx_DisablePVM2                             build/stm32g4xx_hal_pwr_ex.o
HAL_PWREx_DisablePVM3                             build/stm32g4xx_hal_pwr_ex.o
HAL_PWREx_DisablePVM4                             build/stm32g4xx_hal_pwr_ex.o
HAL_PWREx_DisablePullUpPullDownConfig             build/stm32g4xx_hal_pwr_ex.o
HAL_PWREx_DisableSRAM2ContentRetention            build/stm32g4xx_hal_pwr_ex.o
HAL_PWREx_DisableUCPDDeadBattery                  build/stm32g4xx_hal_pwr_ex.o
                                                  build/stm32g4xx_hal_msp.o
HAL_PWREx_DisableUCPDStandbyMode                  build/stm32g4xx_hal_pwr_ex.o
HAL_PWREx_EnableBatteryCharging                   build/stm32g4xx_hal_pwr_ex.o
HAL_PWREx_EnableGPIOPullDown                      build/stm32g4xx_hal_pwr_ex.o
HAL_PWREx_EnableGPIOPullUp                        build/stm32g4xx_hal_pwr_ex.o
HAL_PWREx_EnableInternalWakeUpLine                build/stm32g4xx_hal_pwr_ex.o
HAL_PWREx_EnableLowPowerRunMode                   build/stm32g4xx_hal_pwr_ex.o
                                                  build/stm32g4xx_hal_pwr.o
HAL_PWREx_EnablePVM1                              build/stm32g4xx_hal_pwr_ex.o
HAL_PWREx_EnablePVM2                              build/stm32g4xx_hal_pwr_ex.o
HAL_PWREx_EnablePVM3                              build/stm32g4xx_hal_pwr_ex.o
HAL_PWREx_EnablePVM4                              build/stm32g4xx_hal_pwr_ex.o
HAL_PWREx_EnablePullUpPullDownConfig              build/stm32g4xx_hal_pwr_ex.o
HAL_PWREx_EnableSRAM2ContentRetention             build/stm32g4xx_hal_pwr_ex.o
HAL_PWREx_EnableUCPDDeadBattery                   build/stm32g4xx_hal_pwr_ex.o
HAL_PWREx_EnableUCPDStandbyMode                   build/stm32g4xx_hal_pwr_ex.o
HAL_PWREx_EnterSHUTDOWNMode                       build/stm32g4xx_hal_pwr_ex.o
HAL_PWREx_EnterSTOP0Mode                          build/stm32g4xx_hal_pwr_ex.o
                                                  build/stm32g4xx_hal_pwr.o
HAL_PWREx_EnterSTOP1Mode                          build/stm32g4xx_hal_pwr_ex.o
                                                  build/stm32g4xx_hal_pwr.o
HAL_PWREx_GetVoltageRange                         build/stm32g4xx_hal_pwr_ex.o
HAL_PWREx_PVD_PVM_IRQHandler                      build/stm32g4xx_hal_pwr_ex.o
HAL_PWREx_PVM1Callback                            build/stm32g4xx_hal_pwr_ex.o
HAL_PWREx_PVM2Callback                            build/stm32g4xx_hal_pwr_ex.o
HAL_PWREx_PVM3Callback                            build/stm32g4xx_hal_pwr_ex.o
HAL_PWREx_PVM4Callback                            build/stm32g4xx_hal_pwr_ex.o
HAL_PWR_ConfigPVD                                 build/stm32g4xx_hal_pwr.o
HAL_PWR_DeInit                                    build/stm32g4xx_hal_pwr.o
HAL_PWR_DisableBkUpAccess                         build/stm32g4xx_hal_pwr.o
                                                  build/stm32g4xx_hal_rcc_ex.o
HAL_PWR_DisablePVD                                build/stm32g4xx_hal_pwr.o
HAL_PWR_DisableSEVOnPend                          build/stm32g4xx_hal_pwr.o
HAL_PWR_DisableSleepOnExit                        build/stm32g4xx_hal_pwr.o
HAL_PWR_DisableWakeUpPin                          build/stm32g4xx_hal_pwr.o
HAL_PWR_EnableBkUpAccess                          build/stm32g4xx_hal_pwr.o
                                                  build/stm32g4xx_hal_rcc_ex.o
HAL_PWR_EnablePVD                                 build/stm32g4xx_hal_pwr.o
HAL_PWR_EnableSEVOnPend                           build/stm32g4xx_hal_pwr.o
HAL_PWR_EnableSleepOnExit                         build/stm32g4xx_hal_pwr.o
HAL_PWR_EnableWakeUpPin                           build/stm32g4xx_hal_pwr.o
HAL_PWR_EnterSLEEPMode                            build/stm32g4xx_hal_pwr.o
HAL_PWR_EnterSTANDBYMode                          build/stm32g4xx_hal_pwr.o
HAL_PWR_EnterSTOPMode                             build/stm32g4xx_hal_pwr.o
HAL_PWR_PVDCallback                               build/stm32g4xx_hal_pwr.o
                                                  build/stm32g4xx_hal_pwr_ex.o
HAL_RCCEx_CRSConfig                               build/stm32g4xx_hal_rcc_ex.o
HAL_RCCEx_CRSGetSynchronizationInfo               build/stm32g4xx_hal_rcc_ex.o
HAL_RCCEx_CRSSoftwareSynchronizationGenerate      build/stm32g4xx_hal_rcc_ex.o
HAL_RCCEx_CRSWaitSynchronization                  build/stm32g4xx_hal_rcc_ex.o
HAL_RCCEx_CRS_ErrorCallback                       build/stm32g4xx_hal_rcc_ex.o
HAL_RCCEx_CRS_ExpectedSyncCallback                build/stm32g4xx_hal_rcc_ex.o
HAL_RCCEx_CRS_IRQHandler                          build/stm32g4xx_hal_rcc_ex.o
HAL_RCCEx_CRS_SyncOkCallback                      build/stm32g4xx_hal_rcc_ex.o
HAL_RCCEx_CRS_SyncWarnCallback                    build/stm32g4xx_hal_rcc_ex.o
HAL_RCCEx_DisableLSCO                             build/stm32g4xx_hal_rcc_ex.o
HAL_RCCEx_DisableLSECSS                           build/stm32g4xx_hal_rcc_ex.o
HAL_RCCEx_EnableLSCO                              build/stm32g4xx_hal_rcc_ex.o
HAL_RCCEx_EnableLSECSS                            build/stm32g4xx_hal_rcc_ex.o
HAL_RCCEx_EnableLSECSS_IT                         build/stm32g4xx_hal_rcc_ex.o
HAL_RCCEx_GetPeriphCLKConfig                      build/stm32g4xx_hal_rcc_ex.o
HAL_RCCEx_GetPeriphCLKFreq                        build/stm32g4xx_hal_rcc_ex.o
HAL_RCCEx_LSECSS_Callback                         build/stm32g4xx_hal_rcc_ex.o
HAL_RCCEx_LSECSS_IRQHandler                       build/stm32g4xx_hal_rcc_ex.o
HAL_RCCEx_PeriphCLKConfig                         build/stm32g4xx_hal_rcc_ex.o
                                                  build/fdcan.o
HAL_RCC_CSSCallback                               build/stm32g4xx_hal_rcc.o
HAL_RCC_ClockConfig                               build/stm32g4xx_hal_rcc.o
                                                  build/main.o
HAL_RCC_DeInit                                    build/stm32g4xx_hal_rcc.o
HAL_RCC_DisableLSECSS                             build/stm32g4xx_hal_rcc.o
HAL_RCC_EnableCSS                                 build/stm32g4xx_hal_rcc.o
HAL_RCC_EnableLSECSS                              build/stm32g4xx_hal_rcc.o
HAL_RCC_GetClockConfig                            build/stm32g4xx_hal_rcc.o
HAL_RCC_GetHCLKFreq                               build/stm32g4xx_hal_rcc.o
HAL_RCC_GetOscConfig                              build/stm32g4xx_hal_rcc.o
HAL_RCC_GetPCLK1Freq                              build/stm32g4xx_hal_rcc.o
                                                  build/stm32g4xx_hal_rcc_ex.o
HAL_RCC_GetPCLK2Freq                              build/stm32g4xx_hal_rcc.o
                                                  build/stm32g4xx_hal_rcc_ex.o
HAL_RCC_GetSysClockFreq                           build/stm32g4xx_hal_rcc.o
                                                  build/stm32g4xx_hal_rcc_ex.o
HAL_RCC_MCOConfig                                 build/stm32g4xx_hal_rcc.o
HAL_RCC_NMI_IRQHandler                            build/stm32g4xx_hal_rcc.o
HAL_RCC_OscConfig                                 build/stm32g4xx_hal_rcc.o
                                                  build/main.o
HAL_ResumeTick                                    build/stm32g4xx_hal.o
HAL_SYSCFG_CCMSRAMErase                           build/stm32g4xx_hal.o
HAL_SYSCFG_CCMSRAM_WriteProtectionEnable          build/stm32g4xx_hal.o
HAL_SYSCFG_DisableIOSwitchBooster                 build/stm32g4xx_hal.o
HAL_SYSCFG_DisableIOSwitchVDD                     build/stm32g4xx_hal.o
HAL_SYSCFG_DisableMemorySwappingBank              build/stm32g4xx_hal.o
HAL_SYSCFG_DisableVREFBUF                         build/stm32g4xx_hal.o
HAL_SYSCFG_EnableIOSwitchBooster                  build/stm32g4xx_hal.o
HAL_SYSCFG_EnableIOSwitchVDD                      build/stm32g4xx_hal.o
HAL_SYSCFG_EnableMemorySwappingBank               build/stm32g4xx_hal.o
HAL_SYSCFG_EnableVREFBUF                          build/stm32g4xx_hal.o
HAL_SYSCFG_VREFBUF_HighImpedanceConfig            build/stm32g4xx_hal.o
HAL_SYSCFG_VREFBUF_TrimmingConfig                 build/stm32g4xx_hal.o
HAL_SYSCFG_VREFBUF_VoltageScalingConfig           build/stm32g4xx_hal.o
HAL_SYSTICK_CLKSourceConfig                       build/stm32g4xx_hal_cortex.o
HAL_SYSTICK_Callback                              build/stm32g4xx_hal_cortex.o
HAL_SYSTICK_Config                                build/stm32g4xx_hal_cortex.o
                                                  build/stm32g4xx_hal.o
HAL_SYSTICK_IRQHandler                            build/stm32g4xx_hal_cortex.o
HAL_SetTickFreq                                   build/stm32g4xx_hal.o
HAL_SuspendTick                                   build/stm32g4xx_hal.o
HAL_TIMEx_Break2Callback                          build/stm32g4xx_hal_tim_ex.o
                                                  build/stm32g4xx_hal_tim.o
HAL_TIMEx_BreakCallback                           build/stm32g4xx_hal_tim_ex.o
                                                  build/stm32g4xx_hal_tim.o
HAL_TIMEx_CommutCallback                          build/stm32g4xx_hal_tim_ex.o
                                                  build/stm32g4xx_hal_tim.o
HAL_TIMEx_CommutHalfCpltCallback                  build/stm32g4xx_hal_tim_ex.o
HAL_TIMEx_ConfigAsymmetricalDeadTime              build/stm32g4xx_hal_tim_ex.o
HAL_TIMEx_ConfigBreakDeadTime                     build/stm32g4xx_hal_tim_ex.o
HAL_TIMEx_ConfigBreakInput                        build/stm32g4xx_hal_tim_ex.o
HAL_TIMEx_ConfigCommutEvent                       build/stm32g4xx_hal_tim_ex.o
HAL_TIMEx_ConfigCommutEvent_DMA                   build/stm32g4xx_hal_tim_ex.o
HAL_TIMEx_ConfigCommutEvent_IT                    build/stm32g4xx_hal_tim_ex.o
HAL_TIMEx_ConfigDeadTime                          build/stm32g4xx_hal_tim_ex.o
HAL_TIMEx_ConfigEncoderIndex                      build/stm32g4xx_hal_tim_ex.o
HAL_TIMEx_ConfigSlaveModePreload                  build/stm32g4xx_hal_tim_ex.o
HAL_TIMEx_DirectionChangeCallback                 build/stm32g4xx_hal_tim_ex.o
                                                  build/stm32g4xx_hal_tim.o
HAL_TIMEx_DisableAsymmetricalDeadTime             build/stm32g4xx_hal_tim_ex.o
HAL_TIMEx_DisableDeadTimePreload                  build/stm32g4xx_hal_tim_ex.o
HAL_TIMEx_DisableEncoderFirstIndex                build/stm32g4xx_hal_tim_ex.o
HAL_TIMEx_DisableEncoderIndex                     build/stm32g4xx_hal_tim_ex.o
HAL_TIMEx_DisableSlaveModePreload                 build/stm32g4xx_hal_tim_ex.o
HAL_TIMEx_DisarmBreakInput                        build/stm32g4xx_hal_tim_ex.o
HAL_TIMEx_DitheringDisable                        build/stm32g4xx_hal_tim_ex.o
HAL_TIMEx_DitheringEnable                         build/stm32g4xx_hal_tim_ex.o
HAL_TIMEx_EnableAsymmetricalDeadTime              build/stm32g4xx_hal_tim_ex.o
HAL_TIMEx_EnableDeadTimePreload                   build/stm32g4xx_hal_tim_ex.o
HAL_TIMEx_EnableEncoderFirstIndex                 build/stm32g4xx_hal_tim_ex.o
HAL_TIMEx_EnableEncoderIndex                      build/stm32g4xx_hal_tim_ex.o
HAL_TIMEx_EnableSlaveModePreload                  build/stm32g4xx_hal_tim_ex.o
HAL_TIMEx_EncoderIndexCallback                    build/stm32g4xx_hal_tim_ex.o
                                                  build/stm32g4xx_hal_tim.o
HAL_TIMEx_GetChannelNState                        build/stm32g4xx_hal_tim_ex.o
HAL_TIMEx_GroupChannel5                           build/stm32g4xx_hal_tim_ex.o
HAL_TIMEx_HallSensor_DeInit                       build/stm32g4xx_hal_tim_ex.o
HAL_TIMEx_HallSensor_GetState                     build/stm32g4xx_hal_tim_ex.o
HAL_TIMEx_HallSensor_Init                         build/stm32g4xx_hal_tim_ex.o
HAL_TIMEx_HallSensor_MspDeInit                    build/stm32g4xx_hal_tim_ex.o
HAL_TIMEx_HallSensor_MspInit                      build/stm32g4xx_hal_tim_ex.o
HAL_TIMEx_HallSensor_Start                        build/stm32g4xx_hal_tim_ex.o
HAL_TIMEx_HallSensor_Start_DMA                    build/stm32g4xx_hal_tim_ex.o
HAL_TIMEx_HallSensor_Start_IT                     build/stm32g4xx_hal_tim_ex.o
HAL_TIMEx_HallSensor_Stop                         build/stm32g4xx_hal_tim_ex.o
HAL_TIMEx_HallSensor_Stop_DMA                     build/stm32g4xx_hal_tim_ex.o
HAL_TIMEx_HallSensor_Stop_IT                      build/stm32g4xx_hal_tim_ex.o
HAL_TIMEx_IndexErrorCallback                      build/stm32g4xx_hal_tim_ex.o
                                                  build/stm32g4xx_hal_tim.o
HAL_TIMEx_MasterConfigSynchronization             build/stm32g4xx_hal_tim_ex.o
                                                  build/tim.o
HAL_TIMEx_OCN_Start                               build/stm32g4xx_hal_tim_ex.o
HAL_TIMEx_OCN_Start_DMA                           build/stm32g4xx_hal_tim_ex.o
HAL_TIMEx_OCN_Start_IT                            build/stm32g4xx_hal_tim_ex.o
HAL_TIMEx_OCN_Stop                                build/stm32g4xx_hal_tim_ex.o
HAL_TIMEx_OCN_Stop_DMA                            build/stm32g4xx_hal_tim_ex.o
HAL_TIMEx_OCN_Stop_IT                             build/stm32g4xx_hal_tim_ex.o
HAL_TIMEx_OC_ConfigPulseOnCompare                 build/stm32g4xx_hal_tim_ex.o
HAL_TIMEx_OnePulseN_Start                         build/stm32g4xx_hal_tim_ex.o
HAL_TIMEx_OnePulseN_Start_IT                      build/stm32g4xx_hal_tim_ex.o
HAL_TIMEx_OnePulseN_Stop                          build/stm32g4xx_hal_tim_ex.o
HAL_TIMEx_OnePulseN_Stop_IT                       build/stm32g4xx_hal_tim_ex.o
HAL_TIMEx_PWMN_Start                              build/stm32g4xx_hal_tim_ex.o
HAL_TIMEx_PWMN_Start_DMA                          build/stm32g4xx_hal_tim_ex.o
HAL_TIMEx_PWMN_Start_IT                           build/stm32g4xx_hal_tim_ex.o
HAL_TIMEx_PWMN_Stop                               build/stm32g4xx_hal_tim_ex.o
HAL_TIMEx_PWMN_Stop_DMA                           build/stm32g4xx_hal_tim_ex.o
HAL_TIMEx_PWMN_Stop_IT                            build/stm32g4xx_hal_tim_ex.o
HAL_TIMEx_ReArmBreakInput                         build/stm32g4xx_hal_tim_ex.o
HAL_TIMEx_RemapConfig                             build/stm32g4xx_hal_tim_ex.o
HAL_TIMEx_TISelection                             build/stm32g4xx_hal_tim_ex.o
HAL_TIMEx_TransitionErrorCallback                 build/stm32g4xx_hal_tim_ex.o
                                                  build/stm32g4xx_hal_tim.o
HAL_TIM_Base_DeInit                               build/stm32g4xx_hal_tim.o
HAL_TIM_Base_GetState                             build/stm32g4xx_hal_tim.o
HAL_TIM_Base_Init                                 build/stm32g4xx_hal_tim.o
                                                  build/tim.o
HAL_TIM_Base_MspDeInit                            build/tim.o
HAL_TIM_Base_MspInit                              build/tim.o
HAL_TIM_Base_Start                                build/stm32g4xx_hal_tim.o
HAL_TIM_Base_Start_DMA                            build/stm32g4xx_hal_tim.o
HAL_TIM_Base_Start_IT                             build/stm32g4xx_hal_tim.o
HAL_TIM_Base_Stop                                 build/stm32g4xx_hal_tim.o
HAL_TIM_Base_Stop_DMA                             build/stm32g4xx_hal_tim.o
HAL_TIM_Base_Stop_IT                              build/stm32g4xx_hal_tim.o
HAL_TIM_ConfigClockSource                         build/stm32g4xx_hal_tim.o
HAL_TIM_ConfigOCrefClear                          build/stm32g4xx_hal_tim.o
HAL_TIM_ConfigTI1Input                            build/stm32g4xx_hal_tim.o
HAL_TIM_DMABurstState                             build/stm32g4xx_hal_tim.o
HAL_TIM_DMABurst_MultiReadStart                   build/stm32g4xx_hal_tim.o
HAL_TIM_DMABurst_MultiWriteStart                  build/stm32g4xx_hal_tim.o
HAL_TIM_DMABurst_ReadStart                        build/stm32g4xx_hal_tim.o
HAL_TIM_DMABurst_ReadStop                         build/stm32g4xx_hal_tim.o
HAL_TIM_DMABurst_WriteStart                       build/stm32g4xx_hal_tim.o
HAL_TIM_DMABurst_WriteStop                        build/stm32g4xx_hal_tim.o
HAL_TIM_Encoder_DeInit                            build/stm32g4xx_hal_tim.o
HAL_TIM_Encoder_GetState                          build/stm32g4xx_hal_tim.o
HAL_TIM_Encoder_Init                              build/stm32g4xx_hal_tim.o
HAL_TIM_Encoder_MspDeInit                         build/stm32g4xx_hal_tim.o
HAL_TIM_Encoder_MspInit                           build/stm32g4xx_hal_tim.o
HAL_TIM_Encoder_Start                             build/stm32g4xx_hal_tim.o
HAL_TIM_Encoder_Start_DMA                         build/stm32g4xx_hal_tim.o
HAL_TIM_Encoder_Start_IT                          build/stm32g4xx_hal_tim.o
HAL_TIM_Encoder_Stop                              build/stm32g4xx_hal_tim.o
HAL_TIM_Encoder_Stop_DMA                          build/stm32g4xx_hal_tim.o
HAL_TIM_Encoder_Stop_IT                           build/stm32g4xx_hal_tim.o
HAL_TIM_ErrorCallback                             build/stm32g4xx_hal_tim.o
                                                  build/stm32g4xx_hal_tim_ex.o
HAL_TIM_GenerateEvent                             build/stm32g4xx_hal_tim.o
HAL_TIM_GetActiveChannel                          build/stm32g4xx_hal_tim.o
HAL_TIM_GetChannelState                           build/stm32g4xx_hal_tim.o
HAL_TIM_IC_CaptureCallback                        build/stm32g4xx_hal_tim.o
HAL_TIM_IC_CaptureHalfCpltCallback                build/stm32g4xx_hal_tim.o
HAL_TIM_IC_ConfigChannel                          build/stm32g4xx_hal_tim.o
HAL_TIM_IC_DeInit                                 build/stm32g4xx_hal_tim.o
HAL_TIM_IC_GetState                               build/stm32g4xx_hal_tim.o
HAL_TIM_IC_Init                                   build/stm32g4xx_hal_tim.o
HAL_TIM_IC_MspDeInit                              build/stm32g4xx_hal_tim.o
HAL_TIM_IC_MspInit                                build/stm32g4xx_hal_tim.o
HAL_TIM_IC_Start                                  build/stm32g4xx_hal_tim.o
HAL_TIM_IC_Start_DMA                              build/stm32g4xx_hal_tim.o
HAL_TIM_IC_Start_IT                               build/stm32g4xx_hal_tim.o
HAL_TIM_IC_Stop                                   build/stm32g4xx_hal_tim.o
HAL_TIM_IC_Stop_DMA                               build/stm32g4xx_hal_tim.o
HAL_TIM_IC_Stop_IT                                build/stm32g4xx_hal_tim.o
HAL_TIM_IRQHandler                                build/stm32g4xx_hal_tim.o
                                                  build/stm32g4xx_it.o
HAL_TIM_OC_ConfigChannel                          build/stm32g4xx_hal_tim.o
HAL_TIM_OC_DeInit                                 build/stm32g4xx_hal_tim.o
HAL_TIM_OC_DelayElapsedCallback                   build/stm32g4xx_hal_tim.o
HAL_TIM_OC_GetState                               build/stm32g4xx_hal_tim.o
HAL_TIM_OC_Init                                   build/stm32g4xx_hal_tim.o
HAL_TIM_OC_MspDeInit                              build/stm32g4xx_hal_tim.o
HAL_TIM_OC_MspInit                                build/stm32g4xx_hal_tim.o
HAL_TIM_OC_Start                                  build/stm32g4xx_hal_tim.o
HAL_TIM_OC_Start_DMA                              build/stm32g4xx_hal_tim.o
HAL_TIM_OC_Start_IT                               build/stm32g4xx_hal_tim.o
HAL_TIM_OC_Stop                                   build/stm32g4xx_hal_tim.o
HAL_TIM_OC_Stop_DMA                               build/stm32g4xx_hal_tim.o
HAL_TIM_OC_Stop_IT                                build/stm32g4xx_hal_tim.o
HAL_TIM_OnePulse_ConfigChannel                    build/stm32g4xx_hal_tim.o
HAL_TIM_OnePulse_DeInit                           build/stm32g4xx_hal_tim.o
HAL_TIM_OnePulse_GetState                         build/stm32g4xx_hal_tim.o
HAL_TIM_OnePulse_Init                             build/stm32g4xx_hal_tim.o
HAL_TIM_OnePulse_MspDeInit                        build/stm32g4xx_hal_tim.o
HAL_TIM_OnePulse_MspInit                          build/stm32g4xx_hal_tim.o
HAL_TIM_OnePulse_Start                            build/stm32g4xx_hal_tim.o
HAL_TIM_OnePulse_Start_IT                         build/stm32g4xx_hal_tim.o
HAL_TIM_OnePulse_Stop                             build/stm32g4xx_hal_tim.o
HAL_TIM_OnePulse_Stop_IT                          build/stm32g4xx_hal_tim.o
HAL_TIM_PWM_ConfigChannel                         build/stm32g4xx_hal_tim.o
HAL_TIM_PWM_DeInit                                build/stm32g4xx_hal_tim.o
HAL_TIM_PWM_GetState                              build/stm32g4xx_hal_tim.o
HAL_TIM_PWM_Init                                  build/stm32g4xx_hal_tim.o
HAL_TIM_PWM_MspDeInit                             build/stm32g4xx_hal_tim.o
HAL_TIM_PWM_MspInit                               build/stm32g4xx_hal_tim.o
HAL_TIM_PWM_PulseFinishedCallback                 build/stm32g4xx_hal_tim.o
                                                  build/stm32g4xx_hal_tim_ex.o
HAL_TIM_PWM_PulseFinishedHalfCpltCallback         build/stm32g4xx_hal_tim.o
HAL_TIM_PWM_Start                                 build/stm32g4xx_hal_tim.o
HAL_TIM_PWM_Start_DMA                             build/stm32g4xx_hal_tim.o
HAL_TIM_PWM_Start_IT                              build/stm32g4xx_hal_tim.o
HAL_TIM_PWM_Stop                                  build/stm32g4xx_hal_tim.o
HAL_TIM_PWM_Stop_DMA                              build/stm32g4xx_hal_tim.o
HAL_TIM_PWM_Stop_IT                               build/stm32g4xx_hal_tim.o
HAL_TIM_PeriodElapsedCallback                     build/stm32g4xx_hal_tim.o
HAL_TIM_PeriodElapsedHalfCpltCallback             build/stm32g4xx_hal_tim.o
HAL_TIM_ReadCapturedValue                         build/stm32g4xx_hal_tim.o
HAL_TIM_SlaveConfigSynchro                        build/stm32g4xx_hal_tim.o
HAL_TIM_SlaveConfigSynchro_IT                     build/stm32g4xx_hal_tim.o
HAL_TIM_TriggerCallback                           build/stm32g4xx_hal_tim.o
HAL_TIM_TriggerHalfCpltCallback                   build/stm32g4xx_hal_tim.o
HRTIM1_FLT_IRQHandler                             build/startup_stm32g474xx.o
HRTIM1_Master_IRQHandler                          build/startup_stm32g474xx.o
HRTIM1_TIMA_IRQHandler                            build/startup_stm32g474xx.o
HRTIM1_TIMB_IRQHandler                            build/startup_stm32g474xx.o
HRTIM1_TIMC_IRQHandler                            build/startup_stm32g474xx.o
HRTIM1_TIMD_IRQHandler                            build/startup_stm32g474xx.o
HRTIM1_TIME_IRQHandler                            build/startup_stm32g474xx.o
HRTIM1_TIMF_IRQHandler                            build/startup_stm32g474xx.o
HardFault_Handler                                 build/stm32g4xx_it.o
I2C1_ER_IRQHandler                                build/startup_stm32g474xx.o
I2C1_EV_IRQHandler                                build/startup_stm32g474xx.o
I2C2_ER_IRQHandler                                build/startup_stm32g474xx.o
I2C2_EV_IRQHandler                                build/startup_stm32g474xx.o
I2C3_ER_IRQHandler                                build/startup_stm32g474xx.o
I2C3_EV_IRQHandler                                build/startup_stm32g474xx.o
I2C4_ER_IRQHandler                                build/startup_stm32g474xx.o
I2C4_EV_IRQHandler                                build/startup_stm32g474xx.o
LPTIM1_IRQHandler                                 build/startup_stm32g474xx.o
LPUART1_IRQHandler                                build/startup_stm32g474xx.o
MX_FDCAN1_Init                                    build/fdcan.o
                                                  build/main.o
MX_GPIO_Init                                      build/gpio.o
                                                  build/main.o
MX_TIM6_Init                                      build/tim.o
                                                  build/main.o
MemManage_Handler                                 build/stm32g4xx_it.o
NMI_Handler                                       build/stm32g4xx_it.o
PVD_PVM_IRQHandler                                build/startup_stm32g474xx.o
PendSV_Handler                                    build/stm32g4xx_it.o
QUADSPI_IRQHandler                                build/startup_stm32g474xx.o
RCC_IRQHandler                                    build/startup_stm32g474xx.o
RNG_IRQHandler                                    build/startup_stm32g474xx.o
RTC_Alarm_IRQHandler                              build/startup_stm32g474xx.o
RTC_TAMP_LSECSS_IRQHandler                        build/startup_stm32g474xx.o
RTC_WKUP_IRQHandler                               build/startup_stm32g474xx.o
Reset_Handler                                     build/startup_stm32g474xx.o
SAI1_IRQHandler                                   build/startup_stm32g474xx.o
SPI1_IRQHandler                                   build/startup_stm32g474xx.o
SPI2_IRQHandler                                   build/startup_stm32g474xx.o
SPI3_IRQHandler                                   build/startup_stm32g474xx.o
SPI4_IRQHandler                                   build/startup_stm32g474xx.o
SVC_Handler                                       build/stm32g4xx_it.o
SysTick_Handler                                   build/stm32g4xx_it.o
SystemClock_Config                                build/main.o
SystemCoreClock                                   build/system_stm32g4xx.o
                                                  build/stm32g4xx_hal_pwr_ex.o
                                                  build/stm32g4xx_hal_flash_ramfunc.o
                                                  build/stm32g4xx_hal_rcc.o
                                                  build/stm32g4xx_hal.o
SystemCoreClockUpdate                             build/system_stm32g4xx.o
SystemInit                                        build/system_stm32g4xx.o
                                                  build/startup_stm32g474xx.o
TIM1_BRK_TIM15_IRQHandler                         build/startup_stm32g474xx.o
TIM1_CC_IRQHandler                                build/startup_stm32g474xx.o
TIM1_TRG_COM_TIM17_IRQHandler                     build/startup_stm32g474xx.o
TIM1_UP_TIM16_IRQHandler                          build/startup_stm32g474xx.o
TIM20_BRK_IRQHandler                              build/startup_stm32g474xx.o
TIM20_CC_IRQHandler                               build/startup_stm32g474xx.o
TIM20_TRG_COM_IRQHandler                          build/startup_stm32g474xx.o
TIM20_UP_IRQHandler                               build/startup_stm32g474xx.o
TIM2_IRQHandler                                   build/startup_stm32g474xx.o
TIM3_IRQHandler                                   build/startup_stm32g474xx.o
TIM4_IRQHandler                                   build/startup_stm32g474xx.o
TIM5_IRQHandler                                   build/startup_stm32g474xx.o
TIM6_DAC_IRQHandler                               build/stm32g4xx_it.o
TIM7_DAC_IRQHandler                               build/startup_stm32g474xx.o
TIM8_BRK_IRQHandler                               build/startup_stm32g474xx.o
TIM8_CC_IRQHandler                                build/startup_stm32g474xx.o
TIM8_TRG_COM_IRQHandler                           build/startup_stm32g474xx.o
TIM8_UP_IRQHandler                                build/startup_stm32g474xx.o
TIMEx_DMACommutationCplt                          build/stm32g4xx_hal_tim_ex.o
                                                  build/stm32g4xx_hal_tim.o
TIMEx_DMACommutationHalfCplt                      build/stm32g4xx_hal_tim_ex.o
                                                  build/stm32g4xx_hal_tim.o
TIM_Base_SetConfig                                build/stm32g4xx_hal_tim.o
                                                  build/stm32g4xx_hal_tim_ex.o
TIM_CCxChannelCmd                                 build/stm32g4xx_hal_tim.o
                                                  build/stm32g4xx_hal_tim_ex.o
TIM_DMACaptureCplt                                build/stm32g4xx_hal_tim.o
                                                  build/stm32g4xx_hal_tim_ex.o
TIM_DMACaptureHalfCplt                            build/stm32g4xx_hal_tim.o
                                                  build/stm32g4xx_hal_tim_ex.o
TIM_DMADelayPulseHalfCplt                         build/stm32g4xx_hal_tim.o
                                                  build/stm32g4xx_hal_tim_ex.o
TIM_DMAError                                      build/stm32g4xx_hal_tim.o
                                                  build/stm32g4xx_hal_tim_ex.o
TIM_ETR_SetConfig                                 build/stm32g4xx_hal_tim.o
                                                  build/stm32g4xx_hal_tim_ex.o
TIM_OC2_SetConfig                                 build/stm32g4xx_hal_tim.o
                                                  build/stm32g4xx_hal_tim_ex.o
TIM_TI1_SetConfig                                 build/stm32g4xx_hal_tim.o
                                                  build/stm32g4xx_hal_tim_ex.o
UART4_IRQHandler                                  build/startup_stm32g474xx.o