Archive member included to satisfy reference by file (symbol)

D:/msys64/mingw64/bin/../lib/gcc/arm-none-eabi/13.3.0/../../../../arm-none-eabi/lib/thumb/v7e-m+fp/hard\libc_nano.a(libc_a-atexit.o)
                              D:/msys64/mingw64/bin/../lib/gcc/arm-none-eabi/13.3.0/../../../../arm-none-eabi/lib/thumb/v7e-m+fp/hard/crt0.o (atexit)
D:/msys64/mingw64/bin/../lib/gcc/arm-none-eabi/13.3.0/../../../../arm-none-eabi/lib/thumb/v7e-m+fp/hard\libc_nano.a(libc_a-exit.o)
                              D:/msys64/mingw64/bin/../lib/gcc/arm-none-eabi/13.3.0/../../../../arm-none-eabi/lib/thumb/v7e-m+fp/hard/crt0.o (exit)
D:/msys64/mingw64/bin/../lib/gcc/arm-none-eabi/13.3.0/../../../../arm-none-eabi/lib/thumb/v7e-m+fp/hard\libc_nano.a(libc_a-findfp.o)
                              D:/msys64/mingw64/bin/../lib/gcc/arm-none-eabi/13.3.0/../../../../arm-none-eabi/lib/thumb/v7e-m+fp/hard\libc_nano.a(libc_a-exit.o) (__stdio_exit_handler)
D:/msys64/mingw64/bin/../lib/gcc/arm-none-eabi/13.3.0/../../../../arm-none-eabi/lib/thumb/v7e-m+fp/hard\libc_nano.a(libc_a-fwalk.o)
                              D:/msys64/mingw64/bin/../lib/gcc/arm-none-eabi/13.3.0/../../../../arm-none-eabi/lib/thumb/v7e-m+fp/hard\libc_nano.a(libc_a-findfp.o) (_fwalk_sglue)
D:/msys64/mingw64/bin/../lib/gcc/arm-none-eabi/13.3.0/../../../../arm-none-eabi/lib/thumb/v7e-m+fp/hard\libc_nano.a(libc_a-stdio.o)
                              D:/msys64/mingw64/bin/../lib/gcc/arm-none-eabi/13.3.0/../../../../arm-none-eabi/lib/thumb/v7e-m+fp/hard\libc_nano.a(libc_a-findfp.o) (__sread)
D:/msys64/mingw64/bin/../lib/gcc/arm-none-eabi/13.3.0/../../../../arm-none-eabi/lib/thumb/v7e-m+fp/hard\libc_nano.a(libc_a-memset.o)
                              D:/msys64/mingw64/bin/../lib/gcc/arm-none-eabi/13.3.0/../../../../arm-none-eabi/lib/thumb/v7e-m+fp/hard/crt0.o (memset)
D:/msys64/mingw64/bin/../lib/gcc/arm-none-eabi/13.3.0/../../../../arm-none-eabi/lib/thumb/v7e-m+fp/hard\libc_nano.a(libc_a-closer.o)
                              D:/msys64/mingw64/bin/../lib/gcc/arm-none-eabi/13.3.0/../../../../arm-none-eabi/lib/thumb/v7e-m+fp/hard\libc_nano.a(libc_a-stdio.o) (_close_r)
D:/msys64/mingw64/bin/../lib/gcc/arm-none-eabi/13.3.0/../../../../arm-none-eabi/lib/thumb/v7e-m+fp/hard\libc_nano.a(libc_a-reent.o)
                              D:/msys64/mingw64/bin/../lib/gcc/arm-none-eabi/13.3.0/../../../../arm-none-eabi/lib/thumb/v7e-m+fp/hard\libc_nano.a(libc_a-closer.o) (errno)
D:/msys64/mingw64/bin/../lib/gcc/arm-none-eabi/13.3.0/../../../../arm-none-eabi/lib/thumb/v7e-m+fp/hard\libc_nano.a(libc_a-impure.o)
                              D:/msys64/mingw64/bin/../lib/gcc/arm-none-eabi/13.3.0/../../../../arm-none-eabi/lib/thumb/v7e-m+fp/hard\libc_nano.a(libc_a-reent.o) (_impure_ptr)
D:/msys64/mingw64/bin/../lib/gcc/arm-none-eabi/13.3.0/../../../../arm-none-eabi/lib/thumb/v7e-m+fp/hard\libc_nano.a(libc_a-lseekr.o)
                              D:/msys64/mingw64/bin/../lib/gcc/arm-none-eabi/13.3.0/../../../../arm-none-eabi/lib/thumb/v7e-m+fp/hard\libc_nano.a(libc_a-stdio.o) (_lseek_r)
D:/msys64/mingw64/bin/../lib/gcc/arm-none-eabi/13.3.0/../../../../arm-none-eabi/lib/thumb/v7e-m+fp/hard\libc_nano.a(libc_a-readr.o)
                              D:/msys64/mingw64/bin/../lib/gcc/arm-none-eabi/13.3.0/../../../../arm-none-eabi/lib/thumb/v7e-m+fp/hard\libc_nano.a(libc_a-stdio.o) (_read_r)
D:/msys64/mingw64/bin/../lib/gcc/arm-none-eabi/13.3.0/../../../../arm-none-eabi/lib/thumb/v7e-m+fp/hard\libc_nano.a(libc_a-writer.o)
                              D:/msys64/mingw64/bin/../lib/gcc/arm-none-eabi/13.3.0/../../../../arm-none-eabi/lib/thumb/v7e-m+fp/hard\libc_nano.a(libc_a-stdio.o) (_write_r)
D:/msys64/mingw64/bin/../lib/gcc/arm-none-eabi/13.3.0/../../../../arm-none-eabi/lib/thumb/v7e-m+fp/hard\libc_nano.a(libc_a-errno.o)
                              build/sysmem.o (__errno)
D:/msys64/mingw64/bin/../lib/gcc/arm-none-eabi/13.3.0/../../../../arm-none-eabi/lib/thumb/v7e-m+fp/hard\libc_nano.a(libc_a-init.o)
                              D:/msys64/mingw64/bin/../lib/gcc/arm-none-eabi/13.3.0/../../../../arm-none-eabi/lib/thumb/v7e-m+fp/hard/crt0.o (__libc_init_array)
D:/msys64/mingw64/bin/../lib/gcc/arm-none-eabi/13.3.0/../../../../arm-none-eabi/lib/thumb/v7e-m+fp/hard\libc_nano.a(libc_a-fini.o)
                              D:/msys64/mingw64/bin/../lib/gcc/arm-none-eabi/13.3.0/../../../../arm-none-eabi/lib/thumb/v7e-m+fp/hard/crt0.o (__libc_fini_array)
D:/msys64/mingw64/bin/../lib/gcc/arm-none-eabi/13.3.0/../../../../arm-none-eabi/lib/thumb/v7e-m+fp/hard\libc_nano.a(libc_a-lock.o)
                              D:/msys64/mingw64/bin/../lib/gcc/arm-none-eabi/13.3.0/../../../../arm-none-eabi/lib/thumb/v7e-m+fp/hard\libc_nano.a(libc_a-findfp.o) (__retarget_lock_init_recursive)
D:/msys64/mingw64/bin/../lib/gcc/arm-none-eabi/13.3.0/../../../../arm-none-eabi/lib/thumb/v7e-m+fp/hard\libc_nano.a(libc_a-__atexit.o)
[...]
Memory Configuration

Name             Origin             Length             Attributes
RAM              0x20000000         0x00020000         xrw
FLASH            0x08000000         0x00080000         xr
*default*        0x00000000         0xffffffff

Linker script and memory map

LOAD D:/msys64/mingw64/bin/../lib/gcc/arm-none-eabi/13.3.0/thumb/v7e-m+fp/hard/crti.o
LOAD D:/msys64/mingw64/bin/../lib/gcc/arm-none-eabi/13.3.0/thumb/v7e-m+fp/hard/crtbegin.o
LOAD D:/msys64/mingw64/bin/../lib/gcc/arm-none-eabi/13.3.0/../../../../arm-none-eabi/lib/thumb/v7e-m+fp/hard/crt0.o
LOAD build/main.o
LOAD build/gpio.o
LOAD build/fdcan.o
LOAD build/tim.o
LOAD build/stm32g4xx_it.o
LOAD build/stm32g4xx_hal_msp.o
LOAD build/stm32g4xx_hal_fdcan.o
LOAD build/stm32g4xx_hal.o
LOAD build/stm32g4xx_hal_rcc.o
LOAD build/stm32g4xx_hal_rcc_ex.o
LOAD build/stm32g4xx_hal_flash.o
LOAD build/stm32g4xx_hal_flash_ex.o
LOAD build/stm32g4xx_hal_flash_ramfunc.o
LOAD build/stm32g4xx_hal_gpio.o
LOAD build/stm32g4xx_hal_exti.o
LOAD build/stm32g4xx_hal_dma.o
LOAD build/stm32g4xx_hal_dma_ex.o
LOAD build/stm32g4xx_hal_pwr.o
LOAD build/stm32g4xx_hal_pwr_ex.o
LOAD build/stm32g4xx_hal_cortex.o
LOAD build/stm32g4xx_hal_tim.o
LOAD build/stm32g4xx_hal_tim_ex.o
LOAD build/system_stm32g4xx.o
LOAD build/sysmem.o
LOAD build/syscalls.o
LOAD build/bsp_fdcan.o
LOAD build/GIM6010.o
LOAD build/GIM6010_8.o
LOAD build/lcd.o
LOAD build/spi.o
LOAD build/stm32g4xx_hal_spi.o
LOAD build/stm32g4xx_hal_spi_ex.o
LOAD build/startup_stm32g474xx.o
LOAD D:/msys64/mingw64/bin/../lib/gcc/arm-none-eabi/13.3.0/../../../../arm-none-eabi/lib/thumb/v7e-m+fp/hard\libc_nano.a
LOAD D:/msys64/mingw64/bin/../lib/gcc/arm-none-eabi/13.3.0/../../../../arm-none-eabi/lib/thumb/v7e-m+fp/hard\libm.a
LOAD D:/msys64/mingw64/bin/../lib/gcc/arm-none-eabi/13.3.0/../../../../arm-none-eabi/lib/thumb/v7e-m+fp/hard\libnosys.a
START GROUP
LOAD D:/msys64/mingw64/bin/../lib/gcc/arm-none-eabi/13.3.0/thumb/v7e-m+fp/hard\libgcc.a
LOAD D:/msys64/mingw64/bin/../lib/gcc/arm-none-eabi/13.3.0/../../../../arm-none-eabi/lib/thumb/v7e-m+fp/hard\libc_nano.a
END GROUP
START GROUP
LOAD D:/msys64/mingw64/bin/../lib/gcc/arm-none-eabi/13.3.0/thumb/v7e-m+fp/hard\libgcc.a
LOAD D:/msys64/mingw64/bin/../lib/gcc/arm-none-eabi/13.3.0/../../../../arm-none-eabi/lib/thumb/v7e-m+fp/hard\libc_nano.a
END GROUP
LOAD D:/msys64/mingw64/bin/../lib/gcc/arm-none-eabi/13.3.0/thumb/v7e-m+fp/hard/crtend.o
LOAD D:/msys64/mingw64/bin/../lib/gcc/arm-none-eabi/13.3.0/thumb/v7e-m+fp/hard/crtn.o
                0x20020000                        _estack = (ORIGIN (RAM) + LENGTH (RAM))
                0x00000200                        _Min_Heap_Size = 0x200
                0x00000400                        _Min_Stack_Size = 0x400

.isr_vector     0x08000000      0x1d8
                0x08000000                        . = ALIGN (0x4)
 *(.isr_vector)
 .isr_vector    0x08000000      0x1d8 build/startup_stm32g474xx.o
                0x08000000                g_pfnVectors
                0x080001d8                        . = ALIGN (0x4)

.text           0x080001d8     0x5380
                0x080001d8                        . = ALIGN (0x4)
 *(.text)
 .text          0x080001d8       0xa4 D:/msys64/mingw64/bin/../lib/gcc/arm-none-eabi/13.3.0/../../../../arm-none-eabi/lib/thumb/v7e-m+fp/hard\libc_nano.a(libc_a-memset.o)
                0x080001d8                memset
 .text          0x0800027c       0x50 D:/msys64/mingw64/bin/../lib/gcc/arm-none-eabi/13.3.0/../../../../arm-none-eabi/lib/thumb/v7e-m+fp/hard\libc_nano.a(libc_a-init.o)
                0x0800027c                __libc_init_array
 *fill*         0x080002cc        0x4 
 .text          0x080002d0       0x88 D:/msys64/mingw64/bin/../lib/gcc/arm-none-eabi/13.3.0/../../../../arm-none-eabi/lib/thumb/v7e-m+fp/hard\libm.a(libm_a-s_cos.o)
                0x080002d0                cos
 .text          0x08000358      0x264 D:/msys64/mingw64/bin/../lib/gcc/arm-none-eabi/13.3.0/../../../../arm-none-eabi/lib/thumb/v7e-m+fp/hard\libm.a(libm_a-k_cos.o)
                0x08000358                __kernel_cos
 *fill*         0x080005bc        0x4 
 .text          0x080005c0      0x17c D:/msys64/mingw64/bin/../lib/gcc/arm-none-eabi/13.3.0/../../../../arm-none-eabi/lib/thumb/v7e-m+fp/hard\libm.a(libm_a-k_sin.o)
                0x080005c0                __kernel_sin
 *fill*         0x0800073c        0x4 
 .text          0x08000740      0x444 D:/msys64/mingw64/bin/../lib/gcc/arm-none-eabi/13.3.0/../../../../arm-none-eabi/lib/thumb/v7e-m+fp/hard\libm.a(libm_a-e_rem_pio2.o)
                0x08000740                __ieee754_rem_pio2
 .text          0x08000b84       0x10 D:/msys64/mingw64/bin/../lib/gcc/arm-none-eabi/13.3.0/../../../../arm-none-eabi/lib/thumb/v7e-m+fp/hard\libm.a(libm_a-s_fabs.o)
                0x08000b84                fabs
 *fill*         0x08000b94        0x4 
 .text          0x08000b98      0x868 D:/msys64/mingw64/bin/../lib/gcc/arm-none-eabi/13.3.0/../../../../arm-none-eabi/lib/thumb/v7e-m+fp/hard\libm.a(libm_a-k_rem_pio2.o)
                0x08000b98                __kernel_rem_pio2
 .text          0x08001400      0x114 D:/msys64/mingw64/bin/../lib/gcc/arm-none-eabi/13.3.0/../../../../arm-none-eabi/lib/thumb/v7e-m+fp/hard\libm.a(libm_a-s_scalbn.o)
                0x08001400                scalbn
 *fill*         0x08001514        0x4 
 .text          0x08001518      0x108 D:/msys64/mingw64/bin/../lib/gcc/arm-none-eabi/13.3.0/../../../../arm-none-eabi/lib/thumb/v7e-m+fp/hard\libm.a(libm_a-s_floor.o)
                0x08001518                floor
 .text          0x08001620      0x254 D:/msys64/mingw64/bin/../lib/gcc/arm-none-eabi/13.3.0/thumb/v7e-m+fp/hard\libgcc.a(_arm_muldf3.o)
                0x08001620                __muldf3
                0x08001620                __aeabi_dmul
 .text          0x08001874      0x378 D:/msys64/mingw64/bin/../lib/gcc/arm-none-eabi/13.3.0/thumb/v7e-m+fp/hard\libgcc.a(_arm_addsubdf3.o)
                0x08001874                __aeabi_drsub
                0x0800187c                __aeabi_dsub
                0x0800187c                __subdf3
                0x08001880                __aeabi_dadd
                0x08001880                __adddf3
                0x08001af8                __floatunsidf
                0x08001af8                __aeabi_ui2d
                0x08001b18                __floatsidf
                0x08001b18                __aeabi_i2d
                0x08001b3c                __aeabi_f2d
                0x08001b3c                __extendsfdf2
                0x08001b80                __floatundidf
                0x08001b80                __aeabi_ul2d
                0x08001b90                __floatdidf
                0x08001b90                __aeabi_l2d
 .text          0x08001bec      0x110 D:/msys64/mingw64/bin/../lib/gcc/arm-none-eabi/13.3.0/thumb/v7e-m+fp/hard\libgcc.a(_arm_cmpdf2.o)
                0x08001bec                __gtdf2
                0x08001bec                __gedf2
                0x08001bf4                __ltdf2
                0x08001bf4                __ledf2
                0x08001bfc                __nedf2
                0x08001bfc                __eqdf2
                0x08001bfc                __cmpdf2
                0x08001c78                __aeabi_cdrcmple
                0x08001c88                __aeabi_cdcmpeq
                0x08001c88                __aeabi_cdcmple
                0x08001c98                __aeabi_dcmpeq
                0x08001cac                __aeabi_dcmplt
                0x08001cc0                __aeabi_dcmple
                0x08001cd4                __aeabi_dcmpge
                0x08001ce8                __aeabi_dcmpgt
 .text          0x08001cfc       0x50 D:/msys64/mingw64/bin/../lib/gcc/arm-none-eabi/13.3.0/thumb/v7e-m+fp/hard\libgcc.a(_arm_fixdfsi.o)
                0x08001cfc                __aeabi_d2iz
                0x08001cfc                __fixdfsi
 .text          0x08001d4c       0xa0 D:/msys64/mingw64/bin/../lib/gcc/arm-none-eabi/13.3.0/thumb/v7e-m+fp/hard\libgcc.a(_arm_truncdfsf2.o)
                0x08001d4c                __truncdfsf2
                0x08001d4c                __aeabi_d2f
 *(.text*)
 .text.__do_global_dtors_aux
                0x08001dec       0x24 D:/msys64/mingw64/bin/../lib/gcc/arm-none-eabi/13.3.0/thumb/v7e-m+fp/hard/crtbegin.o
 .text.frame_dummy
                0x08001e10       0x1c D:/msys64/mingw64/bin/../lib/gcc/arm-none-eabi/13.3.0/thumb/v7e-m+fp/hard/crtbegin.o
 .text.main     0x08001e2c       0x50 build/main.o
                0x08001e2c                main
 .text.SystemClock_Config
                0x08001e7c       0x92 build/main.o
                0x08001e7c                SystemClock_Config
 *fill*         0x08001f0e        0x2 
 .text.ReadParameter
                0x08001f10       0x20 build/main.o
 .text.Control_State_Machine
                0x08001f30       0xb4 build/main.o
 .text.Error_Handler
                0x08001fe4       0x1c build/main.o
                0x08001fe4                Error_Handler
 .text.MX_GPIO_Init
                0x08002000      0x120 build/gpio.o
                0x08002000                MX_GPIO_Init
 .text.MX_FDCAN1_Init
                0x08002120       0x8c build/fdcan.o
                0x08002120                MX_FDCAN1_Init
 .text.HAL_FDCAN_MspInit
                0x080021ac       0xc8 build/fdcan.o
                0x080021ac                HAL_FDCAN_MspInit
 .text.MX_TIM6_Init
                0x08002274       0x6c build/tim.o
                0x08002274                MX_TIM6_Init
 .text.HAL_TIM_Base_MspInit
                0x080022e0       0x4c build/tim.o
                0x080022e0                HAL_TIM_Base_MspInit
 .text.NMI_Handler
                0x0800232c        0x8 build/stm32g4xx_it.o
                0x0800232c                NMI_Handler
 .text.HardFault_Handler
                0x08002334        0x8 build/stm32g4xx_it.o
                0x08002334                HardFault_Handler
 .text.MemManage_Handler
                0x0800233c        0x8 build/stm32g4xx_it.o
                0x0800233c                MemManage_Handler
 .text.BusFault_Handler
                0x08002344        0x8 build/stm32g4xx_it.o
                0x08002344                BusFault_Handler
 .text.UsageFault_Handler
                0x0800234c        0x8 build/stm32g4xx_it.o
                0x0800234c                UsageFault_Handler
 .text.SVC_Handler
                0x08002354        0xe build/stm32g4xx_it.o
                0x08002354                SVC_Handler
 .text.DebugMon_Handler
                0x08002362        0xe build/stm32g4xx_it.o
                0x08002362                DebugMon_Handler
 .text.PendSV_Handler
                0x08002370        0xe build/stm32g4xx_it.o
                0x08002370                PendSV_Handler
 .text.SysTick_Handler
                0x0800237e        0xc build/stm32g4xx_it.o
                0x0800237e                SysTick_Handler
 *fill*         0x0800238a        0x2 
 .text.FDCAN1_IT0_IRQHandler
                0x0800238c       0x14 build/stm32g4xx_it.o
                0x0800238c                FDCAN1_IT0_IRQHandler
 .text.TIM6_DAC_IRQHandler
                0x080023a0       0x14 build/stm32g4xx_it.o
                0x080023a0                TIM6_DAC_IRQHandler
 .text.HAL_MspInit
                0x080023b4       0x48 build/stm32g4xx_hal_msp.o
                0x080023b4                HAL_MspInit
 .text.HAL_FDCAN_Init
                0x080023fc      0x2b4 build/stm32g4xx_hal_fdcan.o
                0x080023fc                HAL_FDCAN_Init
 .text.HAL_FDCAN_ConfigFilter
                0x080026b0       0xb4 build/stm32g4xx_hal_fdcan.o
                0x080026b0                HAL_FDCAN_ConfigFilter
 .text.HAL_FDCAN_Start
                0x08002764       0x50 build/stm32g4xx_hal_fdcan.o
                0x08002764                HAL_FDCAN_Start
 .text.HAL_FDCAN_Stop
                0x080027b4       0xe0 build/stm32g4xx_hal_fdcan.o
                0x080027b4                HAL_FDCAN_Stop
 .text.HAL_FDCAN_AddMessageToTxFifoQ
                0x08002894       0x88 build/stm32g4xx_hal_fdcan.o
                0x08002894                HAL_FDCAN_AddMessageToTxFifoQ
 .text.HAL_FDCAN_AbortTxRequest
                0x0800291c       0x3e build/stm32g4xx_hal_fdcan.o
                0x0800291c                HAL_FDCAN_AbortTxRequest
 *fill*         0x0800295a        0x2 
 .text.HAL_FDCAN_GetRxMessage
                0x0800295c      0x210 build/stm32g4xx_hal_fdcan.o
                0x0800295c                HAL_FDCAN_GetRxMessage
 .text.HAL_FDCAN_GetTxFifoFreeLevel
                0x08002b6c       0x24 build/stm32g4xx_hal_fdcan.o
                0x08002b6c                HAL_FDCAN_GetTxFifoFreeLevel
 .text.HAL_FDCAN_ActivateNotification
                0x08002b90      0x1cc build/stm32g4xx_hal_fdcan.o
                0x08002b90                HAL_FDCAN_ActivateNotification
 .text.HAL_FDCAN_IRQHandler
                0x08002d5c      0x266 build/stm32g4xx_hal_fdcan.o
                0x08002d5c                HAL_FDCAN_IRQHandler
 .text.HAL_FDCAN_TxEventFifoCallback
                0x08002fc2       0x16 build/stm32g4xx_hal_fdcan.o
                0x08002fc2                HAL_FDCAN_TxEventFifoCallback
 .text.HAL_FDCAN_RxFifo1Callback
                0x08002fd8       0x16 build/stm32g4xx_hal_fdcan.o
                0x08002fd8                HAL_FDCAN_RxFifo1Callback
 .text.HAL_FDCAN_TxFifoEmptyCallback
                0x08002fee       0x14 build/stm32g4xx_hal_fdcan.o
                0x08002fee                HAL_FDCAN_TxFifoEmptyCallback
 .text.HAL_FDCAN_TxBufferCompleteCallback
                0x08003002       0x16 build/stm32g4xx_hal_fdcan.o
                0x08003002                HAL_FDCAN_TxBufferCompleteCallback
 .text.HAL_FDCAN_TxBufferAbortCallback
                0x08003018       0x16 build/stm32g4xx_hal_fdcan.o
                0x08003018                HAL_FDCAN_TxBufferAbortCallback
 .text.HAL_FDCAN_TimestampWraparoundCallback
                0x0800302e       0x14 build/stm32g4xx_hal_fdcan.o
                0x0800302e                HAL_FDCAN_TimestampWraparoundCallback
 .text.HAL_FDCAN_TimeoutOccurredCallback
                0x08003042       0x14 build/stm32g4xx_hal_fdcan.o
                0x08003042                HAL_FDCAN_TimeoutOccurredCallback
 .text.HAL_FDCAN_HighPriorityMessageCallback
                0x08003056       0x14 build/stm32g4xx_hal_fdcan.o
                0x08003056                HAL_FDCAN_HighPriorityMessageCallback
 .text.HAL_FDCAN_ErrorCallback
                0x0800306a       0x14 build/stm32g4xx_hal_fdcan.o
                0x0800306a                HAL_FDCAN_ErrorCallback
 .text.HAL_FDCAN_ErrorStatusCallback
                0x0800307e       0x16 build/stm32g4xx_hal_fdcan.o
                0x0800307e                HAL_FDCAN_ErrorStatusCallback
 .text.FDCAN_CalcultateRamBlockAddresses
                0x08003094       0xd8 build/stm32g4xx_hal_fdcan.o
 .text.FDCAN_CopyMessageToRAM
                0x0800316c       0xf8 build/stm32g4xx_hal_fdcan.o
 .text.HAL_Init
                0x08003264       0x30 build/stm32g4xx_hal.o
                0x08003264                HAL_Init
 .text.HAL_InitTick
                0x08003294       0x74 build/stm32g4xx_hal.o
                0x08003294                HAL_InitTick
 .text.HAL_IncTick
                0x08003308       0x24 build/stm32g4xx_hal.o
                0x08003308                HAL_IncTick
 .text.HAL_GetTick
                0x0800332c       0x18 build/stm32g4xx_hal.o
                0x0800332c                HAL_GetTick
 .text.HAL_Delay
                0x08003344       0x44 build/stm32g4xx_hal.o
                0x08003344                HAL_Delay
 .text.HAL_RCC_OscConfig
                0x08003388      0x624 build/stm32g4xx_hal_rcc.o
                0x08003388                HAL_RCC_OscConfig
 .text.HAL_RCC_ClockConfig
                0x080039ac      0x278 build/stm32g4xx_hal_rcc.o
                0x080039ac                HAL_RCC_ClockConfig
 .text.HAL_RCC_GetSysClockFreq
                0x08003c24       0xc4 build/stm32g4xx_hal_rcc.o
                0x08003c24                HAL_RCC_GetSysClockFreq
 .text.RCC_GetSysClockFreqFromPLLSource
                0x08003ce8       0x8c build/stm32g4xx_hal_rcc.o
 .text.HAL_RCCEx_PeriphCLKConfig
                0x08003d74      0x49c build/stm32g4xx_hal_rcc_ex.o
                0x08003d74                HAL_RCCEx_PeriphCLKConfig
 .text.HAL_GPIO_Init
                0x08004210      0x304 build/stm32g4xx_hal_gpio.o
                0x08004210                HAL_GPIO_Init
 .text.HAL_GPIO_WritePin
                0x08004514       0x30 build/stm32g4xx_hal_gpio.o
                0x08004514                HAL_GPIO_WritePin
 .text.HAL_PWREx_ControlVoltageScaling
                0x08004544      0x148 build/stm32g4xx_hal_pwr_ex.o
                0x08004544                HAL_PWREx_ControlVoltageScaling
 .text.HAL_PWREx_DisableUCPDDeadBattery
                0x0800468c       0x20 build/stm32g4xx_hal_pwr_ex.o
                0x0800468c                HAL_PWREx_DisableUCPDDeadBattery
 .text.__NVIC_SetPriorityGrouping
                0x080046ac       0x48 build/stm32g4xx_hal_cortex.o
 .text.__NVIC_GetPriorityGrouping
                0x080046f4       0x1c build/stm32g4xx_hal_cortex.o
 .text.__NVIC_EnableIRQ
                0x08004710       0x3c build/stm32g4xx_hal_cortex.o
 .text.__NVIC_SetPriority
                0x0800474c       0x54 build/stm32g4xx_hal_cortex.o
 .text.NVIC_EncodePriority
                0x080047a0       0x66 build/stm32g4xx_hal_cortex.o
 *fill*         0x08004806        0x2 
 .text.SysTick_Config
                0x08004808       0x44 build/stm32g4xx_hal_cortex.o
 .text.HAL_NVIC_SetPriorityGrouping
                0x0800484c       0x16 build/stm32g4xx_hal_cortex.o
                0x0800484c                HAL_NVIC_SetPriorityGrouping
 .text.HAL_NVIC_SetPriority
                0x08004862       0x34 build/stm32g4xx_hal_cortex.o
                0x08004862                HAL_NVIC_SetPriority
 .text.HAL_NVIC_EnableIRQ
                0x08004896       0x1c build/stm32g4xx_hal_cortex.o
                0x08004896                HAL_NVIC_EnableIRQ
 .text.HAL_SYSTICK_Config
                0x080048b2       0x18 build/stm32g4xx_hal_cortex.o
                0x080048b2                HAL_SYSTICK_Config
 .text.HAL_TIM_Base_Init
                0x080048ca       0xae build/stm32g4xx_hal_tim.o
                0x080048ca                HAL_TIM_Base_Init
 .text.HAL_TIM_IRQHandler
                0x08004978      0x29e build/stm32g4xx_hal_tim.o
                0x08004978                HAL_TIM_IRQHandler
 .text.HAL_TIM_PeriodElapsedCallback
                0x08004c16       0x14 build/stm32g4xx_hal_tim.o
                0x08004c16                HAL_TIM_PeriodElapsedCallback
 .text.HAL_TIM_OC_DelayElapsedCallback
                0x08004c2a       0x14 build/stm32g4xx_hal_tim.o
                0x08004c2a                HAL_TIM_OC_DelayElapsedCallback
 .text.HAL_TIM_IC_CaptureCallback
                0x08004c3e       0x14 build/stm32g4xx_hal_tim.o
                0x08004c3e                HAL_TIM_IC_CaptureCallback
 .text.HAL_TIM_PWM_PulseFinishedCallback
                0x08004c52       0x14 build/stm32g4xx_hal_tim.o
                0x08004c52                HAL_TIM_PWM_PulseFinishedCallback
 .text.HAL_TIM_TriggerCallback
                0x08004c66       0x14 build/stm32g4xx_hal_tim.o
                0x08004c66                HAL_TIM_TriggerCallback
 *fill*         0x08004c7a        0x2 
 .text.TIM_Base_SetConfig
                0x08004c7c      0x168 build/stm32g4xx_hal_tim.o
                0x08004c7c                TIM_Base_SetConfig
 .text.HAL_TIMEx_MasterConfigSynchronization
                0x08004de4      0x12c build/stm32g4xx_hal_tim_ex.o
                0x08004de4                HAL_TIMEx_MasterConfigSynchronization
 .text.HAL_TIMEx_CommutCallback
                0x08004f10       0x14 build/stm32g4xx_hal_tim_ex.o
                0x08004f10                HAL_TIMEx_CommutCallback
 .text.HAL_TIMEx_BreakCallback
                0x08004f24       0x14 build/stm32g4xx_hal_tim_ex.o
                0x08004f24                HAL_TIMEx_BreakCallback
 .text.HAL_TIMEx_Break2Callback
                0x08004f38       0x14 build/stm32g4xx_hal_tim_ex.o
                0x08004f38                HAL_TIMEx_Break2Callback
 .text.HAL_TIMEx_EncoderIndexCallback
                0x08004f4c       0x14 build/stm32g4xx_hal_tim_ex.o
                0x08004f4c                HAL_TIMEx_EncoderIndexCallback
 .text.HAL_TIMEx_DirectionChangeCallback
                0x08004f60       0x14 build/stm32g4xx_hal_tim_ex.o
                0x08004f60                HAL_TIMEx_DirectionChangeCallback
 .text.HAL_TIMEx_IndexErrorCallback
                0x08004f74       0x14 build/stm32g4xx_hal_tim_ex.o
                0x08004f74                HAL_TIMEx_IndexErrorCallback
 .text.HAL_TIMEx_TransitionErrorCallback
                0x08004f88       0x14 build/stm32g4xx_hal_tim_ex.o
                0x08004f88                HAL_TIMEx_TransitionErrorCallback
 .text.SystemInit
                0x08004f9c       0x24 build/system_stm32g4xx.o
                0x08004f9c                SystemInit
 .text.fdcan_user_init
                0x08004fc0       0x50 build/bsp_fdcan.o
                0x08004fc0                fdcan_user_init
 .text.fdcan_send_message
                0x08005010       0x68 build/bsp_fdcan.o
                0x08005010                fdcan_send_message
 .text.HAL_FDCAN_RxFifo0Callback
                0x08005078       0x24 build/bsp_fdcan.o
                0x08005078                HAL_FDCAN_RxFifo0Callback
 .text.FDCAN_Recieve_Message
                0x0800509c       0x22 build/bsp_fdcan.o
                0x0800509c                FDCAN_Recieve_Message
 *fill*         0x080050be        0x2 
 .text.GIMCANMotorSetMode
                0x080050c0       0x30 build/GIM6010_8.o
                0x080050c0                GIMCANMotorSetMode
 .text.GIMCANMotorSetCurrent
                0x080050f0       0x64 build/GIM6010_8.o
                0x080050f0                GIMCANMotorSetCurrent
 *fill*         0x08005154        0x4 
 .text.fdcan1_rx_callback
                0x08005158      0x124 build/GIM6010_8.o
                0x08005158                fdcan1_rx_callback
 .text.GIM6010_Measure_Ptr
                0x0800527c       0x14 build/GIM6010_8.o
                0x0800527c                GIM6010_Measure_Ptr
 .text.MX_SPI3_Init
                0x08005290       0x7c build/spi.o
                0x08005290                MX_SPI3_Init
 .text.HAL_SPI_MspInit
                0x0800530c       0x88 build/spi.o
                0x0800530c                HAL_SPI_MspInit
 .text.HAL_SPI_Init
                0x08005394      0x156 build/stm32g4xx_hal_spi.o
                0x08005394                HAL_SPI_Init
 *fill*         0x080054ea        0x2 
 .text.Reset_Handler
                0x080054ec       0x50 build/startup_stm32g474xx.o
                0x080054ec                Reset_Handler
 .text.Default_Handler
                0x0800553c        0x2 build/startup_stm32g474xx.o
                0x0800553c                RTC_Alarm_IRQHandler
                0x0800553c                EXTI2_IRQHandler
                0x0800553c                TIM8_TRG_COM_IRQHandler
                0x0800553c                TIM8_CC_IRQHandler
                0x0800553c                HRTIM1_Master_IRQHandler
                0x0800553c                SPI4_IRQHandler
                0x0800553c                FDCAN3_IT0_IRQHandler
                0x0800553c                TIM1_CC_IRQHandler
                0x0800553c                HRTIM1_FLT_IRQHandler
                0x0800553c                HRTIM1_TIMF_IRQHandler
                0x0800553c                USB_HP_IRQHandler
                0x0800553c                CORDIC_IRQHandler
                0x0800553c                HRTIM1_TIMD_IRQHandler
                0x0800553c                DMA2_Channel8_IRQHandler
                0x0800553c                EXTI3_IRQHandler
                0x0800553c                I2C3_ER_IRQHandler
                0x0800553c                EXTI0_IRQHandler
                0x0800553c                I2C2_EV_IRQHandler
                0x0800553c                FPU_IRQHandler
                0x0800553c                FDCAN1_IT1_IRQHandler
                0x0800553c                TIM1_UP_TIM16_IRQHandler
                0x0800553c                ADC1_2_IRQHandler
                0x0800553c                HRTIM1_TIME_IRQHandler
                0x0800553c                SPI1_IRQHandler
                0x0800553c                HRTIM1_TIMC_IRQHandler
                0x0800553c                TIM8_UP_IRQHandler
                0x0800553c                DMA2_Channel2_IRQHandler
                0x0800553c                DMA1_Channel4_IRQHandler
                0x0800553c                TIM20_TRG_COM_IRQHandler
                0x0800553c                USART3_IRQHandler
                0x0800553c                DMA1_Channel7_IRQHandler
                0x0800553c                UART5_IRQHandler
                0x0800553c                ADC3_IRQHandler
                0x0800553c                TIM4_IRQHandler
                0x0800553c                DMA2_Channel1_IRQHandler
                0x0800553c                QUADSPI_IRQHandler
                0x0800553c                I2C1_EV_IRQHandler
                0x0800553c                DMA1_Channel6_IRQHandler
                0x0800553c                UART4_IRQHandler
                0x0800553c                DMA2_Channel4_IRQHandler
                0x0800553c                TIM3_IRQHandler
                0x0800553c                RCC_IRQHandler
                0x0800553c                TIM20_UP_IRQHandler
                0x0800553c                DMA1_Channel1_IRQHandler
                0x0800553c                Default_Handler
                0x0800553c                DMA2_Channel7_IRQHandler
                0x0800553c                RTC_TAMP_LSECSS_IRQHandler
                0x0800553c                FMAC_IRQHandler
                0x0800553c                EXTI15_10_IRQHandler
                0x0800553c                DMA1_Channel8_IRQHandler
                0x0800553c                HRTIM1_TIMA_IRQHandler
                0x0800553c                TIM7_DAC_IRQHandler
                0x0800553c                FDCAN3_IT1_IRQHandler
                0x0800553c                TIM5_IRQHandler
                0x0800553c                UCPD1_IRQHandler
                0x0800553c                I2C3_EV_IRQHandler
                0x0800553c                EXTI9_5_IRQHandler
                0x0800553c                RTC_WKUP_IRQHandler
                0x0800553c                PVD_PVM_IRQHandler
                0x0800553c                SPI2_IRQHandler
                0x0800553c                ADC5_IRQHandler
                0x0800553c                DMA2_Channel5_IRQHandler
                0x0800553c                CRS_IRQHandler
                0x0800553c                DMA1_Channel5_IRQHandler
                0x0800553c                USB_LP_IRQHandler
                0x0800553c                EXTI4_IRQHandler
                0x0800553c                RNG_IRQHandler
                0x0800553c                HRTIM1_TIMB_IRQHandler
                0x0800553c                TIM1_TRG_COM_TIM17_IRQHandler
                0x0800553c                FDCAN2_IT1_IRQHandler
                0x0800553c                DMA1_Channel3_IRQHandler
                0x0800553c                ADC4_IRQHandler
                0x0800553c                WWDG_IRQHandler
                0x0800553c                I2C4_EV_IRQHandler
                0x0800553c                FDCAN2_IT0_IRQHandler
                0x0800553c                LPUART1_IRQHandler
                0x0800553c                DMA2_Channel6_IRQHandler
                0x0800553c                TIM2_IRQHandler
                0x0800553c                COMP7_IRQHandler
                0x0800553c                COMP1_2_3_IRQHandler
                0x0800553c                EXTI1_IRQHandler
                0x0800553c                USART2_IRQHandler
                0x0800553c                COMP4_5_6_IRQHandler
                0x0800553c                TIM20_BRK_IRQHandler
                0x0800553c                I2C2_ER_IRQHandler
                0x0800553c                DMA1_Channel2_IRQHandler
                0x0800553c                TIM8_BRK_IRQHandler
                0x0800553c                FLASH_IRQHandler
                0x0800553c                TIM20_CC_IRQHandler
                0x0800553c                USART1_IRQHandler
                0x0800553c                SPI3_IRQHandler
                0x0800553c                I2C1_ER_IRQHandler
                0x0800553c                FMC_IRQHandler
                0x0800553c                LPTIM1_IRQHandler
                0x0800553c                DMAMUX_OVR_IRQHandler
                0x0800553c                I2C4_ER_IRQHandler
                0x0800553c                USBWakeUp_IRQHandler
                0x0800553c                SAI1_IRQHandler
                0x0800553c                DMA2_Channel3_IRQHandler
                0x0800553c                TIM1_BRK_TIM15_IRQHandler
 *(.glue_7)
 .glue_7        0x0800553e        0x0 linker stubs
 *(.glue_7t)
 .glue_7t       0x0800553e        0x0 linker stubs
 *(.eh_frame)
 *fill*         0x0800553e        0x2 
 .eh_frame      0x08005540        0x0 D:/msys64/mingw64/bin/../lib/gcc/arm-none-eabi/13.3.0/thumb/v7e-m+fp/hard/crtbegin.o
 *(.init)
 .init          0x08005540        0x4 D:/msys64/mingw64/bin/../lib/gcc/arm-none-eabi/13.3.0/thumb/v7e-m+fp/hard/crti.o
                0x08005540                _init
 .init          0x08005544        0x8 D:/msys64/mingw64/bin/../lib/gcc/arm-none-eabi/13.3.0/thumb/v7e-m+fp/hard/crtn.o
 *(.fini)
 .fini          0x0800554c        0x4 D:/msys64/mingw64/bin/../lib/gcc/arm-none-eabi/13.3.0/thumb/v7e-m+fp/hard/crti.o
                0x0800554c                _fini
 .fini          0x08005550        0x8 D:/msys64/mingw64/bin/../lib/gcc/arm-none-eabi/13.3.0/thumb/v7e-m+fp/hard/crtn.o
                0x08005558                        . = ALIGN (0x4)
                0x08005558                        _etext = .

.vfp11_veneer   0x08005558        0x0
 .vfp11_veneer  0x08005558        0x0 linker stubs

.v4_bx          0x08005558        0x0
 .v4_bx         0x08005558        0x0 linker stubs

.iplt           0x08005558        0x0
 .iplt          0x08005558        0x0 D:/msys64/mingw64/bin/../lib/gcc/arm-none-eabi/13.3.0/thumb/v7e-m+fp/hard/crtbegin.o

.rodata         0x08005558      0x1f8
                0x08005558                        . = ALIGN (0x4)
 *(.rodata)
 .rodata        0x08005558      0x188 D:/msys64/mingw64/bin/../lib/gcc/arm-none-eabi/13.3.0/../../../../arm-none-eabi/lib/thumb/v7e-m+fp/hard\libm.a(libm_a-e_rem_pio2.o)
 .rodata        0x080056e0       0x50 D:/msys64/mingw64/bin/../lib/gcc/arm-none-eabi/13.3.0/../../../../arm-none-eabi/lib/thumb/v7e-m+fp/hard\libm.a(libm_a-k_rem_pio2.o)
 *(.rodata*)
 .rodata.DLCtoBytes
                0x08005730       0x10 build/stm32g4xx_hal_fdcan.o
 .rodata.AHBPrescTable
                0x08005740       0x10 build/system_stm32g4xx.o
                0x08005740                AHBPrescTable
                0x08005750                        . = ALIGN (0x4)

.rel.dyn        0x08005750        0x0
 .rel.iplt      0x08005750        0x0 D:/msys64/mingw64/bin/../lib/gcc/arm-none-eabi/13.3.0/thumb/v7e-m+fp/hard/crtbegin.o

.ARM.extab
 *(.ARM.extab* .gnu.linkonce.armextab.*)

.ARM            0x08005750        0x0
                0x08005750                        __exidx_start = .
 *(.ARM.exidx*)
                0x08005750                        __exidx_end = .

.preinit_array  0x08005750        0x0
                0x08005750                        PROVIDE (__preinit_array_start = .)
 *(.preinit_array*)
                0x08005750                        PROVIDE (__preinit_array_end = .)

.init_array     0x08005750        0x4
                0x08005750                        PROVIDE (__init_array_start = .)
 *(SORT_BY_NAME(.init_array.*))
 *(.init_array*)
 .init_array    0x08005750        0x4 D:/msys64/mingw64/bin/../lib/gcc/arm-none-eabi/13.3.0/thumb/v7e-m+fp/hard/crtbegin.o
                0x08005754                        PROVIDE (__init_array_end = .)

.fini_array     0x08005754        0x4
                0x08005754                        PROVIDE (__fini_array_start = .)
 *(SORT_BY_NAME(.fini_array.*))
 *(.fini_array*)
 .fini_array    0x08005754        0x4 D:/msys64/mingw64/bin/../lib/gcc/arm-none-eabi/13.3.0/thumb/v7e-m+fp/hard/crtbegin.o
                0x08005758                        PROVIDE (__fini_array_end = .)
                0x08005758                        _sidata = LOADADDR (.data)

.data           0x20000000       0x10 load address 0x08005758
                0x20000000                        . = ALIGN (0x4)
                0x20000000                        _sdata = .
 *(.data)
 *(.data*)
 .data.ki       0x20000000        0x4 build/main.o
                0x20000000                ki
 .data.uwTickPrio
                0x20000004        0x4 build/stm32g4xx_hal.o
                0x20000004                uwTickPrio
 .data.uwTickFreq
                0x20000008        0x4 build/stm32g4xx_hal.o
                0x20000008                uwTickFreq
 .data.SystemCoreClock
                0x2000000c        0x4 build/system_stm32g4xx.o
                0x2000000c                SystemCoreClock
                0x20000010                        . = ALIGN (0x4)
                0x20000010                        _edata = .

.igot.plt       0x20000010        0x0 load address 0x08005768
 .igot.plt      0x20000010        0x0 D:/msys64/mingw64/bin/../lib/gcc/arm-none-eabi/13.3.0/thumb/v7e-m+fp/hard/crtbegin.o
                0x20000010                        . = ALIGN (0x4)

.bss            0x20000010      0x150 load address 0x08005768
                0x20000010                        _sbss = .
                0x20000010                        __bss_start__ = _sbss
 *(.bss)
 *(.bss*)
 .bss.completed.1
                0x20000010        0x1 D:/msys64/mingw64/bin/../lib/gcc/arm-none-eabi/13.3.0/thumb/v7e-m+fp/hard/crtbegin.o
 *fill*         0x20000011        0x3 
 .bss.object.0  0x20000014       0x18 D:/msys64/mingw64/bin/../lib/gcc/arm-none-eabi/13.3.0/thumb/v7e-m+fp/hard/crtbegin.o
 .bss.motor_param
                0x2000002c        0x4 build/main.o
                0x2000002c                motor_param
 .bss.hfdcan1   0x20000030       0x64 build/fdcan.o
                0x20000030                hfdcan1
 .bss.htim6     0x20000094       0x4c build/tim.o
                0x20000094                htim6
 .bss.uwTick    0x200000e0        0x4 build/stm32g4xx_hal.o
                0x200000e0                uwTick
 .bss.GIM6010_Measure
                0x200000e4       0x18 build/GIM6010_8.o
                0x200000e4                GIM6010_Measure
 .bss.hspi3     0x200000fc       0x64 build/spi.o
                0x200000fc                hspi3
 *(COMMON)
                0x20000160                        . = ALIGN (0x4)
                0x20000160                        _ebss = .
                0x20000160                        __bss_end__ = _ebss

._user_heap_stack
                0x20000160      0x600 load address 0x08005768
                0x20000160                        . = ALIGN (0x8)
                [!provide]                        PROVIDE (end = .)
                0x20000160                        PROVIDE (_end = .)
                0x20000360                        . = (. + _Min_Heap_Size)
 *fill*         0x20000160      0x200 
                0x20000760                        . = (. + _Min_Stack_Size)
 *fill*         0x20000360      0x400 
                0x20000760                        . = ALIGN (0x8)

/DISCARD/
 libc.a(*)
 libm.a(*)
 libgcc.a(*)

.ARM.attributes
                0x00000000       0x30
 *(.ARM.attributes)
 .ARM.attributes
                0x00000000       0x22 D:/msys64/mingw64/bin/../lib/gcc/arm-none-eabi/13.3.0/thumb/v7e-m+fp/hard/crti.o
 .ARM.attributes
                0x00000022       0x34 D:/msys64/mingw64/bin/../lib/gcc/arm-none-eabi/13.3.0/thumb/v7e-m+fp/hard/crtbegin.o
 .ARM.attributes
                0x00000056       0x34 build/main.o
 .ARM.attributes
                0x0000008a       0x34 build/gpio.o
 .ARM.attributes
                0x000000be       0x34 build/fdcan.o
 .ARM.attributes
                0x000000f2       0x34 build/tim.o
 .ARM.attributes
                0x00000126       0x34 build/stm32g4xx_it.o
 .ARM.attributes
                0x0000015a       0x34 build/stm32g4xx_hal_msp.o
 .ARM.attributes
                0x0000018e       0x34 build/stm32g4xx_hal_fdcan.o
 .ARM.attributes
                0x000001c2       0x34 build/stm32g4xx_hal.o
 .ARM.attributes
                0x000001f6       0x34 build/stm32g4xx_hal_rcc.o
 .ARM.attributes
                0x0000022a       0x34 build/stm32g4xx_hal_rcc_ex.o
 .ARM.attributes
                0x0000025e       0x34 build/stm32g4xx_hal_gpio.o
 .ARM.attributes
                0x00000292       0x34 build/stm32g4xx_hal_pwr_ex.o
 .ARM.attributes
                0x000002c6       0x34 build/stm32g4xx_hal_cortex.o
 .ARM.attributes
                0x000002fa       0x34 build/stm32g4xx_hal_tim.o
 .ARM.attributes
                0x0000032e       0x34 build/stm32g4xx_hal_tim_ex.o
 .ARM.attributes
                0x00000362       0x34 build/system_stm32g4xx.o
 .ARM.attributes
                0x00000396       0x34 build/bsp_fdcan.o
 .ARM.attributes
                0x000003ca       0x34 build/GIM6010_8.o
 .ARM.attributes
                0x000003fe       0x34 build/spi.o
 .ARM.attributes
                0x00000432       0x34 build/stm32g4xx_hal_spi.o
 .ARM.attributes
                0x00000466       0x21 build/startup_stm32g474xx.o
 .ARM.attributes
                0x00000487       0x34 D:/msys64/mingw64/bin/../lib/gcc/arm-none-eabi/13.3.0/../../../../arm-none-eabi/lib/thumb/v7e-m+fp/hard\libc_nano.a(libc_a-memset.o)
 .ARM.attributes
                0x000004bb       0x34 D:/msys64/mingw64/bin/../lib/gcc/arm-none-eabi/13.3.0/../../../../arm-none-eabi/lib/thumb/v7e-m+fp/hard\libc_nano.a(libc_a-init.o)
 .ARM.attributes
                0x000004ef       0x34 D:/msys64/mingw64/bin/../lib/gcc/arm-none-eabi/13.3.0/../../../../arm-none-eabi/lib/thumb/v7e-m+fp/hard\libm.a(libm_a-s_cos.o)
 .ARM.attributes
                0x00000523       0x34 D:/msys64/mingw64/bin/../lib/gcc/arm-none-eabi/13.3.0/../../../../arm-none-eabi/lib/thumb/v7e-m+fp/hard\libm.a(libm_a-k_cos.o)
 .ARM.attributes
                0x00000557       0x34 D:/msys64/mingw64/bin/../lib/gcc/arm-none-eabi/13.3.0/../../../../arm-none-eabi/lib/thumb/v7e-m+fp/hard\libm.a(libm_a-k_sin.o)
 .ARM.attributes
                0x0000058b       0x34 D:/msys64/mingw64/bin/../lib/gcc/arm-none-eabi/13.3.0/../../../../arm-none-eabi/lib/thumb/v7e-m+fp/hard\libm.a(libm_a-e_rem_pio2.o)
 .ARM.attributes
                0x000005bf       0x34 D:/msys64/mingw64/bin/../lib/gcc/arm-none-eabi/13.3.0/../../../../arm-none-eabi/lib/thumb/v7e-m+fp/hard\libm.a(libm_a-s_fabs.o)
 .ARM.attributes
                0x000005f3       0x34 D:/msys64/mingw64/bin/../lib/gcc/arm-none-eabi/13.3.0/../../../../arm-none-eabi/lib/thumb/v7e-m+fp/hard\libm.a(libm_a-k_rem_pio2.o)
 .ARM.attributes
                0x00000627       0x34 D:/msys64/mingw64/bin/../lib/gcc/arm-none-eabi/13.3.0/../../../../arm-none-eabi/lib/thumb/v7e-m+fp/hard\libm.a(libm_a-s_scalbn.o)
 .ARM.attributes
                0x0000065b       0x34 D:/msys64/mingw64/bin/../lib/gcc/arm-none-eabi/13.3.0/../../../../arm-none-eabi/lib/thumb/v7e-m+fp/hard\libm.a(libm_a-s_floor.o)
 .ARM.attributes
                0x0000068f       0x22 D:/msys64/mingw64/bin/../lib/gcc/arm-none-eabi/13.3.0/thumb/v7e-m+fp/hard\libgcc.a(_arm_muldf3.o)
 .ARM.attributes
                0x000006b1       0x22 D:/msys64/mingw64/bin/../lib/gcc/arm-none-eabi/13.3.0/thumb/v7e-m+fp/hard\libgcc.a(_arm_addsubdf3.o)
 .ARM.attributes
                0x000006d3       0x22 D:/msys64/mingw64/bin/../lib/gcc/arm-none-eabi/13.3.0/thumb/v7e-m+fp/hard\libgcc.a(_arm_cmpdf2.o)
 .ARM.attributes
                0x000006f5       0x22 D:/msys64/mingw64/bin/../lib/gcc/arm-none-eabi/13.3.0/thumb/v7e-m+fp/hard\libgcc.a(_arm_fixdfsi.o)
 .ARM.attributes
                0x00000717       0x22 D:/msys64/mingw64/bin/../lib/gcc/arm-none-eabi/13.3.0/thumb/v7e-m+fp/hard\libgcc.a(_arm_truncdfsf2.o)
 .ARM.attributes
                0x00000739       0x22 D:/msys64/mingw64/bin/../lib/gcc/arm-none-eabi/13.3.0/thumb/v7e-m+fp/hard/crtn.o
OUTPUT(build/GIM6010.elf elf32-littlearm)
LOAD linker stubs
LOAD D:/msys64/mingw64/bin/../lib/gcc/arm-none-eabi/13.3.0/../../../../arm-none-eabi/lib/thumb/v7e-m+fp/hard\libc.a
LOAD D:/msys64/mingw64/bin/../lib/gcc/arm-none-eabi/13.3.0/../../../../arm-none-eabi/lib/thumb/v7e-m+fp/hard\libm.a
LOAD D:/msys64/mingw64/bin/../lib/gcc/arm-none-eabi/13.3.0/thumb/v7e-m+fp/hard\libgcc.a

.debug_info     0x00000000    0x146e6
 .debug_info    0x00000000      0xb13 build/main.o
 .debug_info    0x00000b13      0x59b build/gpio.o
 .debug_info    0x000010ae     0x1006 build/fdcan.o
 .debug_info    0x000020b4      0xfa5 build/tim.o
 .debug_info    0x00003059      0xf4b build/stm32g4xx_it.o
 .debug_info    0x00003fa4      0x38d build/stm32g4xx_hal_msp.o
 .debug_info    0x00004331     0x1c23 build/stm32g4xx_hal_fdcan.o
 .debug_info    0x00005f54      0xd2d build/stm32g4xx_hal.o
 .debug_info    0x00006c81      0xe10 build/stm32g4xx_hal_rcc.o
 .debug_info    0x00007a91      0xeaf build/stm32g4xx_hal_rcc_ex.o
 .debug_info    0x00008940      0x8f7 build/stm32g4xx_hal_gpio.o
 .debug_info    0x00009237      0xabd build/stm32g4xx_hal_pwr_ex.o
 .debug_info    0x00009cf4      0xf8f build/stm32g4xx_hal_cortex.o
 .debug_info    0x0000ac83     0x3246 build/stm32g4xx_hal_tim.o
 .debug_info    0x0000dec9     0x218d build/stm32g4xx_hal_tim_ex.o
 .debug_info    0x00010056      0x632 build/system_stm32g4xx.o
 .debug_info    0x00010688      0xaa9 build/bsp_fdcan.o
 .debug_info    0x00011131      0x9d2 build/GIM6010_8.o
 .debug_info    0x00011b03      0xcaa build/spi.o
 .debug_info    0x000127ad     0x1a5d build/stm32g4xx_hal_spi.o
 .debug_info    0x0001420a       0x30 build/startup_stm32g474xx.o
 .debug_info    0x0001423a      0x135 D:/msys64/mingw64/bin/../lib/gcc/arm-none-eabi/13.3.0/../../../../arm-none-eabi/lib/thumb/v7e-m+fp/hard\libc_nano.a(libc_a-memset.o)
 .debug_info    0x0001436f      0x10b D:/msys64/mingw64/bin/../lib/gcc/arm-none-eabi/13.3.0/../../../../arm-none-eabi/lib/thumb/v7e-m+fp/hard\libc_nano.a(libc_a-init.o)
 .debug_info    0x0001447a       0x3f D:/msys64/mingw64/bin/../lib/gcc/arm-none-eabi/13.3.0/thumb/v7e-m+fp/hard\libgcc.a(_arm_muldf3.o)
 .debug_info    0x000144b9       0xd3 D:/msys64/mingw64/bin/../lib/gcc/arm-none-eabi/13.3.0/thumb/v7e-m+fp/hard\libgcc.a(_arm_addsubdf3.o)
 .debug_info    0x0001458c       0xdf D:/msys64/mingw64/bin/../lib/gcc/arm-none-eabi/13.3.0/thumb/v7e-m+fp/hard\libgcc.a(_arm_cmpdf2.o)
 .debug_info    0x0001466b       0x3c D:/msys64/mingw64/bin/../lib/gcc/arm-none-eabi/13.3.0/thumb/v7e-m+fp/hard\libgcc.a(_arm_fixdfsi.o)
 .debug_info    0x000146a7       0x3f D:/msys64/mingw64/bin/../lib/gcc/arm-none-eabi/13.3.0/thumb/v7e-m+fp/hard\libgcc.a(_arm_truncdfsf2.o)

.debug_abbrev   0x00000000     0x2a17
 .debug_abbrev  0x00000000      0x281 build/main.o
 .debug_abbrev  0x00000281      0x145 build/gpio.o
 .debug_abbrev  0x000003c6      0x1c7 build/fdcan.o
 .debug_abbrev  0x0000058d      0x1f5 build/tim.o
 .debug_abbrev  0x00000782      0x192 build/stm32g4xx_it.o
 .debug_abbrev  0x00000914       0xd4 build/stm32g4xx_hal_msp.o
 .debug_abbrev  0x000009e8      0x1db build/stm32g4xx_hal_fdcan.o
 .debug_abbrev  0x00000bc3      0x268 build/stm32g4xx_hal.o
 .debug_abbrev  0x00000e2b      0x2bc build/stm32g4xx_hal_rcc.o
 .debug_abbrev  0x000010e7      0x246 build/stm32g4xx_hal_rcc_ex.o
 .debug_abbrev  0x0000132d      0x1ba build/stm32g4xx_hal_gpio.o
 .debug_abbrev  0x000014e7      0x228 build/stm32g4xx_hal_pwr_ex.o
 .debug_abbrev  0x0000170f      0x2ea build/stm32g4xx_hal_cortex.o
 .debug_abbrev  0x000019f9      0x272 build/stm32g4xx_hal_tim.o
 .debug_abbrev  0x00001c6b      0x28f build/stm32g4xx_hal_tim_ex.o
 .debug_abbrev  0x00001efa      0x115 build/system_stm32g4xx.o
 .debug_abbrev  0x0000200f      0x1a5 build/bsp_fdcan.o
 .debug_abbrev  0x000021b4      0x1ce build/GIM6010_8.o
 .debug_abbrev  0x00002382      0x1df build/spi.o
 .debug_abbrev  0x00002561      0x253 build/stm32g4xx_hal_spi.o
 .debug_abbrev  0x000027b4       0x1d build/startup_stm32g474xx.o
 .debug_abbrev  0x000027d1       0xb7 D:/msys64/mingw64/bin/../lib/gcc/arm-none-eabi/13.3.0/../../../../arm-none-eabi/lib/thumb/v7e-m+fp/hard\libc_nano.a(libc_a-memset.o)
 .debug_abbrev  0x00002888       0xc9 D:/msys64/mingw64/bin/../lib/gcc/arm-none-eabi/13.3.0/../../../../arm-none-eabi/lib/thumb/v7e-m+fp/hard\libc_nano.a(libc_a-init.o)
 .debug_abbrev  0x00002951       0x26 D:/msys64/mingw64/bin/../lib/gcc/arm-none-eabi/13.3.0/thumb/v7e-m+fp/hard\libgcc.a(_arm_muldf3.o)
 .debug_abbrev  0x00002977       0x28 D:/msys64/mingw64/bin/../lib/gcc/arm-none-eabi/13.3.0/thumb/v7e-m+fp/hard\libgcc.a(_arm_addsubdf3.o)
 .debug_abbrev  0x0000299f       0x28 D:/msys64/mingw64/bin/../lib/gcc/arm-none-eabi/13.3.0/thumb/v7e-m+fp/hard\libgcc.a(_arm_cmpdf2.o)
 .debug_abbrev  0x000029c7       0x28 D:/msys64/mingw64/bin/../lib/gcc/arm-none-eabi/13.3.0/thumb/v7e-m+fp/hard\libgcc.a(_arm_fixdfsi.o)
 .debug_abbrev  0x000029ef       0x28 D:/msys64/mingw64/bin/../lib/gcc/arm-none-eabi/13.3.0/thumb/v7e-m+fp/hard\libgcc.a(_arm_truncdfsf2.o)

.debug_loc      0x00000000     0x9eb4
 .debug_loc     0x00000000      0x126 build/main.o
 .debug_loc     0x00000126       0x50 build/gpio.o
 .debug_loc     0x00000176       0xce build/fdcan.o
 .debug_loc     0x00000244       0xf0 build/tim.o
 .debug_loc     0x00000334      0x22c build/stm32g4xx_it.o
 .debug_loc     0x00000560       0x50 build/stm32g4xx_hal_msp.o
 .debug_loc     0x000005b0     0x1600 build/stm32g4xx_hal_fdcan.o
 .debug_loc     0x00001bb0      0xa9c build/stm32g4xx_hal.o
 .debug_loc     0x0000264c      0x488 build/stm32g4xx_hal_rcc.o
 .debug_loc     0x00002ad4      0x59c build/stm32g4xx_hal_rcc_ex.o
 .debug_loc     0x00003070      0x2d4 build/stm32g4xx_hal_gpio.o
 .debug_loc     0x00003344      0xaac build/stm32g4xx_hal_pwr_ex.o
 .debug_loc     0x00003df0      0x9f4 build/stm32g4xx_hal_cortex.o
 .debug_loc     0x000047e4     0x2858 build/stm32g4xx_hal_tim.o
 .debug_loc     0x0000703c     0x1764 build/stm32g4xx_hal_tim_ex.o
 .debug_loc     0x000087a0       0xa0 build/system_stm32g4xx.o
 .debug_loc     0x00008840      0x188 build/bsp_fdcan.o
 .debug_loc     0x000089c8      0x1e0 build/GIM6010_8.o
 .debug_loc     0x00008ba8       0xcc build/spi.o
 .debug_loc     0x00008c74     0x1240 build/stm32g4xx_hal_spi.o

.debug_aranges  0x00000000     0x1278
 .debug_aranges
                0x00000000       0x40 build/main.o
 .debug_aranges
                0x00000040       0x20 build/gpio.o
 .debug_aranges
                0x00000060       0x30 build/fdcan.o
 .debug_aranges
                0x00000090       0x30 build/tim.o
 .debug_aranges
                0x000000c0       0x70 build/stm32g4xx_it.o
 .debug_aranges
                0x00000130       0x20 build/stm32g4xx_hal_msp.o
 .debug_aranges
                0x00000150      0x208 build/stm32g4xx_hal_fdcan.o
 .debug_aranges
                0x00000358      0x148 build/stm32g4xx_hal.o
 .debug_aranges
                0x000004a0       0x98 build/stm32g4xx_hal_rcc.o
 .debug_aranges
                0x00000538       0xb0 build/stm32g4xx_hal_rcc_ex.o
 .debug_aranges
                0x000005e8       0x58 build/stm32g4xx_hal_gpio.o
 .debug_aranges
                0x00000640      0x140 build/stm32g4xx_hal_pwr_ex.o
 .debug_aranges
                0x00000780      0x118 build/stm32g4xx_hal_cortex.o
 .debug_aranges
                0x00000898      0x3e0 build/stm32g4xx_hal_tim.o
 .debug_aranges
                0x00000c78      0x240 build/stm32g4xx_hal_tim_ex.o
 .debug_aranges
                0x00000eb8       0x28 build/system_stm32g4xx.o
 .debug_aranges
                0x00000ee0       0x40 build/bsp_fdcan.o
 .debug_aranges
                0x00000f20       0x48 build/GIM6010_8.o
 .debug_aranges
                0x00000f68       0x30 build/spi.o
 .debug_aranges
                0x00000f98      0x1d8 build/stm32g4xx_hal_spi.o
 .debug_aranges
                0x00001170       0x28 build/startup_stm32g474xx.o
 .debug_aranges
                0x00001198       0x20 D:/msys64/mingw64/bin/../lib/gcc/arm-none-eabi/13.3.0/../../../../arm-none-eabi/lib/thumb/v7e-m+fp/hard\libc_nano.a(libc_a-memset.o)
 .debug_aranges
                0x000011b8       0x20 D:/msys64/mingw64/bin/../lib/gcc/arm-none-eabi/13.3.0/../../../../arm-none-eabi/lib/thumb/v7e-m+fp/hard\libc_nano.a(libc_a-init.o)
 .debug_aranges
                0x000011d8       0x20 D:/msys64/mingw64/bin/../lib/gcc/arm-none-eabi/13.3.0/thumb/v7e-m+fp/hard\libgcc.a(_arm_muldf3.o)
 .debug_aranges
                0x000011f8       0x20 D:/msys64/mingw64/bin/../lib/gcc/arm-none-eabi/13.3.0/thumb/v7e-m+fp/hard\libgcc.a(_arm_addsubdf3.o)
 .debug_aranges
                0x00001218       0x20 D:/msys64/mingw64/bin/../lib/gcc/arm-none-eabi/13.3.0/thumb/v7e-m+fp/hard\libgcc.a(_arm_cmpdf2.o)
 .debug_aranges
                0x00001238       0x20 D:/msys64/mingw64/bin/../lib/gcc/arm-none-eabi/13.3.0/thumb/v7e-m+fp/hard\libgcc.a(_arm_fixdfsi.o)
 .debug_aranges
                0x00001258       0x20 D:/msys64/mingw64/bin/../lib/gcc/arm-none-eabi/13.3.0/thumb/v7e-m+fp/hard\libgcc.a(_arm_truncdfsf2.o)

.debug_ranges   0x00000000     0x1050
 .debug_ranges  0x00000000       0x30 build/main.o
 .debug_ranges  0x00000030       0x10 build/gpio.o
 .debug_ranges  0x00000040       0x20 build/fdcan.o
 .debug_ranges  0x00000060       0x20 build/tim.o
 .debug_ranges  0x00000080       0x60 build/stm32g4xx_it.o
 .debug_ranges  0x000000e0       0x10 build/stm32g4xx_hal_msp.o
 .debug_ranges  0x000000f0      0x1f8 build/stm32g4xx_hal_fdcan.o
 .debug_ranges  0x000002e8      0x138 build/stm32g4xx_hal.o
 .debug_ranges  0x00000420       0x88 build/stm32g4xx_hal_rcc.o
 .debug_ranges  0x000004a8       0xa0 build/stm32g4xx_hal_rcc_ex.o
 .debug_ranges  0x00000548       0x48 build/stm32g4xx_hal_gpio.o
 .debug_ranges  0x00000590      0x130 build/stm32g4xx_hal_pwr_ex.o
 .debug_ranges  0x000006c0      0x108 build/stm32g4xx_hal_cortex.o
 .debug_ranges  0x000007c8      0x3d0 build/stm32g4xx_hal_tim.o
 .debug_ranges  0x00000b98      0x230 build/stm32g4xx_hal_tim_ex.o
 .debug_ranges  0x00000dc8       0x18 build/system_stm32g4xx.o
 .debug_ranges  0x00000de0       0x30 build/bsp_fdcan.o
 .debug_ranges  0x00000e10       0x38 build/GIM6010_8.o
 .debug_ranges  0x00000e48       0x20 build/spi.o
 .debug_ranges  0x00000e68      0x1c8 build/stm32g4xx_hal_spi.o
 .debug_ranges  0x00001030       0x20 build/startup_stm32g474xx.o

.debug_line     0x00000000     0xd22a
 .debug_line    0x00000000      0x372 build/main.o
 .debug_line    0x00000372      0x169 build/gpio.o
 .debug_line    0x000004db      0x26e build/fdcan.o
 .debug_line    0x00000749      0x21d build/tim.o
 .debug_line    0x00000966      0x27b build/stm32g4xx_it.o
 .debug_line    0x00000be1      0x149 build/stm32g4xx_hal_msp.o
 .debug_line    0x00000d2a     0x1314 build/stm32g4xx_hal_fdcan.o
 .debug_line    0x0000203e      0x5ef build/stm32g4xx_hal.o
 .debug_line    0x0000262d      0xa72 build/stm32g4xx_hal_rcc.o
 .debug_line    0x0000309f      0xd01 build/stm32g4xx_hal_rcc_ex.o
 .debug_line    0x00003da0      0x579 build/stm32g4xx_hal_gpio.o
 .debug_line    0x00004319      0x752 build/stm32g4xx_hal_pwr_ex.o
 .debug_line    0x00004a6b      0x6f9 build/stm32g4xx_hal_cortex.o
 .debug_line    0x00005164     0x3a78 build/stm32g4xx_hal_tim.o
 .debug_line    0x00008bdc     0x1af9 build/stm32g4xx_hal_tim_ex.o
 .debug_line    0x0000a6d5      0x1be build/system_stm32g4xx.o
 .debug_line    0x0000a893      0x22f build/bsp_fdcan.o
 .debug_line    0x0000aac2      0x2ea build/GIM6010_8.o
 .debug_line    0x0000adac      0x21b build/spi.o
 .debug_line    0x0000afc7     0x1afc build/stm32g4xx_hal_spi.o
 .debug_line    0x0000cac3       0x74 build/startup_stm32g474xx.o
 .debug_line    0x0000cb37      0x1cd D:/msys64/mingw64/bin/../lib/gcc/arm-none-eabi/13.3.0/../../../../arm-none-eabi/lib/thumb/v7e-m+fp/hard\libc_nano.a(libc_a-memset.o)
 .debug_line    0x0000cd04      0x144 D:/msys64/mingw64/bin/../lib/gcc/arm-none-eabi/13.3.0/../../../../arm-none-eabi/lib/thumb/v7e-m+fp/hard\libc_nano.a(libc_a-init.o)
 .debug_line    0x0000ce48       0xf5 D:/msys64/mingw64/bin/../lib/gcc/arm-none-eabi/13.3.0/thumb/v7e-m+fp/hard\libgcc.a(_arm_muldf3.o)
 .debug_line    0x0000cf3d      0x16f D:/msys64/mingw64/bin/../lib/gcc/arm-none-eabi/13.3.0/thumb/v7e-m+fp/hard\libgcc.a(_arm_addsubdf3.o)
 .debug_line    0x0000d0ac       0xa6 D:/msys64/mingw64/bin/../lib/gcc/arm-none-eabi/13.3.0/thumb/v7e-m+fp/hard\libgcc.a(_arm_cmpdf2.o)
 .debug_line    0x0000d152       0x62 D:/msys64/mingw64/bin/../lib/gcc/arm-none-eabi/13.3.0/thumb/v7e-m+fp/hard\libgcc.a(_arm_fixdfsi.o)
 .debug_line    0x0000d1b4       0x76 D:/msys64/mingw64/bin/../lib/gcc/arm-none-eabi/13.3.0/thumb/v7e-m+fp/hard\libgcc.a(_arm_truncdfsf2.o)

.debug_str      0x00000000     0x6096
 .debug_str     0x00000000     0x6096 build/main.o
                                0x8a2 (size before relaxing)
 .debug_str     0x00006096      0x393 build/gpio.o
 .debug_str     0x00006096      0xf8a build/fdcan.o
 .debug_str     0x00006096     0x1057 build/tim.o
 .debug_str     0x00006096      0xb97 build/stm32g4xx_it.o
 .debug_str     0x00006096      0x2f5 build/stm32g4xx_hal_msp.o
 .debug_str     0x00006096     0x11f4 build/stm32g4xx_hal_fdcan.o
 .debug_str     0x00006096      0xe06 build/stm32g4xx_hal.o
 .debug_str     0x00006096      0x81c build/stm32g4xx_hal_rcc.o
 .debug_str     0x00006096      0xa2c build/stm32g4xx_hal_rcc_ex.o
 .debug_str     0x00006096      0x507 build/stm32g4xx_hal_gpio.o
 .debug_str     0x00006096      0x7a9 build/stm32g4xx_hal_pwr_ex.o
 .debug_str     0x00006096      0xd24 build/stm32g4xx_hal_cortex.o
 .debug_str     0x00006096     0x186c build/stm32g4xx_hal_tim.o
 .debug_str     0x00006096     0x14df build/stm32g4xx_hal_tim_ex.o
 .debug_str     0x00006096      0x38e build/system_stm32g4xx.o
 .debug_str     0x00006096      0x7ce build/bsp_fdcan.o
 .debug_str     0x00006096      0x745 build/GIM6010_8.o
 .debug_str     0x00006096      0x8c9 build/spi.o
 .debug_str     0x00006096      0xcad build/stm32g4xx_hal_spi.o
 .debug_str     0x00006096       0x4e build/startup_stm32g474xx.o
 .debug_str     0x00006096      0x19b D:/msys64/mingw64/bin/../lib/gcc/arm-none-eabi/13.3.0/../../../../arm-none-eabi/lib/thumb/v7e-m+fp/hard\libc_nano.a(libc_a-memset.o)
 .debug_str     0x00006096      0x1e8 D:/msys64/mingw64/bin/../lib/gcc/arm-none-eabi/13.3.0/../../../../arm-none-eabi/lib/thumb/v7e-m+fp/hard\libc_nano.a(libc_a-init.o)
 .debug_str     0x00006096       0x99 D:/msys64/mingw64/bin/../lib/gcc/arm-none-eabi/13.3.0/thumb/v7e-m+fp/hard\libgcc.a(_arm_muldf3.o)
 .debug_str     0x00006096      0x12f D:/msys64/mingw64/bin/../lib/gcc/arm-none-eabi/13.3.0/thumb/v7e-m+fp/hard\libgcc.a(_arm_addsubdf3.o)
 .debug_str     0x00006096      0x138 D:/msys64/mingw64/bin/../lib/gcc/arm-none-eabi/13.3.0/thumb/v7e-m+fp/hard\libgcc.a(_arm_cmpdf2.o)
 .debug_str     0x00006096       0x9a D:/msys64/mingw64/bin/../lib/gcc/arm-none-eabi/13.3.0/thumb/v7e-m+fp/hard\libgcc.a(_arm_fixdfsi.o)
 .debug_str     0x00006096       0x9c D:/msys64/mingw64/bin/../lib/gcc/arm-none-eabi/13.3.0/thumb/v7e-m+fp/hard\libgcc.a(_arm_truncdfsf2.o)

.comment        0x00000000       0x24
 .comment       0x00000000       0x24 build/main.o
                                 0x13 (size before relaxing)
 .comment       0x00000024       0x13 build/gpio.o
 .comment       0x00000024       0x13 build/fdcan.o
 .comment       0x00000024       0x13 build/tim.o
 .comment       0x00000024       0x13 build/stm32g4xx_it.o
 .comment       0x00000024       0x13 build/stm32g4xx_hal_msp.o
 .comment       0x00000024       0x13 build/stm32g4xx_hal_fdcan.o
 .comment       0x00000024       0x13 build/stm32g4xx_hal.o
 .comment       0x00000024       0x13 build/stm32g4xx_hal_rcc.o
 .comment       0x00000024       0x13 build/stm32g4xx_hal_rcc_ex.o
 .comment       0x00000024       0x13 build/stm32g4xx_hal_gpio.o
 .comment       0x00000024       0x13 build/stm32g4xx_hal_pwr_ex.o
 .comment       0x00000024       0x13 build/stm32g4xx_hal_cortex.o
 .comment       0x00000024       0x13 build/stm32g4xx_hal_tim.o
 .comment       0x00000024       0x13 build/stm32g4xx_hal_tim_ex.o
 .comment       0x00000024       0x13 build/system_stm32g4xx.o
 .comment       0x00000024       0x13 build/bsp_fdcan.o
 .comment       0x00000024       0x13 build/GIM6010_8.o
 .comment       0x00000024       0x13 build/spi.o
 .comment       0x00000024       0x13 build/stm32g4xx_hal_spi.o
 .comment       0x00000024       0x13 D:/msys64/mingw64/bin/../lib/gcc/arm-none-eabi/13.3.0/../../../../arm-none-eabi/lib/thumb/v7e-m+fp/hard\libc_nano.a(libc_a-memset.o)
 .comment       0x00000024       0x13 D:/msys64/mingw64/bin/../lib/gcc/arm-none-eabi/13.3.0/../../../../arm-none-eabi/lib/thumb/v7e-m+fp/hard\libc_nano.a(libc_a-init.o)

.debug_frame    0x00000000     0x4d4c
 .debug_frame   0x00000000       0xb0 build/main.o
 .debug_frame   0x000000b0       0x34 build/gpio.o
 .debug_frame   0x000000e4       0x78 build/fdcan.o
 .debug_frame   0x0000015c       0x7c build/tim.o
 .debug_frame   0x000001d8      0x13c build/stm32g4xx_it.o
 .debug_frame   0x00000314       0x34 build/stm32g4xx_hal_msp.o
 .debug_frame   0x00000348      0x9b0 build/stm32g4xx_hal_fdcan.o
 .debug_frame   0x00000cf8      0x500 build/stm32g4xx_hal.o
 .debug_frame   0x000011f8      0x23c build/stm32g4xx_hal_rcc.o
 .debug_frame   0x00001434      0x2ac build/stm32g4xx_hal_rcc_ex.o
 .debug_frame   0x000016e0      0x14c build/stm32g4xx_hal_gpio.o
 .debug_frame   0x0000182c      0x4fc build/stm32g4xx_hal_pwr_ex.o
 .debug_frame   0x00001d28      0x498 build/stm32g4xx_hal_cortex.o
 .debug_frame   0x000021c0     0x1220 build/stm32g4xx_hal_tim.o
 .debug_frame   0x000033e0      0xa70 build/stm32g4xx_hal_tim_ex.o
 .debug_frame   0x00003e50       0x58 build/system_stm32g4xx.o
 .debug_frame   0x00003ea8       0xc0 build/bsp_fdcan.o
 .debug_frame   0x00003f68       0xe8 build/GIM6010_8.o
 .debug_frame   0x00004050       0x74 build/spi.o
 .debug_frame   0x000040c4      0x860 build/stm32g4xx_hal_spi.o
 .debug_frame   0x00004924       0x2c D:/msys64/mingw64/bin/../lib/gcc/arm-none-eabi/13.3.0/../../../../arm-none-eabi/lib/thumb/v7e-m+fp/hard\libc_nano.a(libc_a-memset.o)
 .debug_frame   0x00004950       0x2c D:/msys64/mingw64/bin/../lib/gcc/arm-none-eabi/13.3.0/../../../../arm-none-eabi/lib/thumb/v7e-m+fp/hard\libc_nano.a(libc_a-init.o)
 .debug_frame   0x0000497c       0x40 D:/msys64/mingw64/bin/../lib/gcc/arm-none-eabi/13.3.0/../../../../arm-none-eabi/lib/thumb/v7e-m+fp/hard\libm.a(libm_a-s_cos.o)
 .debug_frame   0x000049bc       0x4c D:/msys64/mingw64/bin/../lib/gcc/arm-none-eabi/13.3.0/../../../../arm-none-eabi/lib/thumb/v7e-m+fp/hard\libm.a(libm_a-k_cos.o)
 .debug_frame   0x00004a08       0x48 D:/msys64/mingw64/bin/../lib/gcc/arm-none-eabi/13.3.0/../../../../arm-none-eabi/lib/thumb/v7e-m+fp/hard\libm.a(libm_a-k_sin.o)
 .debug_frame   0x00004a50       0x40 D:/msys64/mingw64/bin/../lib/gcc/arm-none-eabi/13.3.0/../../../../arm-none-eabi/lib/thumb/v7e-m+fp/hard\libm.a(libm_a-e_rem_pio2.o)
 .debug_frame   0x00004a90       0x20 D:/msys64/mingw64/bin/../lib/gcc/arm-none-eabi/13.3.0/../../../../arm-none-eabi/lib/thumb/v7e-m+fp/hard\libm.a(libm_a-s_fabs.o)
 .debug_frame   0x00004ab0       0x58 D:/msys64/mingw64/bin/../lib/gcc/arm-none-eabi/13.3.0/../../../../arm-none-eabi/lib/thumb/v7e-m+fp/hard\libm.a(libm_a-k_rem_pio2.o)
 .debug_frame   0x00004b08       0x2c D:/msys64/mingw64/bin/../lib/gcc/arm-none-eabi/13.3.0/../../../../arm-none-eabi/lib/thumb/v7e-m+fp/hard\libm.a(libm_a-s_scalbn.o)
 .debug_frame   0x00004b34       0x30 D:/msys64/mingw64/bin/../lib/gcc/arm-none-eabi/13.3.0/../../../../arm-none-eabi/lib/thumb/v7e-m+fp/hard\libm.a(libm_a-s_floor.o)
 .debug_frame   0x00004b64       0x30 D:/msys64/mingw64/bin/../lib/gcc/arm-none-eabi/13.3.0/thumb/v7e-m+fp/hard\libgcc.a(_arm_muldf3.o)
 .debug_frame   0x00004b94       0xac D:/msys64/mingw64/bin/../lib/gcc/arm-none-eabi/13.3.0/thumb/v7e-m+fp/hard\libgcc.a(_arm_addsubdf3.o)
 .debug_frame   0x00004c40       0xc4 D:/msys64/mingw64/bin/../lib/gcc/arm-none-eabi/13.3.0/thumb/v7e-m+fp/hard\libgcc.a(_arm_cmpdf2.o)
 .debug_frame   0x00004d04       0x24 D:/msys64/mingw64/bin/../lib/gcc/arm-none-eabi/13.3.0/thumb/v7e-m+fp/hard\libgcc.a(_arm_fixdfsi.o)
 .debug_frame   0x00004d28       0x24 D:/msys64/mingw64/bin/../lib/gcc/arm-none-eabi/13.3.0/thumb/v7e-m+fp/hard\libgcc.a(_arm_truncdfsf2.o)

.debug_loclists
                0x00000000     0x1786
 .debug_loclists
                0x00000000      0x1b6 D:/msys64/mingw64/bin/../lib/gcc/arm-none-eabi/13.3.0/../../../../arm-none-eabi/lib/thumb/v7e-m+fp/hard\libc_nano.a(libc_a-memset.o)
 .debug_loclists
                0x000001b6       0x65 D:/msys64/mingw64/bin/../lib/gcc/arm-none-eabi/13.3.0/../../../../arm-none-eabi/lib/thumb/v7e-m+fp/hard\libc_nano.a(libc_a-init.o)
 .debug_loclists
                0x0000021b       0x93 D:/msys64/mingw64/bin/../lib/gcc/arm-none-eabi/13.3.0/../../../../arm-none-eabi/lib/thumb/v7e-m+fp/hard\libm.a(libm_a-s_cos.o)
 .debug_loclists
                0x000002ae      0x1b2 D:/msys64/mingw64/bin/../lib/gcc/arm-none-eabi/13.3.0/../../../../arm-none-eabi/lib/thumb/v7e-m+fp/hard\libm.a(libm_a-k_cos.o)
 .debug_loclists
                0x00000460      0x118 D:/msys64/mingw64/bin/../lib/gcc/arm-none-eabi/13.3.0/../../../../arm-none-eabi/lib/thumb/v7e-m+fp/hard\libm.a(libm_a-k_sin.o)
 .debug_loclists
                0x00000578      0x46b D:/msys64/mingw64/bin/../lib/gcc/arm-none-eabi/13.3.0/../../../../arm-none-eabi/lib/thumb/v7e-m+fp/hard\libm.a(libm_a-e_rem_pio2.o)
 .debug_loclists
                0x000009e3       0x34 D:/msys64/mingw64/bin/../lib/gcc/arm-none-eabi/13.3.0/../../../../arm-none-eabi/lib/thumb/v7e-m+fp/hard\libm.a(libm_a-s_fabs.o)
 .debug_loclists
                0x00000a17      0xaa4 D:/msys64/mingw64/bin/../lib/gcc/arm-none-eabi/13.3.0/../../../../arm-none-eabi/lib/thumb/v7e-m+fp/hard\libm.a(libm_a-k_rem_pio2.o)
 .debug_loclists
                0x000014bb      0x128 D:/msys64/mingw64/bin/../lib/gcc/arm-none-eabi/13.3.0/../../../../arm-none-eabi/lib/thumb/v7e-m+fp/hard\libm.a(libm_a-s_scalbn.o)
 .debug_loclists
                0x000015e3      0x1a3 D:/msys64/mingw64/bin/../lib/gcc/arm-none-eabi/13.3.0/../../../../arm-none-eabi/lib/thumb/v7e-m+fp/hard\libm.a(libm_a-s_floor.o)

.debug_rnglists
                0x00000000       0x8c
 .debug_rnglists
                0x00000000       0x17 D:/msys64/mingw64/bin/../lib/gcc/arm-none-eabi/13.3.0/../../../../arm-none-eabi/lib/thumb/v7e-m+fp/hard\libm.a(libm_a-k_cos.o)
 .debug_rnglists
                0x00000017       0x37 D:/msys64/mingw64/bin/../lib/gcc/arm-none-eabi/13.3.0/../../../../arm-none-eabi/lib/thumb/v7e-m+fp/hard\libm.a(libm_a-e_rem_pio2.o)
 .debug_rnglists
                0x0000004e       0x1a D:/msys64/mingw64/bin/../lib/gcc/arm-none-eabi/13.3.0/../../../../arm-none-eabi/lib/thumb/v7e-m+fp/hard\libm.a(libm_a-s_scalbn.o)
 .debug_rnglists
                0x00000068       0x24 D:/msys64/mingw64/bin/../lib/gcc/arm-none-eabi/13.3.0/../../../../arm-none-eabi/lib/thumb/v7e-m+fp/hard\libm.a(libm_a-s_floor.o)

.debug_line_str
                0x00000000       0x77
 .debug_line_str
                0x00000000       0x77 D:/msys64/mingw64/bin/../lib/gcc/arm-none-eabi/13.3.0/thumb/v7e-m+fp/hard\libgcc.a(_arm_muldf3.o)
 .debug_line_str
                0x00000077       0x77 D:/msys64/mingw64/bin/../lib/gcc/arm-none-eabi/13.3.0/thumb/v7e-m+fp/hard\libgcc.a(_arm_addsubdf3.o)
 .debug_line_str
                0x00000077       0x77 D:/msys64/mingw64/bin/../lib/gcc/arm-none-eabi/13.3.0/thumb/v7e-m+fp/hard\libgcc.a(_arm_cmpdf2.o)
 .debug_line_str
                0x00000077       0x77 D:/msys64/mingw64/bin/../lib/gcc/arm-none-eabi/13.3.0/thumb/v7e-m+fp/hard\libgcc.a(_arm_fixdfsi.o)
 .debug_line_str
                0x00000077       0x77 D:/msys64/mingw64/bin/../lib/gcc/arm-none-eabi/13.3.0/thumb/v7e-m+fp/hard\libgcc.a(_arm_truncdfsf2.o)

Cross Reference Table

Symbol                                            File
ADC1_2_IRQHandler                                 build/startup_stm32g474xx.o
ADC3_IRQHandler                                   build/startup_stm32g474xx.o
ADC4_IRQHandler                                   build/startup_stm32g474xx.o
ADC5_IRQHandler                                   build/startup_stm32g474xx.o
AHBPrescTable                                     build/system_stm32g4xx.o
                                                  build/stm32g4xx_hal_rcc.o
APBPrescTable                                     build/system_stm32g4xx.o
                                                  build/stm32g4xx_hal_rcc.o
BusFault_Handler                                  build/stm32g4xx_it.o
COMP1_2_3_IRQHandler                              build/startup_stm32g474xx.o
COMP4_5_6_IRQHandler                              build/startup_stm32g474xx.o
COMP7_IRQHandler                                  build/startup_stm32g474xx.o
CORDIC_IRQHandler                                 build/startup_stm32g474xx.o
CRS_IRQHandler                                    build/startup_stm32g474xx.o
DMA1_Channel1_IRQHandler                          build/startup_stm32g474xx.o
DMA1_Channel2_IRQHandler                          build/startup_stm32g474xx.o
DMA1_Channel3_IRQHandler                          build/startup_stm32g474xx.o
DMA1_Channel4_IRQHandler                          build/startup_stm32g474xx.o
DMA1_Channel5_IRQHandler                          build/startup_stm32g474xx.o
DMA1_Channel6_IRQHandler                          build/startup_stm32g474xx.o
DMA1_Channel7_IRQHandler                          build/startup_stm32g474xx.o
DMA1_Channel8_IRQHandler                          build/startup_stm32g474xx.o
DMA2_Channel1_IRQHandler                          build/startup_stm32g474xx.o
DMA2_Channel2_IRQHandler                          build/startup_stm32g474xx.o
DMA2_Channel3_IRQHandler                          build/startup_stm32g474xx.o
DMA2_Channel4_IRQHandler                          build/startup_stm32g474xx.o
DMA2_Channel5_IRQHandler                          build/startup_stm32g474xx.o
DMA2_Channel6_IRQHandler                          build/startup_stm32g474xx.o
DMA2_Channel7_IRQHandler                          build/startup_stm32g474xx.o
DMA2_Channel8_IRQHandler                          build/startup_stm32g474xx.o
DMAMUX_OVR_IRQHandler                             build/startup_stm32g474xx.o
DebugMon_Handler                                  build/stm32g4xx_it.o
Default_Handler                                   build/startup_stm32g474xx.o
Draw_Circle                                       build/lcd.o
EXTI0_IRQHandler                                  build/startup_stm32g474xx.o
EXTI15_10_IRQHandler                              build/startup_stm32g474xx.o
EXTI1_IRQHandler                                  build/startup_stm32g474xx.o
EXTI2_IRQHandler                                  build/startup_stm32g474xx.o
EXTI3_IRQHandler                                  build/startup_stm32g474xx.o
EXTI4_IRQHandler                                  build/startup_stm32g474xx.o
EXTI9_5_IRQHandler                                build/startup_stm32g474xx.o
Error_Handler                                     build/main.o
                                                  build/spi.o
                                                  build/bsp_fdcan.o
                                                  build/tim.o
                                                  build/fdcan.o
FDCAN1_IT0_IRQHandler                             build/stm32g4xx_it.o
FDCAN1_IT1_IRQHandler                             build/startup_stm32g474xx.o
FDCAN2_IT0_IRQHandler                             build/startup_stm32g474xx.o
FDCAN2_IT1_IRQHandler                             build/startup_stm32g474xx.o
FDCAN3_IT0_IRQHandler                             build/startup_stm32g474xx.o
FDCAN3_IT1_IRQHandler                             build/startup_stm32g474xx.o
FDCAN_Recieve_Message                             build/bsp_fdcan.o
                                                  build/GIM6010_8.o
FLASH_FlushCaches                                 build/stm32g4xx_hal_flash_ex.o
                                                  build/stm32g4xx_hal_flash.o
FLASH_IRQHandler                                  build/startup_stm32g474xx.o
FLASH_PageErase                                   build/stm32g4xx_hal_flash_ex.o
                                                  build/stm32g4xx_hal_flash.o
FLASH_WaitForLastOperation                        build/stm32g4xx_hal_flash.o
                                                  build/stm32g4xx_hal_flash_ex.o
FMAC_IRQHandler                                   build/startup_stm32g474xx.o
FMC_IRQHandler                                    build/startup_stm32g474xx.o
FPU_IRQHandler                                    build/startup_stm32g474xx.o
GIM6010_Measure                                   build/GIM6010_8.o
GIM6010_Measure_Ptr                               build/GIM6010_8.o
                                                  build/main.o
GIMCANMotorSetAbsPosition                         build/GIM6010_8.o
GIMCANMotorSetCurrent                             build/GIM6010_8.o
                                                  build/main.o
GIMCANMotorSetMode                                build/GIM6010_8.o
                                                  build/main.o
GIMCANMotorSetPositionMaxSpeed                    build/GIM6010_8.o
GIMMotorSetMode                                   build/GIM6010.o
HAL_DBGMCU_DisableDBGSleepMode                    build/stm32g4xx_hal.o
HAL_DBGMCU_DisableDBGStandbyMode                  build/stm32g4xx_hal.o
HAL_DBGMCU_DisableDBGStopMode                     build/stm32g4xx_hal.o
HAL_DBGMCU_EnableDBGSleepMode                     build/stm32g4xx_hal.o
HAL_DBGMCU_EnableDBGStandbyMode                   build/stm32g4xx_hal.o
HAL_DBGMCU_EnableDBGStopMode                      build/stm32g4xx_hal.o
HAL_DMAEx_ConfigMuxRequestGenerator               build/stm32g4xx_hal_dma_ex.o
HAL_DMAEx_ConfigMuxSync                           build/stm32g4xx_hal_dma_ex.o
HAL_DMAEx_DisableMuxRequestGenerator              build/stm32g4xx_hal_dma_ex.o
HAL_DMAEx_EnableMuxRequestGenerator               build/stm32g4xx_hal_dma_ex.o
HAL_DMAEx_MUX_IRQHandler                          build/stm32g4xx_hal_dma_ex.o
HAL_DMA_Abort                                     build/stm32g4xx_hal_dma.o
                                                  build/stm32g4xx_hal_spi.o
HAL_DMA_Abort_IT                                  build/stm32g4xx_hal_dma.o
                                                  build/stm32g4xx_hal_spi.o
                                                  build/stm32g4xx_hal_tim_ex.o
                                                  build/stm32g4xx_hal_tim.o
HAL_DMA_DeInit                                    build/stm32g4xx_hal_dma.o
HAL_DMA_GetError                                  build/stm32g4xx_hal_dma.o
HAL_DMA_GetState                                  build/stm32g4xx_hal_dma.o
HAL_DMA_IRQHandler                                build/stm32g4xx_hal_dma.o
HAL_DMA_Init                                      build/stm32g4xx_hal_dma.o
HAL_DMA_PollForTransfer                           build/stm32g4xx_hal_dma.o
HAL_DMA_RegisterCallback                          build/stm32g4xx_hal_dma.o
HAL_DMA_Start                                     build/stm32g4xx_hal_dma.o
HAL_DMA_Start_IT                                  build/stm32g4xx_hal_dma.o
                                                  build/stm32g4xx_hal_spi.o
                                                  build/stm32g4xx_hal_tim_ex.o
                                                  build/stm32g4xx_hal_tim.o
HAL_DMA_UnRegisterCallback                        build/stm32g4xx_hal_dma.o
HAL_DeInit                                        build/stm32g4xx_hal.o
HAL_Delay                                         build/stm32g4xx_hal.o
                                                  build/lcd.o
                                                  build/main.o
HAL_EXTI_ClearConfigLine                          build/stm32g4xx_hal_exti.o
HAL_EXTI_ClearPending                             build/stm32g4xx_hal_exti.o
HAL_EXTI_GenerateSWI                              build/stm32g4xx_hal_exti.o
HAL_EXTI_GetConfigLine                            build/stm32g4xx_hal_exti.o
HAL_EXTI_GetHandle                                build/stm32g4xx_hal_exti.o
HAL_EXTI_GetPending                               build/stm32g4xx_hal_exti.o
HAL_EXTI_IRQHandler                               build/stm32g4xx_hal_exti.o
HAL_EXTI_RegisterCallback                         build/stm32g4xx_hal_exti.o
HAL_EXTI_SetConfigLine                            build/stm32g4xx_hal_exti.o
HAL_FDCAN_AbortTxRequest                          build/stm32g4xx_hal_fdcan.o
                                                  build/main.o
HAL_FDCAN_ActivateNotification                    build/stm32g4xx_hal_fdcan.o
                                                  build/bsp_fdcan.o
HAL_FDCAN_AddMessageToTxFifoQ                     build/stm32g4xx_hal_fdcan.o
                                                  build/bsp_fdcan.o
HAL_FDCAN_ConfigExtendedIdMask                    build/stm32g4xx_hal_fdcan.o
HAL_FDCAN_ConfigFilter                            build/stm32g4xx_hal_fdcan.o
                                                  build/bsp_fdcan.o
HAL_FDCAN_ConfigGlobalFilter                      build/stm32g4xx_hal_fdcan.o
HAL_FDCAN_ConfigInterruptLines                    build/stm32g4xx_hal_fdcan.o
HAL_FDCAN_ConfigRamWatchdog                       build/stm32g4xx_hal_fdcan.o
HAL_FDCAN_ConfigRxFifoOverwrite                   build/stm32g4xx_hal_fdcan.o
HAL_FDCAN_ConfigTimeoutCounter                    build/stm32g4xx_hal_fdcan.o
HAL_FDCAN_ConfigTimestampCounter                  build/stm32g4xx_hal_fdcan.o
HAL_FDCAN_ConfigTxDelayCompensation               build/stm32g4xx_hal_fdcan.o
HAL_FDCAN_DeInit                                  build/stm32g4xx_hal_fdcan.o
HAL_FDCAN_DeactivateNotification                  build/stm32g4xx_hal_fdcan.o
HAL_FDCAN_DisableEdgeFiltering                    build/stm32g4xx_hal_fdcan.o
HAL_FDCAN_DisableISOMode                          build/stm32g4xx_hal_fdcan.o
HAL_FDCAN_DisableTimeoutCounter                   build/stm32g4xx_hal_fdcan.o
HAL_FDCAN_DisableTimestampCounter                 build/stm32g4xx_hal_fdcan.o
HAL_FDCAN_DisableTxDelayCompensation              build/stm32g4xx_hal_fdcan.o
HAL_FDCAN_EnableEdgeFiltering                     build/stm32g4xx_hal_fdcan.o
HAL_FDCAN_EnableISOMode                           build/stm32g4xx_hal_fdcan.o
HAL_FDCAN_EnableTimeoutCounter                    build/stm32g4xx_hal_fdcan.o
HAL_FDCAN_EnableTimestampCounter                  build/stm32g4xx_hal_fdcan.o
HAL_FDCAN_EnableTxDelayCompensation               build/stm32g4xx_hal_fdcan.o
HAL_FDCAN_EnterPowerDownMode                      build/stm32g4xx_hal_fdcan.o
HAL_FDCAN_ErrorCallback                           build/stm32g4xx_hal_fdcan.o
HAL_FDCAN_ErrorStatusCallback                     build/stm32g4xx_hal_fdcan.o
HAL_FDCAN_ExitPowerDownMode                       build/stm32g4xx_hal_fdcan.o
HAL_FDCAN_ExitRestrictedOperationMode             build/stm32g4xx_hal_fdcan.o
HAL_FDCAN_GetError                                build/stm32g4xx_hal_fdcan.o
HAL_FDCAN_GetErrorCounters                        build/stm32g4xx_hal_fdcan.o
HAL_FDCAN_GetHighPriorityMessageStatus            build/stm32g4xx_hal_fdcan.o
HAL_FDCAN_GetLatestTxFifoQRequestBuffer           build/stm32g4xx_hal_fdcan.o
HAL_FDCAN_GetProtocolStatus                       build/stm32g4xx_hal_fdcan.o
HAL_FDCAN_GetRxFifoFillLevel                      build/stm32g4xx_hal_fdcan.o
HAL_FDCAN_GetRxMessage                            build/stm32g4xx_hal_fdcan.o
                                                  build/bsp_fdcan.o
HAL_FDCAN_GetState                                build/stm32g4xx_hal_fdcan.o
HAL_FDCAN_GetTimeoutCounter                       build/stm32g4xx_hal_fdcan.o
HAL_FDCAN_GetTimestampCounter                     build/stm32g4xx_hal_fdcan.o
HAL_FDCAN_GetTxEvent                              build/stm32g4xx_hal_fdcan.o
HAL_FDCAN_GetTxFifoFreeLevel                      build/stm32g4xx_hal_fdcan.o
                                                  build/bsp_fdcan.o
HAL_FDCAN_HighPriorityMessageCallback             build/stm32g4xx_hal_fdcan.o
HAL_FDCAN_IRQHandler                              build/stm32g4xx_hal_fdcan.o
                                                  build/stm32g4xx_it.o
HAL_FDCAN_Init                                    build/stm32g4xx_hal_fdcan.o
                                                  build/fdcan.o
HAL_FDCAN_IsRestrictedOperationMode               build/stm32g4xx_hal_fdcan.o
HAL_FDCAN_IsTxBufferMessagePending                build/stm32g4xx_hal_fdcan.o
HAL_FDCAN_MspDeInit                               build/fdcan.o
HAL_FDCAN_MspInit                                 build/fdcan.o
HAL_FDCAN_ResetTimeoutCounter                     build/stm32g4xx_hal_fdcan.o
HAL_FDCAN_ResetTimestampCounter                   build/stm32g4xx_hal_fdcan.o
HAL_FDCAN_RxFifo0Callback                         build/bsp_fdcan.o
                                                  build/stm32g4xx_hal_fdcan.o
HAL_FDCAN_RxFifo1Callback                         build/stm32g4xx_hal_fdcan.o
HAL_FDCAN_Start                                   build/stm32g4xx_hal_fdcan.o
                                                  build/bsp_fdcan.o
HAL_FDCAN_Stop                                    build/stm32g4xx_hal_fdcan.o
                                                  build/bsp_fdcan.o
HAL_FDCAN_TimeoutOccurredCallback                 build/stm32g4xx_hal_fdcan.o
HAL_FDCAN_TimestampWraparoundCallback             build/stm32g4xx_hal_fdcan.o
HAL_FDCAN_TxBufferAbortCallback                   build/stm32g4xx_hal_fdcan.o
HAL_FDCAN_TxBufferCompleteCallback                build/stm32g4xx_hal_fdcan.o
HAL_FDCAN_TxEventFifoCallback                     build/stm32g4xx_hal_fdcan.o
HAL_FDCAN_TxFifoEmptyCallback                     build/stm32g4xx_hal_fdcan.o
HAL_FLASHEx_DisableDebugger                       build/stm32g4xx_hal_flash_ex.o
HAL_FLASHEx_DisableRunPowerDown                   build/stm32g4xx_hal_flash_ramfunc.o
HAL_FLASHEx_EnableDebugger                        build/stm32g4xx_hal_flash_ex.o
HAL_FLASHEx_EnableRunPowerDown                    build/stm32g4xx_hal_flash_ramfunc.o
HAL_FLASHEx_EnableSecMemProtection                build/stm32g4xx_hal_flash_ex.o
HAL_FLASHEx_Erase                                 build/stm32g4xx_hal_flash_ex.o
HAL_FLASHEx_Erase_IT                              build/stm32g4xx_hal_flash_ex.o
HAL_FLASHEx_OBGetConfig                           build/stm32g4xx_hal_flash_ex.o
HAL_FLASHEx_OBProgram                             build/stm32g4xx_hal_flash_ex.o
HAL_FLASHEx_OB_DBankConfig                        build/stm32g4xx_hal_flash_ramfunc.o
HAL_FLASH_EndOfOperationCallback                  build/stm32g4xx_hal_flash.o
HAL_FLASH_GetError                                build/stm32g4xx_hal_flash.o
HAL_FLASH_IRQHandler                              build/stm32g4xx_hal_flash.o
HAL_FLASH_Lock                                    build/stm32g4xx_hal_flash.o
HAL_FLASH_OB_Launch                               build/stm32g4xx_hal_flash.o
HAL_FLASH_OB_Lock                                 build/stm32g4xx_hal_flash.o
HAL_FLASH_OB_Unlock                               build/stm32g4xx_hal_flash.o
HAL_FLASH_OperationErrorCallback                  build/stm32g4xx_hal_flash.o
HAL_FLASH_Program                                 build/stm32g4xx_hal_flash.o
HAL_FLASH_Program_IT                              build/stm32g4xx_hal_flash.o
HAL_FLASH_Unlock                                  build/stm32g4xx_hal_flash.o
HAL_GPIO_DeInit                                   build/stm32g4xx_hal_gpio.o
                                                  build/spi.o
                                                  build/fdcan.o
HAL_GPIO_EXTI_Callback                            build/stm32g4xx_hal_gpio.o
HAL_GPIO_EXTI_IRQHandler                          build/stm32g4xx_hal_gpio.o
HAL_GPIO_Init                                     build/stm32g4xx_hal_gpio.o
                                                  build/spi.o
                                                  build/stm32g4xx_hal_rcc_ex.o
                                                  build/stm32g4xx_hal_rcc.o
                                                  build/fdcan.o
                                                  build/gpio.o
HAL_GPIO_LockPin                                  build/stm32g4xx_hal_gpio.o
HAL_GPIO_ReadPin                                  build/stm32g4xx_hal_gpio.o
HAL_GPIO_TogglePin                                build/stm32g4xx_hal_gpio.o
HAL_GPIO_WritePin                                 build/stm32g4xx_hal_gpio.o
                                                  build/lcd.o
                                                  build/gpio.o
HAL_GetDEVID                                      build/stm32g4xx_hal.o
HAL_GetHalVersion                                 build/stm32g4xx_hal.o
HAL_GetREVID                                      build/stm32g4xx_hal.o
HAL_GetTick                                       build/stm32g4xx_hal.o
                                                  build/stm32g4xx_hal_spi.o
                                                  build/stm32g4xx_hal_tim_ex.o
                                                  build/stm32g4xx_hal_dma.o
                                                  build/stm32g4xx_hal_flash.o
                                                  build/stm32g4xx_hal_rcc_ex.o
                                                  build/stm32g4xx_hal_rcc.o
                                                  build/stm32g4xx_hal_fdcan.o
HAL_GetTickFreq                                   build/stm32g4xx_hal.o
HAL_GetTickPrio                                   build/stm32g4xx_hal.o
HAL_GetUIDw0                                      build/stm32g4xx_hal.o
HAL_GetUIDw1                                      build/stm32g4xx_hal.o
HAL_GetUIDw2                                      build/stm32g4xx_hal.o
HAL_IncTick                                       build/stm32g4xx_hal.o
                                                  build/stm32g4xx_it.o
HAL_Init                                          build/stm32g4xx_hal.o
                                                  build/main.o
HAL_InitTick                                      build/stm32g4xx_hal.o
                                                  build/stm32g4xx_hal_rcc.o
HAL_MPU_ConfigRegion                              build/stm32g4xx_hal_cortex.o
HAL_MPU_Disable                                   build/stm32g4xx_hal_cortex.o
HAL_MPU_Enable                                    build/stm32g4xx_hal_cortex.o
HAL_MspDeInit                                     build/stm32g4xx_hal.o
HAL_MspInit                                       build/stm32g4xx_hal_msp.o
HAL_NVIC_ClearPendingIRQ                          build/stm32g4xx_hal_cortex.o
HAL_NVIC_DisableIRQ                               build/stm32g4xx_hal_cortex.o
                                                  build/tim.o
                                                  build/fdcan.o
HAL_NVIC_EnableIRQ                                build/stm32g4xx_hal_cortex.o
                                                  build/tim.o
                                                  build/fdcan.o
HAL_NVIC_GetActive                                build/stm32g4xx_hal_cortex.o
HAL_NVIC_GetPendingIRQ                            build/stm32g4xx_hal_cortex.o
HAL_NVIC_GetPriority                              build/stm32g4xx_hal_cortex.o
HAL_NVIC_GetPriorityGrouping                      build/stm32g4xx_hal_cortex.o
HAL_NVIC_SetPendingIRQ                            build/stm32g4xx_hal_cortex.o
HAL_NVIC_SetPriority                              build/stm32g4xx_hal_cortex.o
                                                  build/stm32g4xx_hal.o
                                                  build/tim.o
                                                  build/fdcan.o
HAL_NVIC_SetPriorityGrouping                      build/stm32g4xx_hal_cortex.o
                                                  build/stm32g4xx_hal.o
HAL_NVIC_SystemReset                              build/stm32g4xx_hal_cortex.o
HAL_PWREx_ConfigPVM                               build/stm32g4xx_hal_pwr_ex.o
HAL_PWREx_ControlVoltageScaling                   build/stm32g4xx_hal_pwr_ex.o
                                                  build/main.o
HAL_PWREx_DisableBatteryCharging                  build/stm32g4xx_hal_pwr_ex.o
HAL_PWREx_DisableGPIOPullDown                     build/stm32g4xx_hal_pwr_ex.o
HAL_PWREx_DisableGPIOPullUp                       build/stm32g4xx_hal_pwr_ex.o
HAL_PWREx_DisableInternalWakeUpLine               build/stm32g4xx_hal_pwr_ex.o
HAL_PWREx_DisableLowPowerRunMode                  build/stm32g4xx_hal_pwr_ex.o
                                                  build/stm32g4xx_hal_pwr.o
HAL_PWREx_DisablePVM1                             build/stm32g4xx_hal_pwr_ex.o
HAL_PWREx_DisablePVM2                             build/stm32g4xx_hal_pwr_ex.o
HAL_PWREx_DisablePVM3                             build/stm32g4xx_hal_pwr_ex.o
HAL_PWREx_DisablePVM4                             build/stm32g4xx_hal_pwr_ex.o
HAL_PWREx_DisablePullUpPullDownConfig             build/stm32g4xx_hal_pwr_ex.o
HAL_PWREx_DisableSRAM2ContentRetention            build/stm32g4xx_hal_pwr_ex.o
HAL_PWREx_DisableUCPDDeadBattery                  build/stm32g4xx_hal_pwr_ex.o
                                                  build/stm32g4xx_hal_msp.o
HAL_PWREx_DisableUCPDStandbyMode                  build/stm32g4xx_hal_pwr_ex.o
HAL_PWREx_EnableBatteryCharging                   build/stm32g4xx_hal_pwr_ex.o
HAL_PWREx_EnableGPIOPullDown                      build/stm32g4xx_hal_pwr_ex.o
HAL_PWREx_EnableGPIOPullUp                        build/stm32g4xx_hal_pwr_ex.o
HAL_PWREx_EnableInternalWakeUpLine                build/stm32g4xx_hal_pwr_ex.o
HAL_PWREx_EnableLowPowerRunMode                   build/stm32g4xx_hal_pwr_ex.o
                                                  build/stm32g4xx_hal_pwr.o
HAL_PWREx_EnablePVM1                              build/stm32g4xx_hal_pwr_ex.o
HAL_PWREx_EnablePVM2                              build/stm32g4xx_hal_pwr_ex.o
HAL_PWREx_EnablePVM3                              build/stm32g4xx_hal_pwr_ex.o
HAL_PWREx_EnablePVM4                              build/stm32g4xx_hal_pwr_ex.o
HAL_PWREx_EnablePullUpPullDownConfig              build/stm32g4xx_hal_pwr_ex.o
HAL_PWREx_EnableSRAM2ContentRetention             build/stm32g4xx_hal_pwr_ex.o
HAL_PWREx_EnableUCPDDeadBattery                   build/stm32g4xx_hal_pwr_ex.o
HAL_PWREx_EnableUCPDStandbyMode                   build/stm32g4xx_hal_pwr_ex.o
HAL_PWREx_EnterSHUTDOWNMode                       build/stm32g4xx_hal_pwr_ex.o
HAL_PWREx_EnterSTOP0Mode                          build/stm32g4xx_hal_pwr_ex.o
                                                  build/stm32g4xx_hal_pwr.o
HAL_PWREx_EnterSTOP1Mode                          build/stm32g4xx_hal_pwr_ex.o
                                                  build/stm32g4xx_hal_pwr.o
HAL_PWREx_GetVoltageRange                         build/stm32g4xx_hal_pwr_ex.o
HAL_PWREx_PVD_PVM_IRQHandler                      build/stm32g4xx_hal_pwr_ex.o
HAL_PWREx_PVM1Callback                            build/stm32g4xx_hal_pwr_ex.o
HAL_PWREx_PVM2Callback                            build/stm32g4xx_hal_pwr_ex.o
HAL_PWREx_PVM3Callback                            build/stm32g4xx_hal_pwr_ex.o
HAL_PWREx_PVM4Callback                            build/stm32g4xx_hal_pwr_ex.o
HAL_PWR_ConfigPVD                                 build/stm32g4xx_hal_pwr.o
HAL_PWR_DeInit                                    build/stm32g4xx_hal_pwr.o
HAL_PWR_DisableBkUpAccess                         build/stm32g4xx_hal_pwr.o
                                                  build/stm32g4xx_hal_rcc_ex.o
HAL_PWR_DisablePVD                                build/stm32g4xx_hal_pwr.o
HAL_PWR_DisableSEVOnPend                          build/stm32g4xx_hal_pwr.o
HAL_PWR_DisableSleepOnExit                        build/stm32g4xx_hal_pwr.o
HAL_PWR_DisableWakeUpPin                          build/stm32g4xx_hal_pwr.o
HAL_PWR_EnableBkUpAccess                          build/stm32g4xx_hal_pwr.o
                                                  build/stm32g4xx_hal_rcc_ex.o
HAL_PWR_EnablePVD                                 build/stm32g4xx_hal_pwr.o
HAL_PWR_EnableSEVOnPend                           build/stm32g4xx_hal_pwr.o
HAL_PWR_EnableSleepOnExit                         build/stm32g4xx_hal_pwr.o
HAL_PWR_EnableWakeUpPin                           build/stm32g4xx_hal_pwr.o
HAL_PWR_EnterSLEEPMode                            build/stm32g4xx_hal_pwr.o
HAL_PWR_EnterSTANDBYMode                          build/stm32g4xx_hal_pwr.o
HAL_PWR_EnterSTOPMode                             build/stm32g4xx_hal_pwr.o
HAL_PWR_PVDCallback                               build/stm32g4xx_hal_pwr.o
                                                  build/stm32g4xx_hal_pwr_ex.o
HAL_RCCEx_CRSConfig                               build/stm32g4xx_hal_rcc_ex.o
HAL_RCCEx_CRSGetSynchronizationInfo               build/stm32g4xx_hal_rcc_ex.o
HAL_RCCEx_CRSSoftwareSynchronizationGenerate      build/stm32g4xx_hal_rcc_ex.o
HAL_RCCEx_CRSWaitSynchronization                  build/stm32g4xx_hal_rcc_ex.o
HAL_RCCEx_CRS_ErrorCallback                       build/stm32g4xx_hal_rcc_ex.o
HAL_RCCEx_CRS_ExpectedSyncCallback                build/stm32g4xx_hal_rcc_ex.o
HAL_RCCEx_CRS_IRQHandler                          build/stm32g4xx_hal_rcc_ex.o
HAL_RCCEx_CRS_SyncOkCallback                      build/stm32g4xx_hal_rcc_ex.o
HAL_RCCEx_CRS_SyncWarnCallback                    build/stm32g4xx_hal_rcc_ex.o
HAL_RCCEx_DisableLSCO                             build/stm32g4xx_hal_rcc_ex.o
HAL_RCCEx_DisableLSECSS                           build/stm32g4xx_hal_rcc_ex.o
HAL_RCCEx_EnableLSCO                              build/stm32g4xx_hal_rcc_ex.o
HAL_RCCEx_EnableLSECSS                            build/stm32g4xx_hal_rcc_ex.o
HAL_RCCEx_EnableLSECSS_IT                         build/stm32g4xx_hal_rcc_ex.o
HAL_RCCEx_GetPeriphCLKConfig                      build/stm32g4xx_hal_rcc_ex.o
HAL_RCCEx_GetPeriphCLKFreq                        build/stm32g4xx_hal_rcc_ex.o
HAL_RCCEx_LSECSS_Callback                         build/stm32g4xx_hal_rcc_ex.o
HAL_RCCEx_LSECSS_IRQHandler                       build/stm32g4xx_hal_rcc_ex.o
HAL_RCCEx_PeriphCLKConfig                         build/stm32g4xx_hal_rcc_ex.o
                                                  build/fdcan.o
HAL_RCC_CSSCallback                               build/stm32g4xx_hal_rcc.o
HAL_RCC_ClockConfig                               build/stm32g4xx_hal_rcc.o
                                                  build/main.o
HAL_RCC_DeInit                                    build/stm32g4xx_hal_rcc.o
HAL_RCC_DisableLSECSS                             build/stm32g4xx_hal_rcc.o
HAL_RCC_EnableCSS                                 build/stm32g4xx_hal_rcc.o
HAL_RCC_EnableLSECSS                              build/stm32g4xx_hal_rcc.o
HAL_RCC_GetClockConfig                            build/stm32g4xx_hal_rcc.o
HAL_RCC_GetHCLKFreq                               build/stm32g4xx_hal_rcc.o
HAL_RCC_GetOscConfig                              build/stm32g4xx_hal_rcc.o
HAL_RCC_GetPCLK1Freq                              build/stm32g4xx_hal_rcc.o
                                                  build/stm32g4xx_hal_rcc_ex.o
HAL_RCC_GetPCLK2Freq                              build/stm32g4xx_hal_rcc.o
                                                  build/stm32g4xx_hal_rcc_ex.o
HAL_RCC_GetSysClockFreq                           build/stm32g4xx_hal_rcc.o
                                                  build/stm32g4xx_hal_rcc_ex.o
HAL_RCC_MCOConfig                                 build/stm32g4xx_hal_rcc.o
HAL_RCC_NMI_IRQHandler                            build/stm32g4xx_hal_rcc.o
HAL_RCC_OscConfig                                 build/stm32g4xx_hal_rcc.o
                                                  build/main.o
HAL_ResumeTick                                    build/stm32g4xx_hal.o
HAL_SPIEx_FlushRxFifo                             build/stm32g4xx_hal_spi_ex.o
HAL_SPI_Abort                                     build/stm32g4xx_hal_spi.o
HAL_SPI_AbortCpltCallback                         build/stm32g4xx_hal_spi.o
HAL_SPI_Abort_IT                                  build/stm32g4xx_hal_spi.o
HAL_SPI_DMAPause                                  build/stm32g4xx_hal_spi.o
HAL_SPI_DMAResume                                 build/stm32g4xx_hal_spi.o
HAL_SPI_DMAStop                                   build/stm32g4xx_hal_spi.o
HAL_SPI_DeInit                                    build/stm32g4xx_hal_spi.o
HAL_SPI_ErrorCallback                             build/stm32g4xx_hal_spi.o
HAL_SPI_GetError                                  build/stm32g4xx_hal_spi.o
HAL_SPI_GetState                                  build/stm32g4xx_hal_spi.o
HAL_SPI_IRQHandler                                build/stm32g4xx_hal_spi.o
HAL_SPI_Init                                      build/stm32g4xx_hal_spi.o
                                                  build/spi.o
HAL_SPI_MspDeInit                                 build/spi.o
HAL_SPI_MspInit                                   build/spi.o
HAL_SPI_Receive                                   build/stm32g4xx_hal_spi.o
HAL_SPI_Receive_DMA                               build/stm32g4xx_hal_spi.o
HAL_SPI_Receive_IT                                build/stm32g4xx_hal_spi.o
HAL_SPI_RxCpltCallback                            build/stm32g4xx_hal_spi.o
HAL_SPI_RxHalfCpltCallback                        build/stm32g4xx_hal_spi.o
HAL_SPI_Transmit                                  build/stm32g4xx_hal_spi.o
                                                  build/lcd.o
HAL_SPI_TransmitReceive                           build/stm32g4xx_hal_spi.o